Component: ARM Compiler 5.06 update 7 (build 960) Tool: armlink [4d3601]

==============================================================================

Section Cross References

    main.o(i.HAL_TIM_PeriodElapsedCallback) refers to stm32f4xx_hal.o(i.HAL_IncTick) for HAL_IncTick
    main.o(i.SystemClock_Config) refers to rt_memclr_w.o(.text) for __aeabi_memclr4
    main.o(i.SystemClock_Config) refers to stm32f4xx_hal_rcc.o(i.HAL_RCC_OscConfig) for HAL_RCC_OscConfig
    main.o(i.SystemClock_Config) refers to stm32f4xx_hal_rcc.o(i.HAL_RCC_ClockConfig) for HAL_RCC_ClockConfig
    main.o(i.main) refers to stm32f4xx_hal.o(i.HAL_Init) for HAL_Init
    main.o(i.main) refers to main.o(i.SystemClock_Config) for SystemClock_Config
    main.o(i.main) refers to gpio.o(i.MX_GPIO_Init) for MX_GPIO_Init
    main.o(i.main) refers to dma.o(i.MX_DMA_Init) for MX_DMA_Init
    main.o(i.main) refers to can.o(i.MX_CAN1_Init) for MX_CAN1_Init
    main.o(i.main) refers to can.o(i.MX_CAN2_Init) for MX_CAN2_Init
    main.o(i.main) refers to usart.o(i.MX_USART1_UART_Init) for MX_USART1_UART_Init
    main.o(i.main) refers to usart.o(i.MX_USART2_UART_Init) for MX_USART2_UART_Init
    main.o(i.main) refers to usart.o(i.MX_UART4_Init) for MX_UART4_Init
    main.o(i.main) refers to usart.o(i.MX_USART3_UART_Init) for MX_USART3_UART_Init
    main.o(i.main) refers to usart.o(i.MX_UART5_Init) for MX_UART5_Init
    main.o(i.main) refers to usart.o(i.MX_USART6_UART_Init) for MX_USART6_UART_Init
    main.o(i.main) refers to tim.o(i.MX_TIM2_Init) for MX_TIM2_Init
    main.o(i.main) refers to tim.o(i.MX_TIM8_Init) for MX_TIM8_Init
    main.o(i.main) refers to tim.o(i.MX_TIM1_Init) for MX_TIM1_Init
    main.o(i.main) refers to driver.o(i.Driver_Init) for Driver_Init
    main.o(i.main) refers to pid.o(i.Motor_Init) for Motor_Init
    main.o(i.main) refers to system.o(i.Time_Init) for Time_Init
    main.o(i.main) refers to chassis_task.o(i.Chassis_InitPID) for Chassis_InitPID
    main.o(i.main) refers to freertos.o(i.MX_FREERTOS_Init) for MX_FREERTOS_Init
    main.o(i.main) refers to cmsis_os.o(i.osKernelStart) for osKernelStart
    freertos.o(i.CHASSIS_TASK) refers to tasks.o(i.xTaskGetTickCount) for xTaskGetTickCount
    freertos.o(i.CHASSIS_TASK) refers to chassis_task.o(i.Chassis_Task) for Chassis_Task
    freertos.o(i.CHASSIS_TASK) refers to tasks.o(i.vTaskDelayUntil) for vTaskDelayUntil
    freertos.o(i.GIMBAL_TASK) refers to tasks.o(i.xTaskGetTickCount) for xTaskGetTickCount
    freertos.o(i.GIMBAL_TASK) refers to hi229.o(i.IMU_get) for IMU_get
    freertos.o(i.GIMBAL_TASK) refers to gimbal_task.o(i.Gimbal_Task) for Gimbal_Task
    freertos.o(i.GIMBAL_TASK) refers to tasks.o(i.vTaskDelayUntil) for vTaskDelayUntil
    freertos.o(i.MX_FREERTOS_Init) refers to rt_memcpy_w.o(.text) for __aeabi_memcpy4
    freertos.o(i.MX_FREERTOS_Init) refers to cmsis_os.o(i.osThreadCreate) for osThreadCreate
    freertos.o(i.MX_FREERTOS_Init) refers to freertos.o(.constdata) for .constdata
    freertos.o(i.MX_FREERTOS_Init) refers to freertos.o(.data) for .data
    freertos.o(i.SYSTEM_STATE_TASK) refers to system.o(i.System_State) for System_State
    freertos.o(i.SYSTEM_STATE_TASK) refers to remote_control.o(i.RC_State_Report) for RC_State_Report
    freertos.o(i.SYSTEM_STATE_TASK) refers to hi229.o(i.IMU_State_Report) for IMU_State_Report
    freertos.o(i.SYSTEM_STATE_TASK) refers to system_task.o(i.State_LED) for State_LED
    freertos.o(i.SYSTEM_STATE_TASK) refers to tasks.o(i.vTaskDelay) for vTaskDelay
    freertos.o(i.StartDefaultTask) refers to cmsis_os.o(i.osDelay) for osDelay
    freertos.o(i.vApplicationGetIdleTaskMemory) refers to freertos.o(.bss) for .bss
    freertos.o(.constdata) refers to freertos.o(.conststring) for .conststring
    freertos.o(.constdata) refers to freertos.o(i.StartDefaultTask) for StartDefaultTask
    freertos.o(.constdata) refers to freertos.o(i.SYSTEM_STATE_TASK) for SYSTEM_STATE_TASK
    freertos.o(.constdata) refers to freertos.o(i.CHASSIS_TASK) for CHASSIS_TASK
    freertos.o(.constdata) refers to freertos.o(i.GIMBAL_TASK) for GIMBAL_TASK
    can.o(i.HAL_CAN_MspDeInit) refers to stm32f4xx_hal_gpio.o(i.HAL_GPIO_DeInit) for HAL_GPIO_DeInit
    can.o(i.HAL_CAN_MspDeInit) refers to stm32f4xx_hal_cortex.o(i.HAL_NVIC_DisableIRQ) for HAL_NVIC_DisableIRQ
    can.o(i.HAL_CAN_MspDeInit) refers to can.o(.data) for .data
    can.o(i.HAL_CAN_MspInit) refers to rt_memclr_w.o(.text) for __aeabi_memclr4
    can.o(i.HAL_CAN_MspInit) refers to stm32f4xx_hal_gpio.o(i.HAL_GPIO_Init) for HAL_GPIO_Init
    can.o(i.HAL_CAN_MspInit) refers to stm32f4xx_hal_cortex.o(i.HAL_NVIC_SetPriority) for HAL_NVIC_SetPriority
    can.o(i.HAL_CAN_MspInit) refers to stm32f4xx_hal_cortex.o(i.HAL_NVIC_EnableIRQ) for HAL_NVIC_EnableIRQ
    can.o(i.HAL_CAN_MspInit) refers to can.o(.data) for .data
    can.o(i.MX_CAN1_Init) refers to stm32f4xx_hal_can.o(i.HAL_CAN_Init) for HAL_CAN_Init
    can.o(i.MX_CAN1_Init) refers to main.o(i.Error_Handler) for Error_Handler
[...]
    __scatterload_zeroinit                   0x08000221   Thumb Code    28  __scatter_zi.o(!!handler_zi)
    __rt_lib_init                            0x0800023d   Thumb Code     0  libinit.o(.ARM.Collect$$libinit$$00000000)
    __rt_lib_init_fp_1                       0x0800023f   Thumb Code     0  libinit2.o(.ARM.Collect$$libinit$$00000001)
    __rt_lib_init_alloca_1                   0x08000243   Thumb Code     0  libinit2.o(.ARM.Collect$$libinit$$0000002E)
    __rt_lib_init_argv_1                     0x08000243   Thumb Code     0  libinit2.o(.ARM.Collect$$libinit$$0000002C)
    __rt_lib_init_atexit_1                   0x08000243   Thumb Code     0  libinit2.o(.ARM.Collect$$libinit$$0000001B)
    __rt_lib_init_clock_1                    0x08000243   Thumb Code     0  libinit2.o(.ARM.Collect$$libinit$$00000021)
    __rt_lib_init_cpp_1                      0x08000243   Thumb Code     0  libinit2.o(.ARM.Collect$$libinit$$00000032)
    __rt_lib_init_exceptions_1               0x08000243   Thumb Code     0  libinit2.o(.ARM.Collect$$libinit$$00000030)
    __rt_lib_init_fp_trap_1                  0x08000243   Thumb Code     0  libinit2.o(.ARM.Collect$$libinit$$0000001F)
    __rt_lib_init_getenv_1                   0x08000243   Thumb Code     0  libinit2.o(.ARM.Collect$$libinit$$00000023)
    __rt_lib_init_heap_1                     0x08000243   Thumb Code     0  libinit2.o(.ARM.Collect$$libinit$$0000000A)
    __rt_lib_init_lc_collate_1               0x08000243   Thumb Code     0  libinit2.o(.ARM.Collect$$libinit$$00000011)
    __rt_lib_init_lc_ctype_1                 0x08000243   Thumb Code     0  libinit2.o(.ARM.Collect$$libinit$$00000013)
    __rt_lib_init_lc_monetary_1              0x08000243   Thumb Code     0  libinit2.o(.ARM.Collect$$libinit$$00000015)
    __rt_lib_init_lc_numeric_1               0x08000243   Thumb Code     0  libinit2.o(.ARM.Collect$$libinit$$00000017)
    __rt_lib_init_lc_time_1                  0x08000243   Thumb Code     0  libinit2.o(.ARM.Collect$$libinit$$00000019)
    __rt_lib_init_preinit_1                  0x08000243   Thumb Code     0  libinit2.o(.ARM.Collect$$libinit$$00000004)
    __rt_lib_init_rand_1                     0x08000243   Thumb Code     0  libinit2.o(.ARM.Collect$$libinit$$0000000E)
    __rt_lib_init_return                     0x08000243   Thumb Code     0  libinit2.o(.ARM.Collect$$libinit$$00000033)
    __rt_lib_init_signal_1                   0x08000243   Thumb Code     0  libinit2.o(.ARM.Collect$$libinit$$0000001D)
    __rt_lib_init_stdio_1                    0x08000243   Thumb Code     0  libinit2.o(.ARM.Collect$$libinit$$00000025)
    __rt_lib_init_user_alloc_1               0x08000243   Thumb Code     0  libinit2.o(.ARM.Collect$$libinit$$0000000C)
    __rt_lib_shutdown                        0x08000245   Thumb Code     0  libshutdown.o(.ARM.Collect$$libshutdown$$00000000)
    __rt_lib_shutdown_cpp_1                  0x08000247   Thumb Code     0  libshutdown2.o(.ARM.Collect$$libshutdown$$00000004)
    __rt_lib_shutdown_fini_1                 0x08000247   Thumb Code     0  libshutdown2.o(.ARM.Collect$$libshutdown$$00000002)
    __rt_lib_shutdown_fp_trap_1              0x08000247   Thumb Code     0  libshutdown2.o(.ARM.Collect$$libshutdown$$00000009)
    __rt_lib_shutdown_heap_1                 0x08000247   Thumb Code     0  libshutdown2.o(.ARM.Collect$$libshutdown$$00000011)
    __rt_lib_shutdown_return                 0x08000247   Thumb Code     0  libshutdown2.o(.ARM.Collect$$libshutdown$$00000012)
    __rt_lib_shutdown_signal_1               0x08000247   Thumb Code     0  libshutdown2.o(.ARM.Collect$$libshutdown$$0000000C)
    __rt_lib_shutdown_stdio_1                0x08000247   Thumb Code     0  libshutdown2.o(.ARM.Collect$$libshutdown$$00000006)
    __rt_lib_shutdown_user_alloc_1           0x08000247   Thumb Code     0  libshutdown2.o(.ARM.Collect$$libshutdown$$0000000E)
    __rt_entry                               0x08000249   Thumb Code     0  __rtentry.o(.ARM.Collect$$rtentry$$00000000)
    __rt_entry_presh_1                       0x08000249   Thumb Code     0  __rtentry2.o(.ARM.Collect$$rtentry$$00000002)
    __rt_entry_sh                            0x08000249   Thumb Code     0  __rtentry4.o(.ARM.Collect$$rtentry$$00000004)
    __rt_entry_li                            0x0800024f   Thumb Code     0  __rtentry2.o(.ARM.Collect$$rtentry$$0000000A)
    __rt_entry_postsh_1                      0x0800024f   Thumb Code     0  __rtentry2.o(.ARM.Collect$$rtentry$$00000009)
    __rt_entry_main                          0x08000253   Thumb Code     0  __rtentry2.o(.ARM.Collect$$rtentry$$0000000D)
    __rt_entry_postli_1                      0x08000253   Thumb Code     0  __rtentry2.o(.ARM.Collect$$rtentry$$0000000C)
    __rt_exit                                0x0800025b   Thumb Code     0  rtexit.o(.ARM.Collect$$rtexit$$00000000)
    __rt_exit_ls                             0x0800025d   Thumb Code     0  rtexit2.o(.ARM.Collect$$rtexit$$00000003)
    __rt_exit_prels_1                        0x0800025d   Thumb Code     0  rtexit2.o(.ARM.Collect$$rtexit$$00000002)
    __rt_exit_exit                           0x08000261   Thumb Code     0  rtexit2.o(.ARM.Collect$$rtexit$$00000004)
    SVC_Handler                              0x08000269   Thumb Code    28  port.o(.emb_text)
    __asm___6_port_c_39a90d8d__prvStartFirstTask 0x08000289   Thumb Code    36  port.o(.emb_text)
    __asm___6_port_c_39a90d8d__prvEnableVFP  0x080002b1   Thumb Code    16  port.o(.emb_text)
    PendSV_Handler                           0x080002c5   Thumb Code    88  port.o(.emb_text)
    vPortGetIPSR                             0x08000321   Thumb Code     6  port.o(.emb_text)
    Reset_Handler                            0x08000329   Thumb Code     8  startup_stm32f405xx.o(.text)
    ADC_IRQHandler                           0x08000343   Thumb Code     0  startup_stm32f405xx.o(.text)
    CAN1_RX1_IRQHandler                      0x08000343   Thumb Code     0  startup_stm32f405xx.o(.text)
    CAN1_SCE_IRQHandler                      0x08000343   Thumb Code     0  startup_stm32f405xx.o(.text)
    CAN1_TX_IRQHandler                       0x08000343   Thumb Code     0  startup_stm32f405xx.o(.text)
    CAN2_RX1_IRQHandler                      0x08000343   Thumb Code     0  startup_stm32f405xx.o(.text)
    CAN2_SCE_IRQHandler                      0x08000343   Thumb Code     0  startup_stm32f405xx.o(.text)
    CAN2_TX_IRQHandler                       0x08000343   Thumb Code     0  startup_stm32f405xx.o(.text)
    DMA1_Stream3_IRQHandler                  0x08000343   Thumb Code     0  startup_stm32f405xx.o(.text)
    DMA1_Stream4_IRQHandler                  0x08000343   Thumb Code     0  startup_stm32f405xx.o(.text)
    DMA1_Stream6_IRQHandler                  0x08000343   Thumb Code     0  startup_stm32f405xx.o(.text)
    DMA1_Stream7_IRQHandler                  0x08000343   Thumb Code     0  startup_stm32f405xx.o(.text)
    DMA2_Stream0_IRQHandler                  0x08000343   Thumb Code     0  startup_stm32f405xx.o(.text)
    DMA2_Stream3_IRQHandler                  0x08000343   Thumb Code     0  startup_stm32f405xx.o(.text)
    DMA2_Stream4_IRQHandler                  0x08000343   Thumb Code     0  startup_stm32f405xx.o(.text)
    DMA2_Stream5_IRQHandler                  0x08000343   Thumb Code     0  startup_stm32f405xx.o(.text)
    DMA2_Stream6_IRQHandler                  0x08000343   Thumb Code     0  startup_stm32f405xx.o(.text)
    DMA2_Stream7_IRQHandler                  0x08000343   Thumb Code     0  startup_stm32f405xx.o(.text)
    EXTI0_IRQHandler                         0x08000343   Thumb Code     0  startup_stm32f405xx.o(.text)
    EXTI15_10_IRQHandler                     0x08000343   Thumb Code     0  startup_stm32f405xx.o(.text)
    EXTI1_IRQHandler                         0x08000343   Thumb Code     0  startup_stm32f405xx.o(.text)
    EXTI2_IRQHandler                         0x08000343   Thumb Code     0  startup_stm32f405xx.o(.text)
    EXTI3_IRQHandler                         0x08000343   Thumb Code     0  startup_stm32f405xx.o(.text)
    EXTI4_IRQHandler                         0x08000343   Thumb Code     0  startup_stm32f405xx.o(.text)
    EXTI9_5_IRQHandler                       0x08000343   Thumb Code     0  startup_stm32f405xx.o(.text)
    FLASH_IRQHandler                         0x08000343   Thumb Code     0  startup_stm32f405xx.o(.text)
    FMC_IRQHandler                           0x08000343   Thumb Code     0  startup_stm32f405xx.o(.text)
    FPU_IRQHandler                           0x08000343   Thumb Code     0  startup_stm32f405xx.o(.text)
    HASH_RNG_IRQHandler                      0x08000343   Thumb Code     0  startup_stm32f405xx.o(.text)
    I2C1_ER_IRQHandler                       0x08000343   Thumb Code     0  startup_stm32f405xx.o(.text)
    I2C1_EV_IRQHandler                       0x08000343   Thumb Code     0  startup_stm32f405xx.o(.text)
    I2C2_ER_IRQHandler                       0x08000343   Thumb Code     0  startup_stm32f405xx.o(.text)
    I2C2_EV_IRQHandler                       0x08000343   Thumb Code     0  startup_stm32f405xx.o(.text)
    I2C3_ER_IRQHandler                       0x08000343   Thumb Code     0  startup_stm32f405xx.o(.text)
    I2C3_EV_IRQHandler                       0x08000343   Thumb Code     0  startup_stm32f405xx.o(.text)
    OTG_FS_IRQHandler                        0x08000343   Thumb Code     0  startup_stm32f405xx.o(.text)
    OTG_FS_WKUP_IRQHandler                   0x08000343   Thumb Code     0  startup_stm32f405xx.o(.text)
    OTG_HS_EP1_IN_IRQHandler                 0x08000343   Thumb Code     0  startup_stm32f405xx.o(.text)
    OTG_HS_EP1_OUT_IRQHandler                0x08000343   Thumb Code     0  startup_stm32f405xx.o(.text)
    OTG_HS_IRQHandler                        0x08000343   Thumb Code     0  startup_stm32f405xx.o(.text)
    OTG_HS_WKUP_IRQHandler                   0x08000343   Thumb Code     0  startup_stm32f405xx.o(.text)
    PVD_IRQHandler                           0x08000343   Thumb Code     0  startup_stm32f405xx.o(.text)
    RCC_IRQHandler                           0x08000343   Thumb Code     0  startup_stm32f405xx.o(.text)
    RTC_Alarm_IRQHandler                     0x08000343   Thumb Code     0  startup_stm32f405xx.o(.text)
    RTC_WKUP_IRQHandler                      0x08000343   Thumb Code     0  startup_stm32f405xx.o(.text)
    SDIO_IRQHandler                          0x08000343   Thumb Code     0  startup_stm32f405xx.o(.text)
    SPI1_IRQHandler                          0x08000343   Thumb Code     0  startup_stm32f405xx.o(.text)
    SPI2_IRQHandler                          0x08000343   Thumb Code     0  startup_stm32f405xx.o(.text)
    SPI3_IRQHandler                          0x08000343   Thumb Code     0  startup_stm32f405xx.o(.text)
    TAMP_STAMP_IRQHandler                    0x08000343   Thumb Code     0  startup_stm32f405xx.o(.text)
    TIM1_BRK_TIM9_IRQHandler                 0x08000343   Thumb Code     0  startup_stm32f405xx.o(.text)
    TIM1_CC_IRQHandler                       0x08000343   Thumb Code     0  startup_stm32f405xx.o(.text)
    TIM1_TRG_COM_TIM11_IRQHandler            0x08000343   Thumb Code     0  startup_stm32f405xx.o(.text)
    TIM1_UP_TIM10_IRQHandler                 0x08000343   Thumb Code     0  startup_stm32f405xx.o(.text)
    TIM3_IRQHandler                          0x08000343   Thumb Code     0  startup_stm32f405xx.o(.text)
    TIM4_IRQHandler                          0x08000343   Thumb Code     0  startup_stm32f405xx.o(.text)
    TIM5_IRQHandler                          0x08000343   Thumb Code     0  startup_stm32f405xx.o(.text)
    TIM6_DAC_IRQHandler                      0x08000343   Thumb Code     0  startup_stm32f405xx.o(.text)
    TIM7_IRQHandler                          0x08000343   Thumb Code     0  startup_stm32f405xx.o(.text)
    TIM8_BRK_TIM12_IRQHandler                0x08000343   Thumb Code     0  startup_stm32f405xx.o(.text)
    TIM8_CC_IRQHandler                       0x08000343   Thumb Code     0  startup_stm32f405xx.o(.text)
    TIM8_UP_TIM13_IRQHandler                 0x08000343   Thumb Code     0  startup_stm32f405xx.o(.text)
    WWDG_IRQHandler                          0x08000343   Thumb Code     0  startup_stm32f405xx.o(.text)
    __user_initial_stackheap                 0x08000345   Thumb Code     0  startup_stm32f405xx.o(.text)
    __aeabi_uldivmod                         0x08000369   Thumb Code     0  lludivv7m.o(.text)
    _ll_udiv                                 0x08000369   Thumb Code   238  lludivv7m.o(.text)
    __aeabi_memcpy                           0x08000457   Thumb Code     0  rt_memcpy_v6.o(.text)
    __rt_memcpy                              0x08000457   Thumb Code   138  rt_memcpy_v6.o(.text)
    _memcpy_lastbytes                        0x080004bd   Thumb Code     0  rt_memcpy_v6.o(.text)
    __aeabi_memcpy4                          0x080004e1   Thumb Code     0  rt_memcpy_w.o(.text)
    __aeabi_memcpy8                          0x080004e1   Thumb Code     0  rt_memcpy_w.o(.text)
    __rt_memcpy_w                            0x080004e1   Thumb Code   100  rt_memcpy_w.o(.text)
    _memcpy_lastbytes_aligned                0x08000529   Thumb Code     0  rt_memcpy_w.o(.text)
    __aeabi_memclr                           0x08000545   Thumb Code     0  rt_memclr.o(.text)
    __rt_memclr                              0x08000545   Thumb Code    68  rt_memclr.o(.text)
    _memset                                  0x08000549   Thumb Code     0  rt_memclr.o(.text)
    __aeabi_memclr4                          0x08000589   Thumb Code     0  rt_memclr_w.o(.text)
    __aeabi_memclr8                          0x08000589   Thumb Code     0  rt_memclr_w.o(.text)
    __rt_memclr_w                            0x08000589   Thumb Code    78  rt_memclr_w.o(.text)
    _memset_w                                0x0800058d   Thumb Code     0  rt_memclr_w.o(.text)
    __use_two_region_memory                  0x080005d7   Thumb Code     2  heapauxi.o(.text)
    __rt_heap_escrow$2region                 0x080005d9   Thumb Code     2  heapauxi.o(.text)
    __rt_heap_expand$2region                 0x080005db   Thumb Code     2  heapauxi.o(.text)
    __user_setup_stackheap                   0x080005dd   Thumb Code    74  sys_stackheap_outer.o(.text)
    exit                                     0x08000627   Thumb Code    18  exit.o(.text)
    __user_libspace                          0x08000639   Thumb Code     8  libspace.o(.text)
    __user_perproc_libspace                  0x08000639   Thumb Code     0  libspace.o(.text)
    __user_perthread_libspace                0x08000639   Thumb Code     0  libspace.o(.text)
    _sys_exit                                0x08000641   Thumb Code     8  sys_exit.o(.text)
    __I$use$semihosting                      0x0800064d   Thumb Code     0  use_no_semi.o(.text)
    __use_no_semihosting_swi                 0x0800064d   Thumb Code     2  use_no_semi.o(.text)
    BusFault_Handler                         0x0800064f   Thumb Code     2  stm32f4xx_it.o(i.BusFault_Handler)
    __semihosting_library_function           0x0800064f   Thumb Code     0  indicate_semi.o(.text)
    CAN1_Init                                0x08000651   Thumb Code    38  drv_can.o(i.CAN1_Init)
    CAN1_RX0_IRQHandler                      0x0800067d   Thumb Code     6  stm32f4xx_it.o(i.CAN1_RX0_IRQHandler)
    CAN2_Init                                0x08000689   Thumb Code    38  drv_can.o(i.CAN2_Init)
    CAN2_RX0_IRQHandler                      0x080006b5   Thumb Code     6  stm32f4xx_it.o(i.CAN2_RX0_IRQHandler)
    CAN_Date_Decode                          0x080006c1   Thumb Code    24  can_receive.o(i.CAN_Date_Decode)
    CAN_MF9025_Decode                        0x0800070d   Thumb Code    22  can_receive.o(i.CAN_MF9025_Decode)
    CAN_cmd_RC                               0x08000725   Thumb Code    38  can_receive.o(i.CAN_cmd_RC)
    CAN_cmd_chassis                          0x08000759   Thumb Code    46  can_receive.o(i.CAN_cmd_chassis)
    CAN_cmd_gimbal_pitch                     0x08000795   Thumb Code    46  can_receive.o(i.CAN_cmd_gimbal_pitch)
    CAN_cmd_gimbal_yaw                       0x080007d1   Thumb Code    42  can_receive.o(i.CAN_cmd_gimbal_yaw)
    CHASSIS_TASK                             0x08000809   Thumb Code    24  freertos.o(i.CHASSIS_TASK)
    Chassis_Balance                          0x08000821   Thumb Code    94  chassis_task.o(i.Chassis_Balance)
    Chassis_GET_Info                         0x08000889   Thumb Code   188  chassis_task.o(i.Chassis_GET_Info)
    Chassis_InitPID                          0x08000961   Thumb Code     6  chassis_task.o(i.Chassis_InitPID)
    Chassis_PID_Set                          0x0800096d   Thumb Code    44  chassis_task.o(i.Chassis_PID_Set)
    Chassis_Stop                             0x080009a9   Thumb Code    14  chassis_task.o(i.Chassis_Stop)
    Chassis_Task                             0x080009bd   Thumb Code    76  chassis_task.o(i.Chassis_Task)
    DMA1_Stream0_IRQHandler                  0x08000a11   Thumb Code     6  stm32f4xx_it.o(i.DMA1_Stream0_IRQHandler)
    DMA1_Stream1_IRQHandler                  0x08000a1d   Thumb Code     6  stm32f4xx_it.o(i.DMA1_Stream1_IRQHandler)
    DMA1_Stream2_IRQHandler                  0x08000a29   Thumb Code     6  stm32f4xx_it.o(i.DMA1_Stream2_IRQHandler)
    DMA1_Stream5_IRQHandler                  0x08000a35   Thumb Code     6  stm32f4xx_it.o(i.DMA1_Stream5_IRQHandler)
    DMA2_Stream1_IRQHandler                  0x08000a41   Thumb Code     6  stm32f4xx_it.o(i.DMA2_Stream1_IRQHandler)
    DMA2_Stream2_IRQHandler                  0x08000a4d   Thumb Code     6  stm32f4xx_it.o(i.DMA2_Stream2_IRQHandler)
    DebugMon_Handler                         0x08000afd   Thumb Code     2  stm32f4xx_it.o(i.DebugMon_Handler)
    Driver_Init                              0x08000aff   Thumb Code    18  driver.o(i.Driver_Init)
    Error_Handler                            0x08000b11   Thumb Code     4  main.o(i.Error_Handler)
    GIMBAL_TASK                              0x08000b15   Thumb Code    28  freertos.o(i.GIMBAL_TASK)
    GIM_PitParamInit                         0x08000b31   Thumb Code    74  pid.o(i.GIM_PitParamInit)
    GIM_YawParamInit                         0x08000b95   Thumb Code    74  pid.o(i.GIM_YawParamInit)
    GM_6020_Init                             0x08000bf9   Thumb Code    32  pid.o(i.GM_6020_Init)
    Get_CRC16_Check_Sum                      0x08000c1d   Thumb Code    38  crc.o(i.Get_CRC16_Check_Sum)
    Get_CRC8_Check_Sum                       0x08000c49   Thumb Code    24  crc.o(i.Get_CRC8_Check_Sum)
    Gimbal_CanOutPut                         0x08000c65   Thumb Code    62  gimbal_task.o(i.Gimbal_CanOutPut)
    Gimbal_GET_Info                          0x08000ca9   Thumb Code    26  gimbal_task.o(i.Gimbal_GET_Info)
    Gimbal_GetOutPut                         0x08000ccd   Thumb Code    42  gimbal_task.o(i.Gimbal_GetOutPut)
    Gimbal_InitPID                           0x08000cf9   Thumb Code    20  gimbal_task.o(i.Gimbal_InitPID)
    Gimbal_PID_Switch                        0x08000d11   Thumb Code   176  gimbal_task.o(i.Gimbal_PID_Switch)
    Gimbal_RC_Ctrl                           0x08000dcd   Thumb Code    24  gimbal_task.o(i.Gimbal_RC_Ctrl)
    Gimbal_Set_PID_type                      0x08000de9   Thumb Code    18  gimbal_task.o(i.Gimbal_Set_PID_type)
    Gimbal_Stop                              0x08000e01   Thumb Code    28  gimbal_task.o(i.Gimbal_Stop)
    Gimbal_Task                              0x08000e21   Thumb Code    30  gimbal_task.o(i.Gimbal_Task)
    HAL_CAN_ActivateNotification             0x08000e45   Thumb Code    36  stm32f4xx_hal_can.o(i.HAL_CAN_ActivateNotification)
    HAL_CAN_AddTxMessage                     0x08000e69   Thumb Code   220  stm32f4xx_hal_can.o(i.HAL_CAN_AddTxMessage)
    HAL_CAN_ConfigFilter                     0x08000f45   Thumb Code   262  stm32f4xx_hal_can.o(i.HAL_CAN_ConfigFilter)
    HAL_CAN_ErrorCallback                    0x08001051   Thumb Code     2  stm32f4xx_hal_can.o(i.HAL_CAN_ErrorCallback)
    HAL_CAN_GetRxMessage                     0x08001053   Thumb Code   232  stm32f4xx_hal_can.o(i.HAL_CAN_GetRxMessage)
    HAL_CAN_IRQHandler                       0x0800113b   Thumb Code   508  stm32f4xx_hal_can.o(i.HAL_CAN_IRQHandler)
    HAL_CAN_Init                             0x08001337   Thumb Code   282  stm32f4xx_hal_can.o(i.HAL_CAN_Init)
    HAL_CAN_MspInit                          0x08001451   Thumb Code   232  can.o(i.HAL_CAN_MspInit)
    HAL_CAN_RxFifo0FullCallback              0x08001551   Thumb Code     2  stm32f4xx_hal_can.o(i.HAL_CAN_RxFifo0FullCallback)
    HAL_CAN_RxFifo0MsgPendingCallback        0x08001555   Thumb Code   196  can_receive.o(i.HAL_CAN_RxFifo0MsgPendingCallback)
    HAL_CAN_RxFifo1FullCallback              0x08001641   Thumb Code     2  stm32f4xx_hal_can.o(i.HAL_CAN_RxFifo1FullCallback)
    HAL_CAN_RxFifo1MsgPendingCallback        0x08001643   Thumb Code     2  stm32f4xx_hal_can.o(i.HAL_CAN_RxFifo1MsgPendingCallback)
    HAL_CAN_SleepCallback                    0x08001645   Thumb Code     2  stm32f4xx_hal_can.o(i.HAL_CAN_SleepCallback)
    HAL_CAN_Start                            0x08001649   Thumb Code    88  stm32f4xx_hal_can.o(i.HAL_CAN_Start)
    HAL_CAN_TxMailbox0AbortCallback          0x080016a1   Thumb Code     2  stm32f4xx_hal_can.o(i.HAL_CAN_TxMailbox0AbortCallback)
    HAL_CAN_TxMailbox0CompleteCallback       0x080016a3   Thumb Code     2  stm32f4xx_hal_can.o(i.HAL_CAN_TxMailbox0CompleteCallback)
    HAL_CAN_TxMailbox1AbortCallback          0x080016a5   Thumb Code     2  stm32f4xx_hal_can.o(i.HAL_CAN_TxMailbox1AbortCallback)
    HAL_CAN_TxMailbox1CompleteCallback       0x080016a7   Thumb Code     2  stm32f4xx_hal_can.o(i.HAL_CAN_TxMailbox1CompleteCallback)
    HAL_CAN_TxMailbox2AbortCallback          0x080016a9   Thumb Code     2  stm32f4xx_hal_can.o(i.HAL_CAN_TxMailbox2AbortCallback)
    HAL_CAN_TxMailbox2CompleteCallback       0x080016ab   Thumb Code     2  stm32f4xx_hal_can.o(i.HAL_CAN_TxMailbox2CompleteCallback)
    HAL_CAN_WakeUpFromRxMsgCallback          0x080016ad   Thumb Code     2  stm32f4xx_hal_can.o(i.HAL_CAN_WakeUpFromRxMsgCallback)
    HAL_DMA_Abort                            0x080016af   Thumb Code   146  stm32f4xx_hal_dma.o(i.HAL_DMA_Abort)
    HAL_DMA_Abort_IT                         0x08001741   Thumb Code    36  stm32f4xx_hal_dma.o(i.HAL_DMA_Abort_IT)
    HAL_DMA_IRQHandler                       0x08001765   Thumb Code   412  stm32f4xx_hal_dma.o(i.HAL_DMA_IRQHandler)
    HAL_DMA_Init                             0x08001905   Thumb Code   206  stm32f4xx_hal_dma.o(i.HAL_DMA_Init)
    HAL_DMA_Start_IT                         0x080019d9   Thumb Code   110  stm32f4xx_hal_dma.o(i.HAL_DMA_Start_IT)
    HAL_GPIO_Init                            0x08001a49   Thumb Code   450  stm32f4xx_hal_gpio.o(i.HAL_GPIO_Init)
    HAL_GetTick                              0x08001c39   Thumb Code     6  stm32f4xx_hal.o(i.HAL_GetTick)
    HAL_IncTick                              0x08001c45   Thumb Code    12  stm32f4xx_hal.o(i.HAL_IncTick)
    HAL_Init                                 0x08001c55   Thumb Code    48  stm32f4xx_hal.o(i.HAL_Init)
    HAL_InitTick                             0x08001c89   Thumb Code   132  stm32f4xx_hal_timebase_tim.o(i.HAL_InitTick)
    HAL_MspInit                              0x08001d21   Thumb Code    52  stm32f4xx_hal_msp.o(i.HAL_MspInit)
    HAL_NVIC_EnableIRQ                       0x08001d59   Thumb Code    26  stm32f4xx_hal_cortex.o(i.HAL_NVIC_EnableIRQ)
    HAL_NVIC_SetPriority                     0x08001d75   Thumb Code    60  stm32f4xx_hal_cortex.o(i.HAL_NVIC_SetPriority)
    HAL_NVIC_SetPriorityGrouping             0x08001db5   Thumb Code    26  stm32f4xx_hal_cortex.o(i.HAL_NVIC_SetPriorityGrouping)
    HAL_RCC_ClockConfig                      0x08001dd9   Thumb Code   288  stm32f4xx_hal_rcc.o(i.HAL_RCC_ClockConfig)
    HAL_RCC_GetClockConfig                   0x08001f0d   Thumb Code    54  stm32f4xx_hal_rcc.o(i.HAL_RCC_GetClockConfig)
    HAL_RCC_GetPCLK1Freq                     0x08001f4d   Thumb Code    20  stm32f4xx_hal_rcc.o(i.HAL_RCC_GetPCLK1Freq)
    HAL_RCC_GetPCLK2Freq                     0x08001f6d   Thumb Code    20  stm32f4xx_hal_rcc.o(i.HAL_RCC_GetPCLK2Freq)
    HAL_RCC_GetSysClockFreq                  0x08001f8d   Thumb Code    88  stm32f4xx_hal_rcc.o(i.HAL_RCC_GetSysClockFreq)
    HAL_RCC_OscConfig                        0x08001ff1   Thumb Code   856  stm32f4xx_hal_rcc.o(i.HAL_RCC_OscConfig)
    HAL_TIMEx_BreakCallback                  0x0800235d   Thumb Code     2  stm32f4xx_hal_tim_ex.o(i.HAL_TIMEx_BreakCallback)
    HAL_TIMEx_CommutCallback                 0x0800235f   Thumb Code     2  stm32f4xx_hal_tim_ex.o(i.HAL_TIMEx_CommutCallback)
    HAL_TIMEx_ConfigBreakDeadTime            0x08002361   Thumb Code    84  stm32f4xx_hal_tim_ex.o(i.HAL_TIMEx_ConfigBreakDeadTime)
    HAL_TIMEx_MasterConfigSynchronization    0x080023b5   Thumb Code   116  stm32f4xx_hal_tim_ex.o(i.HAL_TIMEx_MasterConfigSynchronization)
    HAL_TIM_Base_Init                        0x08002445   Thumb Code    90  stm32f4xx_hal_tim.o(i.HAL_TIM_Base_Init)
    HAL_TIM_Base_MspInit                     0x080024a1   Thumb Code    50  tim.o(i.HAL_TIM_Base_MspInit)
    HAL_TIM_Base_Start_IT                    0x080024d9   Thumb Code   100  stm32f4xx_hal_tim.o(i.HAL_TIM_Base_Start_IT)
    HAL_TIM_ConfigClockSource                0x08002559   Thumb Code   220  stm32f4xx_hal_tim.o(i.HAL_TIM_ConfigClockSource)
    HAL_TIM_ErrorCallback                    0x08002635   Thumb Code     2  stm32f4xx_hal_tim.o(i.HAL_TIM_ErrorCallback)
    HAL_TIM_IC_CaptureCallback               0x08002637   Thumb Code     2  stm32f4xx_hal_tim.o(i.HAL_TIM_IC_CaptureCallback)
    HAL_TIM_IRQHandler                       0x08002639   Thumb Code   358  stm32f4xx_hal_tim.o(i.HAL_TIM_IRQHandler)
    HAL_TIM_MspPostInit                      0x080027a1   Thumb Code   110  tim.o(i.HAL_TIM_MspPostInit)
    HAL_TIM_OC_DelayElapsedCallback          0x08002825   Thumb Code     2  stm32f4xx_hal_tim.o(i.HAL_TIM_OC_DelayElapsedCallback)
    HAL_TIM_PWM_ConfigChannel                0x08002827   Thumb Code   204  stm32f4xx_hal_tim.o(i.HAL_TIM_PWM_ConfigChannel)
    HAL_TIM_PWM_Init                         0x080028f3   Thumb Code    90  stm32f4xx_hal_tim.o(i.HAL_TIM_PWM_Init)
    HAL_TIM_PWM_MspInit                      0x0800294d   Thumb Code   130  tim.o(i.HAL_TIM_PWM_MspInit)
    HAL_TIM_PWM_PulseFinishedCallback        0x080029e5   Thumb Code     8  system_task.o(i.HAL_TIM_PWM_PulseFinishedCallback)
    HAL_TIM_PWM_PulseFinishedHalfCpltCallback 0x080029f1   Thumb Code     2  stm32f4xx_hal_tim.o(i.HAL_TIM_PWM_PulseFinishedHalfCpltCallback)
    HAL_TIM_PWM_Start_DMA                    0x080029f5   Thumb Code   404  stm32f4xx_hal_tim.o(i.HAL_TIM_PWM_Start_DMA)
    HAL_TIM_PWM_Stop_DMA                     0x08002bb1   Thumb Code   196  stm32f4xx_hal_tim.o(i.HAL_TIM_PWM_Stop_DMA)
    HAL_TIM_PeriodElapsedCallback            0x08002c7d   Thumb Code    14  main.o(i.HAL_TIM_PeriodElapsedCallback)
    HAL_TIM_TriggerCallback                  0x08002c91   Thumb Code     2  stm32f4xx_hal_tim.o(i.HAL_TIM_TriggerCallback)
    HAL_UARTEx_RxEventCallback               0x08002c93   Thumb Code     2  stm32f4xx_hal_uart.o(i.HAL_UARTEx_RxEventCallback)
    HAL_UART_DMAStop                         0x08002c95   Thumb Code   112  stm32f4xx_hal_uart.o(i.HAL_UART_DMAStop)
    HAL_UART_ErrorCallback                   0x08002d05   Thumb Code     2  stm32f4xx_hal_uart.o(i.HAL_UART_ErrorCallback)
    HAL_UART_IRQHandler                      0x08002d09   Thumb Code   610  stm32f4xx_hal_uart.o(i.HAL_UART_IRQHandler)
    HAL_UART_Init                            0x08002f71   Thumb Code    98  stm32f4xx_hal_uart.o(i.HAL_UART_Init)
    HAL_UART_MspInit                         0x08002fd5   Thumb Code   788  usart.o(i.HAL_UART_MspInit)
    HAL_UART_Receive_DMA                     0x08003325   Thumb Code    42  stm32f4xx_hal_uart.o(i.HAL_UART_Receive_DMA)
    HAL_UART_RxCpltCallback                  0x0800334f   Thumb Code     2  stm32f4xx_hal_uart.o(i.HAL_UART_RxCpltCallback)
    HAL_UART_RxHalfCpltCallback              0x08003351   Thumb Code     2  stm32f4xx_hal_uart.o(i.HAL_UART_RxHalfCpltCallback)
    HAL_UART_TxCpltCallback                  0x08003353   Thumb Code     2  stm32f4xx_hal_uart.o(i.HAL_UART_TxCpltCallback)
    HardFault_Handler                        0x08003355   Thumb Code     2  stm32f4xx_it.o(i.HardFault_Handler)
    IMU_Check                                0x08003359   Thumb Code    22  hi229.o(i.IMU_Check)
    IMU_Data_Report                          0x08003375   Thumb Code    20  gimbal_task.o(i.IMU_Data_Report)
    IMU_Init                                 0x0800338d   Thumb Code    14  hi229.o(i.IMU_Init)
    IMU_PitData_Report                       0x080033a5   Thumb Code    34  gimbal_task.o(i.IMU_PitData_Report)
    IMU_State_Report                         0x080033cd   Thumb Code    12  hi229.o(i.IMU_State_Report)
    IMU_YawData_Report                       0x080033dd   Thumb Code    34  gimbal_task.o(i.IMU_YawData_Report)
    IMU_get                                  0x08003405   Thumb Code    20  hi229.o(i.IMU_get)
    Judege_read_data                         0x0800341d   Thumb Code   372  referee.o(i.Judege_read_data)
    Judge_IMU_Lost                           0x08003599   Thumb Code    32  hi229.o(i.Judge_IMU_Lost)
    Judge_RC_DataErr                         0x080035c1   Thumb Code    90  remote_control.o(i.Judge_RC_DataErr)
    Judge_RC_Lost                            0x08003621   Thumb Code    32  remote_control.o(i.Judge_RC_Lost)
    MF_9025_Init                             0x08003649   Thumb Code    34  pid.o(i.MF_9025_Init)
    MF_9028_Balance_Kd                       0x08003675   Thumb Code    18  pid.o(i.MF_9028_Balance_Kd)
    MF_9028_Balance_Kp                       0x08003691   Thumb Code    20  pid.o(i.MF_9028_Balance_Kp)
    MF_9028_Chasssis_OUT                     0x080036b1   Thumb Code    22  pid.o(i.MF_9028_Chasssis_OUT)
    MX_CAN1_Init                             0x080036d9   Thumb Code    62  can.o(i.MX_CAN1_Init)
    MX_CAN2_Init                             0x08003721   Thumb Code    62  can.o(i.MX_CAN2_Init)
    MX_DMA_Init                              0x08003769   Thumb Code   136  dma.o(i.MX_DMA_Init)
    MX_FREERTOS_Init                         0x080037f5   Thumb Code    96  freertos.o(i.MX_FREERTOS_Init)
    MX_GPIO_Init                             0x0800385d   Thumb Code    86  gpio.o(i.MX_GPIO_Init)
    MX_TIM1_Init                             0x080038b9   Thumb Code   150  tim.o(i.MX_TIM1_Init)
    MX_TIM2_Init                             0x08003959   Thumb Code    96  tim.o(i.MX_TIM2_Init)
    MX_TIM8_Init                             0x080039bd   Thumb Code   152  tim.o(i.MX_TIM8_Init)
    MX_UART4_Init                            0x08003a5d   Thumb Code    48  usart.o(i.MX_UART4_Init)
    MX_UART5_Init                            0x08003a95   Thumb Code    48  usart.o(i.MX_UART5_Init)
    MX_USART1_UART_Init                      0x08003acd   Thumb Code    48  usart.o(i.MX_USART1_UART_Init)
    MX_USART2_UART_Init                      0x08003b05   Thumb Code    54  usart.o(i.MX_USART2_UART_Init)
    MX_USART3_UART_Init                      0x08003b49   Thumb Code    48  usart.o(i.MX_USART3_UART_Init)
    MX_USART6_UART_Init                      0x08003b81   Thumb Code    48  usart.o(i.MX_USART6_UART_Init)
    MemManage_Handler                        0x08003bb9   Thumb Code     2  stm32f4xx_it.o(i.MemManage_Handler)
    Motor_Init                               0x08003bbb   Thumb Code    14  pid.o(i.Motor_Init)
    NMI_Handler                              0x08003bc9   Thumb Code     2  stm32f4xx_it.o(i.NMI_Handler)
    PID_Position                             0x08003d01   Thumb Code   362  pid.o(i.PID_Position)
    PITCH_Angle_Limit                        0x08003e6d   Thumb Code    40  gimbal_task.o(i.PITCH_Angle_Limit)
    Packet_Decode                            0x08003e9d   Thumb Code   232  packet.o(i.Packet_Decode)
    Packet_DecodeInit                        0x08003f89   Thumb Code    18  packet.o(i.Packet_DecodeInit)
    RC_Check                                 0x08003fa1   Thumb Code    32  remote_control.o(i.RC_Check)
    RC_Ctrl_PITCH                            0x08003fc5   Thumb Code    64  gimbal_task.o(i.RC_Ctrl_PITCH)
    RC_Ctrl_YAW                              0x08004009   Thumb Code    66  gimbal_task.o(i.RC_Ctrl_YAW)
    RC_Init                                  0x08004051   Thumb Code    84  drv_usart.o(i.RC_Init)
    RC_State_Report                          0x080040b1   Thumb Code    12  remote_control.o(i.RC_State_Report)
    Remote_Control_Init                      0x080040c1   Thumb Code    12  drv_usart.o(i.Remote_Control_Init)
    SYSTEM_STATE_TASK                        0x080040d1   Thumb Code    24  freertos.o(i.SYSTEM_STATE_TASK)
    StartDefaultTask                         0x080040e9   Thumb Code     8  freertos.o(i.StartDefaultTask)
    State_LED                                0x080040f1   Thumb Code   170  system_task.o(i.State_LED)
    SysTick_Handler                          0x080041a9   Thumb Code    38  port.o(i.SysTick_Handler)
    SystemClock_Config                       0x080041d5   Thumb Code   142  main.o(i.SystemClock_Config)
    SystemInit                               0x0800426d   Thumb Code    12  system_stm32f4xx.o(i.SystemInit)
    System_State                             0x0800427d   Thumb Code    40  system.o(i.System_State)
    TIM2_IRQHandler                          0x080042a9   Thumb Code     6  stm32f4xx_it.o(i.TIM2_IRQHandler)
    TIM8_TRG_COM_TIM14_IRQHandler            0x080042b5   Thumb Code    18  stm32f4xx_it.o(i.TIM8_TRG_COM_TIM14_IRQHandler)
    TIM_Base_SetConfig                       0x080042d1   Thumb Code   156  stm32f4xx_hal_tim.o(i.TIM_Base_SetConfig)
    TIM_CCxChannelCmd                        0x08004399   Thumb Code    26  stm32f4xx_hal_tim.o(i.TIM_CCxChannelCmd)
    TIM_DMADelayPulseHalfCplt                0x08004411   Thumb Code    56  stm32f4xx_hal_tim.o(i.TIM_DMADelayPulseHalfCplt)
    TIM_DMAError                             0x08004449   Thumb Code    84  stm32f4xx_hal_tim.o(i.TIM_DMAError)
    TIM_ETR_SetConfig                        0x0800449d   Thumb Code    20  stm32f4xx_hal_tim.o(i.TIM_ETR_SetConfig)
    TIM_OC2_SetConfig                        0x08004521   Thumb Code    98  stm32f4xx_hal_tim.o(i.TIM_OC2_SetConfig)
    Time_Init                                0x0800468d   Thumb Code    24  system.o(i.Time_Init)
    UART4_IRQHandler                         0x080046a9   Thumb Code    18  stm32f4xx_it.o(i.UART4_IRQHandler)
    UART5_IRQHandler                         0x080046c1   Thumb Code    18  stm32f4xx_it.o(i.UART5_IRQHandler)
    UART_IRQHandler_IT                       0x08004839   Thumb Code   352  drv_usart.o(i.UART_IRQHandler_IT)
    UART_Start_Receive_DMA                   0x08004b8d   Thumb Code   134  stm32f4xx_hal_uart.o(i.UART_Start_Receive_DMA)
    USART1_IRQHandler                        0x08004c21   Thumb Code    18  stm32f4xx_it.o(i.USART1_IRQHandler)
    USART2_IRQHandler                        0x08004c39   Thumb Code    18  stm32f4xx_it.o(i.USART2_IRQHandler)
    USART3_IRQHandler                        0x08004c51   Thumb Code     6  stm32f4xx_it.o(i.USART3_IRQHandler)
    USART6_IRQHandler                        0x08004c5d   Thumb Code     6  stm32f4xx_it.o(i.USART6_IRQHandler)
    USART_Init                               0x08004c69   Thumb Code    72  drv_usart.o(i.USART_Init)
    UsageFault_Handler                       0x08004cc5   Thumb Code     2  stm32f4xx_it.o(i.UsageFault_Handler)
    Verify_CRC16_Check_Sum                   0x08004cc9   Thumb Code    54  crc.o(i.Verify_CRC16_Check_Sum)
    Verify_CRC8_Check_Sum                    0x08004d05   Thumb Code    38  crc.o(i.Verify_CRC8_Check_Sum)
    YAW_Angle_Over_Zero                      0x08004d2d   Thumb Code    66  gimbal_task.o(i.YAW_Angle_Over_Zero)
    anti_constrain                           0x08004da1   Thumb Code    26  pid.o(i.anti_constrain)
    capacitance_date                         0x08004dc1   Thumb Code    38  can_receive.o(i.capacitance_date)
    get_eular                                0x08004e15   Thumb Code    12  hi229.o(i.get_eular)
    get_raw_gyo                              0x08004e25   Thumb Code    16  hi229.o(i.get_raw_gyo)
    main                                     0x08004e39   Thumb Code    86  main.o(i.main)
    micros                                   0x08004e9b   Thumb Code    68  system.o(i.micros)
    osDelay                                  0x08004edf   Thumb Code    14  cmsis_os.o(i.osDelay)
    osKernelStart                            0x08004eed   Thumb Code    10  cmsis_os.o(i.osKernelStart)
    osThreadCreate                           0x08004ef7   Thumb Code    84  cmsis_os.o(i.osThreadCreate)
    pvPortMalloc                             0x08005299   Thumb Code   216  heap_4.o(i.pvPortMalloc)
    pxPortInitialiseStack                    0x08005375   Thumb Code    40  port.o(i.pxPortInitialiseStack)
    sbus_to_rc                               0x080053a1   Thumb Code   210  remote_control.o(i.sbus_to_rc)
    uxListRemove                             0x08005473   Thumb Code    38  list.o(i.uxListRemove)
    vApplicationGetIdleTaskMemory            0x08005499   Thumb Code    16  freertos.o(i.vApplicationGetIdleTaskMemory)
    vListInitialise                          0x080054ad   Thumb Code    22  list.o(i.vListInitialise)
    vListInitialiseItem                      0x080054c3   Thumb Code     6  list.o(i.vListInitialiseItem)
    vListInsert                              0x080054c9   Thumb Code    48  list.o(i.vListInsert)
    vListInsertEnd                           0x080054f9   Thumb Code    24  list.o(i.vListInsertEnd)
    vPortEnterCritical                       0x08005511   Thumb Code    54  port.o(i.vPortEnterCritical)
    vPortExitCritical                        0x08005551   Thumb Code    34  port.o(i.vPortExitCritical)
    vPortFree                                0x08005579   Thumb Code    94  heap_4.o(i.vPortFree)
    vPortSetupTimerInterrupt                 0x080055dd   Thumb Code    32  port.o(i.vPortSetupTimerInterrupt)
    vTaskDelay                               0x08005601   Thumb Code    66  tasks.o(i.vTaskDelay)
    vTaskDelayUntil                          0x0800564d   Thumb Code   132  tasks.o(i.vTaskDelayUntil)
    vTaskStartScheduler                      0x080056d9   Thumb Code    90  tasks.o(i.vTaskStartScheduler)
    vTaskSuspendAll                          0x08005745   Thumb Code    10  tasks.o(i.vTaskSuspendAll)
    vTaskSwitchContext                       0x08005755   Thumb Code    82  tasks.o(i.vTaskSwitchContext)
    ws2812_set_RGB                           0x080057b1   Thumb Code    80  system_task.o(i.ws2812_set_RGB)
    xPortStartScheduler                      0x08005805   Thumb Code   222  port.o(i.xPortStartScheduler)
    xTaskCreate                              0x080058f9   Thumb Code    90  tasks.o(i.xTaskCreate)
    xTaskCreateStatic                        0x08005953   Thumb Code    86  tasks.o(i.xTaskCreateStatic)
    xTaskGetTickCount                        0x080059a9   Thumb Code     6  tasks.o(i.xTaskGetTickCount)
    xTaskIncrementTick                       0x080059b5   Thumb Code   194  tasks.o(i.xTaskIncrementTick)
    xTaskResumeAll                           0x08005a81   Thumb Code   182  tasks.o(i.xTaskResumeAll)
    _fp_init                                 0x08005b45   Thumb Code    10  fpinit.o(x$fpl$fpinit)
    __fplib_config_fpu_vfp                   0x08005b4d   Thumb Code     0  fpinit.o(x$fpl$fpinit)
    __fplib_config_pureend_doubles           0x08005b4d   Thumb Code     0  fpinit.o(x$fpl$fpinit)
    CRC8_TAB                                 0x08005bc0   Data         256  crc.o(.constdata)
    wCRC_Table                               0x08005cc0   Data         512  crc.o(.constdata)
    AHBPrescTable                            0x08005ec8   Data          16  system_stm32f4xx.o(.constdata)
    APBPrescTable                            0x08005ed8   Data           8  system_stm32f4xx.o(.constdata)
    Region$$Table$$Base                      0x08005f18   Number         0  anon$$obj.o(Region$$Table)
    Region$$Table$$Limit                     0x08005f38   Number         0  anon$$obj.o(Region$$Table)
    defaultTaskHandle                        0x20000000   Data           4  freertos.o(.data)
    system_state_taHandle                    0x20000004   Data           4  freertos.o(.data)
    chassis_taskHandle                       0x20000008   Data           4  freertos.o(.data)
    gimbal_taskHandle                        0x2000000c   Data           4  freertos.o(.data)
    System                                   0x20000018   Data           3  system.o(.data)
    Remote_time                              0x20000020   Data           8  system.o(.data)
    Imu_time                                 0x20000028   Data           8  system.o(.data)
    i                                        0x20000032   Data           1  system_task.o(.data)
    x                                        0x20000033   Data           1  system_task.o(.data)
    y                                        0x20000034   Data           1  system_task.o(.data)
    z                                        0x20000035   Data           1  system_task.o(.data)
    s11                                      0x20000038   Data           1  chassis_task.o(.data)
    s22                                      0x20000039   Data           1  chassis_task.o(.data)
    Chassis                                  0x20000044   Data         584  chassis_task.o(.data)
    Gimbal                                   0x2000029c   Data         408  gimbal_task.o(.data)
    Shoot                                    0x20000434   Data         536  shoot_task.o(.data)
    s1                                       0x2000064c   Data           1  can_receive.o(.data)
    s2                                       0x2000064d   Data           1  can_receive.o(.data)
    Judge_Data_TF                            0x200006ac   Data           1  referee.o(.data)
    Balance_Kp_Param                         0x200006ad   Data          12  pid.o(.data)
    Balance_Kd_Param                         0x200006b9   Data          12  pid.o(.data)
    Chasssis_OUT                             0x200006c5   Data          12  pid.o(.data)
    PID_Speed_Param                          0x200006d1   Data         216  pid.o(.data)
    PID_Angle_Param                          0x200007a9   Data         216  pid.o(.data)
    CRC_INIT                                 0x20000882   Data           2  crc.o(.data)
    pxCurrentTCB                             0x20000884   Data           4  tasks.o(.data)
    uwTickFreq                               0x200008ec   Data           1  stm32f4xx_hal.o(.data)
    uwTickPrio                               0x200008f0   Data           4  stm32f4xx_hal.o(.data)
    uwTick                                   0x200008f4   Data           4  stm32f4xx_hal.o(.data)
    SystemCoreClock                          0x200008f8   Data           4  system_stm32f4xx.o(.data)
    hcan1                                    0x20000b50   Data          40  can.o(.bss)
    hcan2                                    0x20000b78   Data          40  can.o(.bss)
    htim1                                    0x20000ba0   Data          72  tim.o(.bss)
    htim2                                    0x20000be8   Data          72  tim.o(.bss)
    htim8                                    0x20000c30   Data          72  tim.o(.bss)
    hdma_tim1_ch1                            0x20000c78   Data          96  tim.o(.bss)
    huart4                                   0x20000cd8   Data          68  usart.o(.bss)
    huart5                                   0x20000d1c   Data          68  usart.o(.bss)
    huart1                                   0x20000d60   Data          68  usart.o(.bss)
    huart2                                   0x20000da4   Data          68  usart.o(.bss)
    huart3                                   0x20000de8   Data          68  usart.o(.bss)
    huart6                                   0x20000e2c   Data          68  usart.o(.bss)
    hdma_uart4_rx                            0x20000e70   Data          96  usart.o(.bss)
    hdma_uart5_rx                            0x20000ed0   Data          96  usart.o(.bss)
    hdma_usart1_rx                           0x20000f30   Data          96  usart.o(.bss)
    hdma_usart2_rx                           0x20000f90   Data          96  usart.o(.bss)
    hdma_usart3_rx                           0x20000ff0   Data          96  usart.o(.bss)
    htim14                                   0x20001050   Data          72  stm32f4xx_hal_timebase_tim.o(.bss)
    Judge_Buffer                             0x20001098   Data         200  drv_usart.o(.bss)
    Dbus_Buffer                              0x20001160   Data          72  drv_usart.o(.bss)
    Visual_Buffer                            0x200011a8   Data          13  drv_usart.o(.bss)
    IMU_Buffer                               0x200011b5   Data         128  drv_usart.o(.bss)
    super_capacitor                          0x20001470   Data          20  can_receive.o(.bss)
    RC_Ctrl                                  0x20001484   Data          22  remote_control.o(.bss)
    IMU_Get_Data                             0x20001544   Data          20  hi229.o(.bss)
    REF                                      0x20001558   Data         144  referee.o(.bss)
    __libspace_start                         0x200052d8   Data          96  libspace.o(.bss)
    __temporary_stack_top$libspace           0x20005338   Data           0  libspace.o(.bss)



==============================================================================

Memory Map of the image

  Image Entry point : 0x08000189

  Load Region LR_IROM1 (Base: 0x08000000, Size: 0x00006834, Max: 0x00100000, ABSOLUTE, COMPRESSED[0x00005f9c])

    Execution Region ER_IROM1 (Exec base: 0x08000000, Load base: 0x08000000, Size: 0x00005f38, Max: 0x00100000, ABSOLUTE)

    Exec Addr    Load Addr    Size         Type   Attr      Idx    E Section Name        Object

    0x08000000   0x08000000   0x00000188   Data   RO         5836    RESET               startup_stm32f405xx.o
    0x08000188   0x08000188   0x00000008   Code   RO         5857  * !!!main             c_w.l(__main.o)
    0x08000190   0x08000190   0x00000034   Code   RO         6028    !!!scatter          c_w.l(__scatter.o)
    0x080001c4   0x080001c4   0x0000005a   Code   RO         6026    !!dczerorl2         c_w.l(__dczerorl2.o)
    0x0800021e   0x0800021e   0x00000002   PAD
    0x08000220   0x08000220   0x0000001c   Code   RO         6030    !!handler_zi        c_w.l(__scatter_zi.o)
    0x0800023c   0x0800023c   0x00000002   Code   RO         5894    .ARM.Collect$$libinit$$00000000  c_w.l(libinit.o)
    0x0800023e   0x0800023e   0x00000004   Code   RO         5906    .ARM.Collect$$libinit$$00000001  c_w.l(libinit2.o)
    0x08000242   0x08000242   0x00000000   Code   RO         5909    .ARM.Collect$$libinit$$00000004  c_w.l(libinit2.o)
    0x08000242   0x08000242   0x00000000   Code   RO         5912    .ARM.Collect$$libinit$$0000000A  c_w.l(libinit2.o)
    0x08000242   0x08000242   0x00000000   Code   RO         5914    .ARM.Collect$$libinit$$0000000C  c_w.l(libinit2.o)
    0x08000242   0x08000242   0x00000000   Code   RO         5916    .ARM.Collect$$libinit$$0000000E  c_w.l(libinit2.o)
    0x08000242   0x08000242   0x00000000   Code   RO         5919    .ARM.Collect$$libinit$$00000011  c_w.l(libinit2.o)
    0x08000242   0x08000242   0x00000000   Code   RO         5921    .ARM.Collect$$libinit$$00000013  c_w.l(libinit2.o)
    0x08000242   0x08000242   0x00000000   Code   RO         5923    .ARM.Collect$$libinit$$00000015  c_w.l(libinit2.o)
    0x08000242   0x08000242   0x00000000   Code   RO         5925    .ARM.Collect$$libinit$$00000017  c_w.l(libinit2.o)
    0x08000242   0x08000242   0x00000000   Code   RO         5927    .ARM.Collect$$libinit$$00000019  c_w.l(libinit2.o)
    0x08000242   0x08000242   0x00000000   Code   RO         5929    .ARM.Collect$$libinit$$0000001B  c_w.l(libinit2.o)
    0x08000242   0x08000242   0x00000000   Code   RO         5931    .ARM.Collect$$libinit$$0000001D  c_w.l(libinit2.o)
    0x08000242   0x08000242   0x00000000   Code   RO         5933    .ARM.Collect$$libinit$$0000001F  c_w.l(libinit2.o)
    0x08000242   0x08000242   0x00000000   Code   RO         5935    .ARM.Collect$$libinit$$00000021  c_w.l(libinit2.o)
    0x08000242   0x08000242   0x00000000   Code   RO         5937    .ARM.Collect$$libinit$$00000023  c_w.l(libinit2.o)
    0x08000242   0x08000242   0x00000000   Code   RO         5939    .ARM.Collect$$libinit$$00000025  c_w.l(libinit2.o)
    0x08000242   0x08000242   0x00000000   Code   RO         5943    .ARM.Collect$$libinit$$0000002C  c_w.l(libinit2.o)
    0x08000242   0x08000242   0x00000000   Code   RO         5945    .ARM.Collect$$libinit$$0000002E  c_w.l(libinit2.o)
    0x08000242   0x08000242   0x00000000   Code   RO         5947    .ARM.Collect$$libinit$$00000030  c_w.l(libinit2.o)
    0x08000242   0x08000242   0x00000000   Code   RO         5949    .ARM.Collect$$libinit$$00000032  c_w.l(libinit2.o)
    0x08000242   0x08000242   0x00000002   Code   RO         5950    .ARM.Collect$$libinit$$00000033  c_w.l(libinit2.o)
    0x08000244   0x08000244   0x00000002   Code   RO         5981    .ARM.Collect$$libshutdown$$00000000  c_w.l(libshutdown.o)
    0x08000246   0x08000246   0x00000000   Code   RO         6007    .ARM.Collect$$libshutdown$$00000002  c_w.l(libshutdown2.o)
    0x08000246   0x08000246   0x00000000   Code   RO         6009    .ARM.Collect$$libshutdown$$00000004  c_w.l(libshutdown2.o)
    0x08000246   0x08000246   0x00000000   Code   RO         6011    .ARM.Collect$$libshutdown$$00000006  c_w.l(libshutdown2.o)
    0x08000246   0x08000246   0x00000000   Code   RO         6014    .ARM.Collect$$libshutdown$$00000009  c_w.l(libshutdown2.o)
    0x08000246   0x08000246   0x00000000   Code   RO         6017    .ARM.Collect$$libshutdown$$0000000C  c_w.l(libshutdown2.o)
    0x08000246   0x08000246   0x00000000   Code   RO         6019    .ARM.Collect$$libshutdown$$0000000E  c_w.l(libshutdown2.o)
    0x08000246   0x08000246   0x00000000   Code   RO         6022    .ARM.Collect$$libshutdown$$00000011  c_w.l(libshutdown2.o)
    0x08000246   0x08000246   0x00000002   Code   RO         6023    .ARM.Collect$$libshutdown$$00000012  c_w.l(libshutdown2.o)
    0x08000248   0x08000248   0x00000000   Code   RO         5859    .ARM.Collect$$rtentry$$00000000  c_w.l(__rtentry.o)
    0x08000248   0x08000248   0x00000000   Code   RO         5865    .ARM.Collect$$rtentry$$00000002  c_w.l(__rtentry2.o)
    0x08000248   0x08000248   0x00000006   Code   RO         5877    .ARM.Collect$$rtentry$$00000004  c_w.l(__rtentry4.o)
    0x0800024e   0x0800024e   0x00000000   Code   RO         5867    .ARM.Collect$$rtentry$$00000009  c_w.l(__rtentry2.o)
    0x0800024e   0x0800024e   0x00000004   Code   RO         5868    .ARM.Collect$$rtentry$$0000000A  c_w.l(__rtentry2.o)
    0x08000252   0x08000252   0x00000000   Code   RO         5870    .ARM.Collect$$rtentry$$0000000C  c_w.l(__rtentry2.o)
    0x08000252   0x08000252   0x00000008   Code   RO         5871    .ARM.Collect$$rtentry$$0000000D  c_w.l(__rtentry2.o)
    0x0800025a   0x0800025a   0x00000002   Code   RO         5898    .ARM.Collect$$rtexit$$00000000  c_w.l(rtexit.o)
    0x0800025c   0x0800025c   0x00000000   Code   RO         5954    .ARM.Collect$$rtexit$$00000002  c_w.l(rtexit2.o)
    0x0800025c   0x0800025c   0x00000004   Code   RO         5955    .ARM.Collect$$rtexit$$00000003  c_w.l(rtexit2.o)
    0x08000260   0x08000260   0x00000006   Code   RO         5956    .ARM.Collect$$rtexit$$00000004  c_w.l(rtexit2.o)
    0x08000266   0x08000266   0x00000002   PAD
    0x08000268   0x08000268   0x000000be   Code   RO         3023    .emb_text           port.o
    0x08000326   0x08000326   0x00000002   PAD
    0x08000328   0x08000328   0x00000040   Code   RO         5837    .text               startup_stm32f405xx.o
    0x08000368   0x08000368   0x000000ee   Code   RO         5843    .text               c_w.l(lludivv7m.o)
    0x08000456   0x08000456   0x0000008a   Code   RO         5845    .text               c_w.l(rt_memcpy_v6.o)
    0x080004e0   0x080004e0   0x00000064   Code   RO         5847    .text               c_w.l(rt_memcpy_w.o)
    0x08000544   0x08000544   0x00000044   Code   RO         5851    .text               c_w.l(rt_memclr.o)
    0x08000588   0x08000588   0x0000004e   Code   RO         5853    .text               c_w.l(rt_memclr_w.o)
    0x080005d6   0x080005d6   0x00000006   Code   RO         5855    .text               c_w.l(heapauxi.o)
    0x080005dc   0x080005dc   0x0000004a   Code   RO         5881    .text               c_w.l(sys_stackheap_outer.o)
    0x08000626   0x08000626   0x00000012   Code   RO         5883    .text               c_w.l(exit.o)
    0x08000638   0x08000638   0x00000008   Code   RO         5895    .text               c_w.l(libspace.o)
    0x08000640   0x08000640   0x0000000c   Code   RO         5951    .text               c_w.l(sys_exit.o)
    0x0800064c   0x0800064c   0x00000002   Code   RO         5970    .text               c_w.l(use_no_semi.o)
    0x0800064e   0x0800064e   0x00000000   Code   RO         5972    .text               c_w.l(indicate_semi.o)
    0x0800064e   0x0800064e   0x00000002   Code   RO          585    i.BusFault_Handler  stm32f4xx_it.o
    0x08000650   0x08000650   0x0000002c   Code   RO          877    i.CAN1_Init         drv_can.o
    0x0800067c   0x0800067c   0x0000000c   Code   RO          586    i.CAN1_RX0_IRQHandler  stm32f4xx_it.o
    0x08000688   0x08000688   0x0000002c   Code   RO          878    i.CAN2_Init         drv_can.o
    0x080006b4   0x080006b4   0x0000000c   Code   RO          587    i.CAN2_RX0_IRQHandler  stm32f4xx_it.o
    0x080006c0   0x080006c0   0x00000018   Code   RO         1257    i.CAN_Date_Decode   can_receive.o
    0x080006d8   0x080006d8   0x00000034   Code   RO          879    i.CAN_Filter_Init   drv_can.o
    0x0800070c   0x0800070c   0x00000016   Code   RO         1258    i.CAN_MF9025_Decode  can_receive.o
    0x08000722   0x08000722   0x00000002   PAD
    0x08000724   0x08000724   0x00000034   Code   RO         1259    i.CAN_cmd_RC        can_receive.o
    0x08000758   0x08000758   0x0000003c   Code   RO         1261    i.CAN_cmd_chassis   can_receive.o
    0x08000794   0x08000794   0x0000003c   Code   RO         1262    i.CAN_cmd_gimbal_pitch  can_receive.o
    0x080007d0   0x080007d0   0x00000038   Code   RO         1263    i.CAN_cmd_gimbal_yaw  can_receive.o
    0x08000808   0x08000808   0x00000018   Code   RO          296    i.CHASSIS_TASK      freertos.o
    0x08000820   0x08000820   0x00000068   Code   RO         1008    i.Chassis_Balance   chassis_task.o
    0x08000888   0x08000888   0x000000d8   Code   RO         1009    i.Chassis_GET_Info  chassis_task.o
    0x08000960   0x08000960   0x0000000c   Code   RO         1010    i.Chassis_InitPID   chassis_task.o
    0x0800096c   0x0800096c   0x0000003c   Code   RO         1011    i.Chassis_PID_Set   chassis_task.o
    0x080009a8   0x080009a8   0x00000014   Code   RO         1012    i.Chassis_Stop      chassis_task.o
    0x080009bc   0x080009bc   0x00000054   Code   RO         1013    i.Chassis_Task      chassis_task.o
    0x08000a10   0x08000a10   0x0000000c   Code   RO          588    i.DMA1_Stream0_IRQHandler  stm32f4xx_it.o
    0x08000a1c   0x08000a1c   0x0000000c   Code   RO          589    i.DMA1_Stream1_IRQHandler  stm32f4xx_it.o
    0x08000a28   0x08000a28   0x0000000c   Code   RO          590    i.DMA1_Stream2_IRQHandler  stm32f4xx_it.o
    0x08000a34   0x08000a34   0x0000000c   Code   RO          591    i.DMA1_Stream5_IRQHandler  stm32f4xx_it.o
    0x08000a40   0x08000a40   0x0000000c   Code   RO          592    i.DMA2_Stream1_IRQHandler  stm32f4xx_it.o
    0x08000a4c   0x08000a4c   0x0000000c   Code   RO          593    i.DMA2_Stream2_IRQHandler  stm32f4xx_it.o
    0x08000a58   0x08000a58   0x00000028   Code   RO         3796    i.DMA_CalcBaseAndBitshift  stm32f4xx_hal_dma.o
    0x08000a80   0x08000a80   0x00000054   Code   RO         3797    i.DMA_CheckFifoParam  stm32f4xx_hal_dma.o
    0x08000ad4   0x08000ad4   0x00000028   Code   RO         3798    i.DMA_SetConfig     stm32f4xx_hal_dma.o
    0x08000afc   0x08000afc   0x00000002   Code   RO          594    i.DebugMon_Handler  stm32f4xx_it.o
    0x08000afe   0x08000afe   0x00000012   Code   RO          844    i.Driver_Init       driver.o
    0x08000b10   0x08000b10   0x00000004   Code   RO            4    i.Error_Handler     main.o
    0x08000b14   0x08000b14   0x0000001c   Code   RO          297    i.GIMBAL_TASK       freertos.o
    0x08000b30   0x08000b30   0x00000064   Code   RO         1639    i.GIM_PitParamInit  pid.o
    0x08000b94   0x08000b94   0x00000064   Code   RO         1640    i.GIM_YawParamInit  pid.o
    0x08000bf8   0x08000bf8   0x00000024   Code   RO         1641    i.GM_6020_Init      pid.o
    0x08000c1c   0x08000c1c   0x0000002c   Code   RO         1747    i.Get_CRC16_Check_Sum  crc.o
    0x08000c48   0x08000c48   0x0000001c   Code   RO         1748    i.Get_CRC8_Check_Sum  crc.o
    0x08000c64   0x08000c64   0x00000044   Code   RO         1068    i.Gimbal_CanOutPut  gimbal_task.o
    0x08000ca8   0x08000ca8   0x00000024   Code   RO         1071    i.Gimbal_GET_Info   gimbal_task.o
    0x08000ccc   0x08000ccc   0x0000002a   Code   RO         1072    i.Gimbal_GetOutPut  gimbal_task.o
    0x08000cf6   0x08000cf6   0x00000002   PAD
    0x08000cf8   0x08000cf8   0x00000018   Code   RO         1074    i.Gimbal_InitPID    gimbal_task.o
    0x08000d10   0x08000d10   0x000000bc   Code   RO         1075    i.Gimbal_PID_Switch  gimbal_task.o
    0x08000dcc   0x08000dcc   0x0000001c   Code   RO         1076    i.Gimbal_RC_Ctrl    gimbal_task.o
    0x08000de8   0x08000de8   0x00000018   Code   RO         1077    i.Gimbal_Set_PID_type  gimbal_task.o
    0x08000e00   0x08000e00   0x00000020   Code   RO         1078    i.Gimbal_Stop       gimbal_task.o
    0x08000e20   0x08000e20   0x00000024   Code   RO         1079    i.Gimbal_Task       gimbal_task.o
    0x08000e44   0x08000e44   0x00000024   Code   RO         3104    i.HAL_CAN_ActivateNotification  stm32f4xx_hal_can.o
    0x08000e68   0x08000e68   0x000000dc   Code   RO         3105    i.HAL_CAN_AddTxMessage  stm32f4xx_hal_can.o
    0x08000f44   0x08000f44   0x0000010c   Code   RO         3106    i.HAL_CAN_ConfigFilter  stm32f4xx_hal_can.o
    0x08001050   0x08001050   0x00000002   Code   RO         3109    i.HAL_CAN_ErrorCallback  stm32f4xx_hal_can.o
    0x08001052   0x08001052   0x000000e8   Code   RO         3112    i.HAL_CAN_GetRxMessage  stm32f4xx_hal_can.o
    0x0800113a   0x0800113a   0x000001fc   Code   RO         3116    i.HAL_CAN_IRQHandler  stm32f4xx_hal_can.o
    0x08001336   0x08001336   0x0000011a   Code   RO         3117    i.HAL_CAN_Init      stm32f4xx_hal_can.o
    0x08001450   0x08001450   0x00000100   Code   RO          369    i.HAL_CAN_MspInit   can.o
    0x08001550   0x08001550   0x00000002   Code   RO         3124    i.HAL_CAN_RxFifo0FullCallback  stm32f4xx_hal_can.o
    0x08001552   0x08001552   0x00000002   PAD
    0x08001554   0x08001554   0x000000ec   Code   RO         1266    i.HAL_CAN_RxFifo0MsgPendingCallback  can_receive.o
    0x08001640   0x08001640   0x00000002   Code   RO         3126    i.HAL_CAN_RxFifo1FullCallback  stm32f4xx_hal_can.o
    0x08001642   0x08001642   0x00000002   Code   RO         3127    i.HAL_CAN_RxFifo1MsgPendingCallback  stm32f4xx_hal_can.o
    0x08001644   0x08001644   0x00000002   Code   RO         3128    i.HAL_CAN_SleepCallback  stm32f4xx_hal_can.o
    0x08001646   0x08001646   0x00000002   PAD
    0x08001648   0x08001648   0x00000058   Code   RO         3129    i.HAL_CAN_Start     stm32f4xx_hal_can.o
    0x080016a0   0x080016a0   0x00000002   Code   RO         3131    i.HAL_CAN_TxMailbox0AbortCallback  stm32f4xx_hal_can.o
    0x080016a2   0x080016a2   0x00000002   Code   RO         3132    i.HAL_CAN_TxMailbox0CompleteCallback  stm32f4xx_hal_can.o
    0x080016a4   0x080016a4   0x00000002   Code   RO         3133    i.HAL_CAN_TxMailbox1AbortCallback  stm32f4xx_hal_can.o
    0x080016a6   0x080016a6   0x00000002   Code   RO         3134    i.HAL_CAN_TxMailbox1CompleteCallback  stm32f4xx_hal_can.o
    0x080016a8   0x080016a8   0x00000002   Code   RO         3135    i.HAL_CAN_TxMailbox2AbortCallback  stm32f4xx_hal_can.o
    0x080016aa   0x080016aa   0x00000002   Code   RO         3136    i.HAL_CAN_TxMailbox2CompleteCallback  stm32f4xx_hal_can.o
    0x080016ac   0x080016ac   0x00000002   Code   RO         3138    i.HAL_CAN_WakeUpFromRxMsgCallback  stm32f4xx_hal_can.o
    0x080016ae   0x080016ae   0x00000092   Code   RO         3799    i.HAL_DMA_Abort     stm32f4xx_hal_dma.o
    0x08001740   0x08001740   0x00000024   Code   RO         3800    i.HAL_DMA_Abort_IT  stm32f4xx_hal_dma.o
    0x08001764   0x08001764   0x000001a0   Code   RO         3804    i.HAL_DMA_IRQHandler  stm32f4xx_hal_dma.o
    0x08001904   0x08001904   0x000000d4   Code   RO         3805    i.HAL_DMA_Init      stm32f4xx_hal_dma.o
    0x080019d8   0x080019d8   0x0000006e   Code   RO         3809    i.HAL_DMA_Start_IT  stm32f4xx_hal_dma.o
    0x08001a46   0x08001a46   0x00000002   PAD
    0x08001a48   0x08001a48   0x000001f0   Code   RO         3692    i.HAL_GPIO_Init     stm32f4xx_hal_gpio.o
    0x08001c38   0x08001c38   0x0000000c   Code   RO         4224    i.HAL_GetTick       stm32f4xx_hal.o
    0x08001c44   0x08001c44   0x00000010   Code   RO         4230    i.HAL_IncTick       stm32f4xx_hal.o
    0x08001c54   0x08001c54   0x00000034   Code   RO         4231    i.HAL_Init          stm32f4xx_hal.o
    0x08001c88   0x08001c88   0x00000098   Code   RO          763    i.HAL_InitTick      stm32f4xx_hal_timebase_tim.o
    0x08001d20   0x08001d20   0x00000038   Code   RO          739    i.HAL_MspInit       stm32f4xx_hal_msp.o
    0x08001d58   0x08001d58   0x0000001a   Code   RO         4081    i.HAL_NVIC_EnableIRQ  stm32f4xx_hal_cortex.o
    0x08001d72   0x08001d72   0x00000002   PAD
    0x08001d74   0x08001d74   0x00000040   Code   RO         4087    i.HAL_NVIC_SetPriority  stm32f4xx_hal_cortex.o
    0x08001db4   0x08001db4   0x00000024   Code   RO         4088    i.HAL_NVIC_SetPriorityGrouping  stm32f4xx_hal_cortex.o
    0x08001dd8   0x08001dd8   0x00000134   Code   RO         3338    i.HAL_RCC_ClockConfig  stm32f4xx_hal_rcc.o
    0x08001f0c   0x08001f0c   0x00000040   Code   RO         3342    i.HAL_RCC_GetClockConfig  stm32f4xx_hal_rcc.o
    0x08001f4c   0x08001f4c   0x00000020   Code   RO         3345    i.HAL_RCC_GetPCLK1Freq  stm32f4xx_hal_rcc.o
    0x08001f6c   0x08001f6c   0x00000020   Code   RO         3346    i.HAL_RCC_GetPCLK2Freq  stm32f4xx_hal_rcc.o
    0x08001f8c   0x08001f8c   0x00000064   Code   RO         3347    i.HAL_RCC_GetSysClockFreq  stm32f4xx_hal_rcc.o
    0x08001ff0   0x08001ff0   0x0000036c   Code   RO         3350    i.HAL_RCC_OscConfig  stm32f4xx_hal_rcc.o
    0x0800235c   0x0800235c   0x00000002   Code   RO         5175    i.HAL_TIMEx_BreakCallback  stm32f4xx_hal_tim_ex.o
    0x0800235e   0x0800235e   0x00000002   Code   RO         5176    i.HAL_TIMEx_CommutCallback  stm32f4xx_hal_tim_ex.o
    0x08002360   0x08002360   0x00000054   Code   RO         5178    i.HAL_TIMEx_ConfigBreakDeadTime  stm32f4xx_hal_tim_ex.o
    0x080023b4   0x080023b4   0x00000090   Code   RO         5194    i.HAL_TIMEx_MasterConfigSynchronization  stm32f4xx_hal_tim_ex.o
    0x08002444   0x08002444   0x0000005a   Code   RO         4471    i.HAL_TIM_Base_Init  stm32f4xx_hal_tim.o
    0x0800249e   0x0800249e   0x00000002   PAD
    0x080024a0   0x080024a0   0x00000038   Code   RO          442    i.HAL_TIM_Base_MspInit  tim.o
    0x080024d8   0x080024d8   0x00000080   Code   RO         4476    i.HAL_TIM_Base_Start_IT  stm32f4xx_hal_tim.o
    0x08002558   0x08002558   0x000000dc   Code   RO         4480    i.HAL_TIM_ConfigClockSource  stm32f4xx_hal_tim.o
    0x08002634   0x08002634   0x00000002   Code   RO         4501    i.HAL_TIM_ErrorCallback  stm32f4xx_hal_tim.o
    0x08002636   0x08002636   0x00000002   Code   RO         4505    i.HAL_TIM_IC_CaptureCallback  stm32f4xx_hal_tim.o
    0x08002638   0x08002638   0x00000166   Code   RO         4519    i.HAL_TIM_IRQHandler  stm32f4xx_hal_tim.o
    0x0800279e   0x0800279e   0x00000002   PAD
    0x080027a0   0x080027a0   0x00000084   Code   RO          443    i.HAL_TIM_MspPostInit  tim.o
    0x08002824   0x08002824   0x00000002   Code   RO         4522    i.HAL_TIM_OC_DelayElapsedCallback  stm32f4xx_hal_tim.o
    0x08002826   0x08002826   0x000000cc   Code   RO         4543    i.HAL_TIM_PWM_ConfigChannel  stm32f4xx_hal_tim.o
    0x080028f2   0x080028f2   0x0000005a   Code   RO         4546    i.HAL_TIM_PWM_Init  stm32f4xx_hal_tim.o
    0x0800294c   0x0800294c   0x00000098   Code   RO          445    i.HAL_TIM_PWM_MspInit  tim.o
    0x080029e4   0x080029e4   0x0000000c   Code   RO          959    i.HAL_TIM_PWM_PulseFinishedCallback  system_task.o
    0x080029f0   0x080029f0   0x00000002   Code   RO         4550    i.HAL_TIM_PWM_PulseFinishedHalfCpltCallback  stm32f4xx_hal_tim.o
    0x080029f2   0x080029f2   0x00000002   PAD
    0x080029f4   0x080029f4   0x000001bc   Code   RO         4552    i.HAL_TIM_PWM_Start_DMA  stm32f4xx_hal_tim.o
    0x08002bb0   0x08002bb0   0x000000cc   Code   RO         4555    i.HAL_TIM_PWM_Stop_DMA  stm32f4xx_hal_tim.o
    0x08002c7c   0x08002c7c   0x00000014   Code   RO            5    i.HAL_TIM_PeriodElapsedCallback  main.o
    0x08002c90   0x08002c90   0x00000002   Code   RO         4562    i.HAL_TIM_TriggerCallback  stm32f4xx_hal_tim.o
    0x08002c92   0x08002c92   0x00000002   Code   RO         5453    i.HAL_UARTEx_RxEventCallback  stm32f4xx_hal_uart.o
    0x08002c94   0x08002c94   0x00000070   Code   RO         5465    i.HAL_UART_DMAStop  stm32f4xx_hal_uart.o
    0x08002d04   0x08002d04   0x00000002   Code   RO         5467    i.HAL_UART_ErrorCallback  stm32f4xx_hal_uart.o
    0x08002d06   0x08002d06   0x00000002   PAD
    0x08002d08   0x08002d08   0x00000268   Code   RO         5470    i.HAL_UART_IRQHandler  stm32f4xx_hal_uart.o
    0x08002f70   0x08002f70   0x00000062   Code   RO         5471    i.HAL_UART_Init     stm32f4xx_hal_uart.o
    0x08002fd2   0x08002fd2   0x00000002   PAD
    0x08002fd4   0x08002fd4   0x00000350   Code   RO          514    i.HAL_UART_MspInit  usart.o
    0x08003324   0x08003324   0x0000002a   Code   RO         5475    i.HAL_UART_Receive_DMA  stm32f4xx_hal_uart.o
    0x0800334e   0x0800334e   0x00000002   Code   RO         5477    i.HAL_UART_RxCpltCallback  stm32f4xx_hal_uart.o
    0x08003350   0x08003350   0x00000002   Code   RO         5478    i.HAL_UART_RxHalfCpltCallback  stm32f4xx_hal_uart.o
    0x08003352   0x08003352   0x00000002   Code   RO         5482    i.HAL_UART_TxCpltCallback  stm32f4xx_hal_uart.o
    0x08003354   0x08003354   0x00000002   Code   RO          595    i.HardFault_Handler  stm32f4xx_it.o
    0x08003356   0x08003356   0x00000002   PAD
    0x08003358   0x08003358   0x0000001c   Code   RO         1421    i.IMU_Check         hi229.o
    0x08003374   0x08003374   0x00000018   Code   RO         1080    i.IMU_Data_Report   gimbal_task.o
    0x0800338c   0x0800338c   0x00000018   Code   RO         1422    i.IMU_Init          hi229.o
    0x080033a4   0x080033a4   0x00000028   Code   RO         1081    i.IMU_PitData_Report  gimbal_task.o
    0x080033cc   0x080033cc   0x00000010   Code   RO         1423    i.IMU_State_Report  hi229.o
    0x080033dc   0x080033dc   0x00000028   Code   RO         1082    i.IMU_YawData_Report  gimbal_task.o
    0x08003404   0x08003404   0x00000018   Code   RO         1424    i.IMU_get           hi229.o
    0x0800341c   0x0800341c   0x0000017c   Code   RO         1594    i.Judege_read_data  referee.o
    0x08003598   0x08003598   0x00000028   Code   RO         1425    i.Judge_IMU_Lost    hi229.o
    0x080035c0   0x080035c0   0x00000060   Code   RO         1366    i.Judge_RC_DataErr  remote_control.o
    0x08003620   0x08003620   0x00000028   Code   RO         1367    i.Judge_RC_Lost     remote_control.o
    0x08003648   0x08003648   0x0000002c   Code   RO         1642    i.MF_9025_Init      pid.o
    0x08003674   0x08003674   0x0000001c   Code   RO         1643    i.MF_9028_Balance_Kd  pid.o
    0x08003690   0x08003690   0x00000020   Code   RO         1644    i.MF_9028_Balance_Kp  pid.o
    0x080036b0   0x080036b0   0x00000028   Code   RO         1645    i.MF_9028_Chasssis_OUT  pid.o
    0x080036d8   0x080036d8   0x00000048   Code   RO          370    i.MX_CAN1_Init      can.o
    0x08003720   0x08003720   0x00000048   Code   RO          371    i.MX_CAN2_Init      can.o
    0x08003768   0x08003768   0x0000008c   Code   RO          417    i.MX_DMA_Init       dma.o
    0x080037f4   0x080037f4   0x00000068   Code   RO          298    i.MX_FREERTOS_Init  freertos.o
    0x0800385c   0x0800385c   0x0000005c   Code   RO          272    i.MX_GPIO_Init      gpio.o
    0x080038b8   0x080038b8   0x000000a0   Code   RO          446    i.MX_TIM1_Init      tim.o
    0x08003958   0x08003958   0x00000064   Code   RO          447    i.MX_TIM2_Init      tim.o
    0x080039bc   0x080039bc   0x000000a0   Code   RO          448    i.MX_TIM8_Init      tim.o
    0x08003a5c   0x08003a5c   0x00000038   Code   RO          515    i.MX_UART4_Init     usart.o
    0x08003a94   0x08003a94   0x00000038   Code   RO          516    i.MX_UART5_Init     usart.o
    0x08003acc   0x08003acc   0x00000038   Code   RO          517    i.MX_USART1_UART_Init  usart.o
    0x08003b04   0x08003b04   0x00000044   Code   RO          518    i.MX_USART2_UART_Init  usart.o
    0x08003b48   0x08003b48   0x00000038   Code   RO          519    i.MX_USART3_UART_Init  usart.o
    0x08003b80   0x08003b80   0x00000038   Code   RO          520    i.MX_USART6_UART_Init  usart.o
    0x08003bb8   0x08003bb8   0x00000002   Code   RO          596    i.MemManage_Handler  stm32f4xx_it.o
    0x08003bba   0x08003bba   0x0000000e   Code   RO         1646    i.Motor_Init        pid.o
    0x08003bc8   0x08003bc8   0x00000002   Code   RO          597    i.NMI_Handler       stm32f4xx_it.o
    0x08003bca   0x08003bca   0x00000002   PAD
    0x08003bcc   0x08003bcc   0x00000134   Code   RO         1426    i.OnDataReceived    hi229.o
    0x08003d00   0x08003d00   0x0000016a   Code   RO         1648    i.PID_Position      pid.o
    0x08003e6a   0x08003e6a   0x00000002   PAD
    0x08003e6c   0x08003e6c   0x00000030   Code   RO         1083    i.PITCH_Angle_Limit  gimbal_task.o
    0x08003e9c   0x08003e9c   0x000000ec   Code   RO         1531    i.Packet_Decode     packet.o
    0x08003f88   0x08003f88   0x00000018   Code   RO         1532    i.Packet_DecodeInit  packet.o
    0x08003fa0   0x08003fa0   0x00000024   Code   RO         1368    i.RC_Check          remote_control.o
    0x08003fc4   0x08003fc4   0x00000044   Code   RO         1084    i.RC_Ctrl_PITCH     gimbal_task.o
    0x08004008   0x08004008   0x00000048   Code   RO         1085    i.RC_Ctrl_YAW       gimbal_task.o
    0x08004050   0x08004050   0x00000060   Code   RO          912    i.RC_Init           drv_usart.o
    0x080040b0   0x080040b0   0x00000010   Code   RO         1369    i.RC_State_Report   remote_control.o
    0x080040c0   0x080040c0   0x00000010   Code   RO          913    i.Remote_Control_Init  drv_usart.o
    0x080040d0   0x080040d0   0x00000018   Code   RO          299    i.SYSTEM_STATE_TASK  freertos.o
    0x080040e8   0x080040e8   0x00000008   Code   RO          300    i.StartDefaultTask  freertos.o
    0x080040f0   0x080040f0   0x000000b8   Code   RO          960    i.State_LED         system_task.o
    0x080041a8   0x080041a8   0x0000002c   Code   RO         3024    i.SysTick_Handler   port.o
    0x080041d4   0x080041d4   0x00000098   Code   RO            6    i.SystemClock_Config  main.o
    0x0800426c   0x0800426c   0x00000010   Code   RO         5800    i.SystemInit        system_stm32f4xx.o
    0x0800427c   0x0800427c   0x0000002c   Code   RO          802    i.System_State      system.o
    0x080042a8   0x080042a8   0x0000000c   Code   RO          598    i.TIM2_IRQHandler   stm32f4xx_it.o
    0x080042b4   0x080042b4   0x0000001c   Code   RO          599    i.TIM8_TRG_COM_TIM14_IRQHandler  stm32f4xx_it.o
    0x080042d0   0x080042d0   0x000000c8   Code   RO         4564    i.TIM_Base_SetConfig  stm32f4xx_hal_tim.o
    0x08004398   0x08004398   0x0000001a   Code   RO         4565    i.TIM_CCxChannelCmd  stm32f4xx_hal_tim.o
    0x080043b2   0x080043b2   0x0000005e   Code   RO         4568    i.TIM_DMADelayPulseCplt  stm32f4xx_hal_tim.o
    0x08004410   0x08004410   0x00000038   Code   RO         4569    i.TIM_DMADelayPulseHalfCplt  stm32f4xx_hal_tim.o
    0x08004448   0x08004448   0x00000054   Code   RO         4570    i.TIM_DMAError      stm32f4xx_hal_tim.o
    0x0800449c   0x0800449c   0x00000014   Code   RO         4575    i.TIM_ETR_SetConfig  stm32f4xx_hal_tim.o
    0x080044b0   0x080044b0   0x00000010   Code   RO         4576    i.TIM_ITRx_SetConfig  stm32f4xx_hal_tim.o
    0x080044c0   0x080044c0   0x00000060   Code   RO         4577    i.TIM_OC1_SetConfig  stm32f4xx_hal_tim.o
    0x08004520   0x08004520   0x0000006c   Code   RO         4578    i.TIM_OC2_SetConfig  stm32f4xx_hal_tim.o
    0x0800458c   0x0800458c   0x00000068   Code   RO         4579    i.TIM_OC3_SetConfig  stm32f4xx_hal_tim.o
    0x080045f4   0x080045f4   0x00000050   Code   RO         4580    i.TIM_OC4_SetConfig  stm32f4xx_hal_tim.o
    0x08004644   0x08004644   0x00000022   Code   RO         4582    i.TIM_TI1_ConfigInputStage  stm32f4xx_hal_tim.o
    0x08004666   0x08004666   0x00000024   Code   RO         4584    i.TIM_TI2_ConfigInputStage  stm32f4xx_hal_tim.o
    0x0800468a   0x0800468a   0x00000002   PAD
    0x0800468c   0x0800468c   0x0000001c   Code   RO          803    i.Time_Init         system.o
    0x080046a8   0x080046a8   0x00000018   Code   RO          600    i.UART4_IRQHandler  stm32f4xx_it.o
    0x080046c0   0x080046c0   0x00000018   Code   RO          601    i.UART5_IRQHandler  stm32f4xx_it.o
    0x080046d8   0x080046d8   0x00000010   Code   RO         5484    i.UART_DMAAbortOnError  stm32f4xx_hal_uart.o
    0x080046e8   0x080046e8   0x0000004a   Code   RO         5485    i.UART_DMAError     stm32f4xx_hal_uart.o
    0x08004732   0x08004732   0x00000082   Code   RO         5486    i.UART_DMAReceiveCplt  stm32f4xx_hal_uart.o
    0x080047b4   0x080047b4   0x0000001a   Code   RO         5488    i.UART_DMARxHalfCplt  stm32f4xx_hal_uart.o
    0x080047ce   0x080047ce   0x0000004e   Code   RO         5494    i.UART_EndRxTransfer  stm32f4xx_hal_uart.o
    0x0800481c   0x0800481c   0x0000001c   Code   RO         5495    i.UART_EndTxTransfer  stm32f4xx_hal_uart.o
    0x08004838   0x08004838   0x00000188   Code   RO          914    i.UART_IRQHandler_IT  drv_usart.o
    0x080049c0   0x080049c0   0x000000c0   Code   RO         5496    i.UART_Receive_IT   stm32f4xx_hal_uart.o
    0x08004a80   0x08004a80   0x0000010c   Code   RO         5497    i.UART_SetConfig    stm32f4xx_hal_uart.o
    0x08004b8c   0x08004b8c   0x00000094   Code   RO         5498    i.UART_Start_Receive_DMA  stm32f4xx_hal_uart.o
    0x08004c20   0x08004c20   0x00000018   Code   RO          602    i.USART1_IRQHandler  stm32f4xx_it.o
    0x08004c38   0x08004c38   0x00000018   Code   RO          603    i.USART2_IRQHandler  stm32f4xx_it.o
    0x08004c50   0x08004c50   0x0000000c   Code   RO          604    i.USART3_IRQHandler  stm32f4xx_it.o
    0x08004c5c   0x08004c5c   0x0000000c   Code   RO          605    i.USART6_IRQHandler  stm32f4xx_it.o
    0x08004c68   0x08004c68   0x0000005c   Code   RO          915    i.USART_Init        drv_usart.o
    0x08004cc4   0x08004cc4   0x00000002   Code   RO          606    i.UsageFault_Handler  stm32f4xx_it.o
    0x08004cc6   0x08004cc6   0x00000002   PAD
    0x08004cc8   0x08004cc8   0x0000003c   Code   RO         1749    i.Verify_CRC16_Check_Sum  crc.o
    0x08004d04   0x08004d04   0x00000026   Code   RO         1750    i.Verify_CRC8_Check_Sum  crc.o
    0x08004d2a   0x08004d2a   0x00000002   PAD
    0x08004d2c   0x08004d2c   0x00000054   Code   RO         1086    i.YAW_Angle_Over_Zero  gimbal_task.o
    0x08004d80   0x08004d80   0x00000020   Code   RO         4094    i.__NVIC_SetPriority  stm32f4xx_hal_cortex.o
    0x08004da0   0x08004da0   0x00000020   Code   RO         1649    i.anti_constrain    pid.o
    0x08004dc0   0x08004dc0   0x00000026   Code   RO         1267    i.capacitance_date  can_receive.o
    0x08004de6   0x08004de6   0x0000002e   Code   RO         1534    i.crc16_update      packet.o
    0x08004e14   0x08004e14   0x00000010   Code   RO         1427    i.get_eular         hi229.o
    0x08004e24   0x08004e24   0x00000014   Code   RO         1431    i.get_raw_gyo       hi229.o
    0x08004e38   0x08004e38   0x00000056   Code   RO            7    i.main              main.o
    0x08004e8e   0x08004e8e   0x0000000c   Code   RO         2589    i.makeFreeRtosPriority  cmsis_os.o
    0x08004e9a   0x08004e9a   0x00000044   Code   RO          804    i.micros            system.o
    0x08004ede   0x08004ede   0x0000000e   Code   RO         2591    i.osDelay           cmsis_os.o
    0x08004eec   0x08004eec   0x0000000a   Code   RO         2594    i.osKernelStart     cmsis_os.o
    0x08004ef6   0x08004ef6   0x00000054   Code   RO         2628    i.osThreadCreate    cmsis_os.o
    0x08004f4a   0x08004f4a   0x00000002   PAD
    0x08004f4c   0x08004f4c   0x00000070   Code   RO         2265    i.prvAddCurrentTaskToDelayedList  tasks.o
    0x08004fbc   0x08004fbc   0x000000d0   Code   RO         2266    i.prvAddNewTaskToReadyList  tasks.o
    0x0800508c   0x0800508c   0x00000034   Code   RO         2267    i.prvDeleteTCB      tasks.o
    0x080050c0   0x080050c0   0x0000004c   Code   RO         2956    i.prvHeapInit       heap_4.o
    0x0800510c   0x0800510c   0x00000060   Code   RO         2268    i.prvIdleTask       tasks.o
    0x0800516c   0x0800516c   0x00000098   Code   RO         2269    i.prvInitialiseNewTask  tasks.o
    0x08005204   0x08005204   0x0000004c   Code   RO         2957    i.prvInsertBlockIntoFreeList  heap_4.o
    0x08005250   0x08005250   0x00000020   Code   RO         2270    i.prvResetNextTaskUnblockTime  tasks.o
    0x08005270   0x08005270   0x00000028   Code   RO         3025    i.prvTaskExitError  port.o
    0x08005298   0x08005298   0x000000dc   Code   RO         2958    i.pvPortMalloc      heap_4.o
    0x08005374   0x08005374   0x0000002c   Code   RO         3026    i.pxPortInitialiseStack  port.o
    0x080053a0   0x080053a0   0x000000d2   Code   RO         1370    i.sbus_to_rc        remote_control.o
    0x08005472   0x08005472   0x00000026   Code   RO         1907    i.uxListRemove      list.o
    0x08005498   0x08005498   0x00000014   Code   RO          301    i.vApplicationGetIdleTaskMemory  freertos.o
    0x080054ac   0x080054ac   0x00000016   Code   RO         1908    i.vListInitialise   list.o
    0x080054c2   0x080054c2   0x00000006   Code   RO         1909    i.vListInitialiseItem  list.o
    0x080054c8   0x080054c8   0x00000030   Code   RO         1910    i.vListInsert       list.o
    0x080054f8   0x080054f8   0x00000018   Code   RO         1911    i.vListInsertEnd    list.o
    0x08005510   0x08005510   0x00000040   Code   RO         3028    i.vPortEnterCritical  port.o
    0x08005550   0x08005550   0x00000028   Code   RO         3029    i.vPortExitCritical  port.o
    0x08005578   0x08005578   0x00000064   Code   RO         2959    i.vPortFree         heap_4.o
    0x080055dc   0x080055dc   0x00000024   Code   RO         3030    i.vPortSetupTimerInterrupt  port.o
    0x08005600   0x08005600   0x0000004c   Code   RO         2279    i.vTaskDelay        tasks.o
    0x0800564c   0x0800564c   0x0000008c   Code   RO         2280    i.vTaskDelayUntil   tasks.o
    0x080056d8   0x080056d8   0x0000006c   Code   RO         2293    i.vTaskStartScheduler  tasks.o
    0x08005744   0x08005744   0x00000010   Code   RO         2295    i.vTaskSuspendAll   tasks.o
    0x08005754   0x08005754   0x0000005c   Code   RO         2296    i.vTaskSwitchContext  tasks.o
    0x080057b0   0x080057b0   0x00000054   Code   RO          962    i.ws2812_set_RGB    system_task.o
    0x08005804   0x08005804   0x000000f4   Code   RO         3032    i.xPortStartScheduler  port.o
    0x080058f8   0x080058f8   0x0000005a   Code   RO         2299    i.xTaskCreate       tasks.o
    0x08005952   0x08005952   0x00000056   Code   RO         2300    i.xTaskCreateStatic  tasks.o
    0x080059a8   0x080059a8   0x0000000c   Code   RO         2305    i.xTaskGetTickCount  tasks.o
    0x080059b4   0x080059b4   0x000000cc   Code   RO         2307    i.xTaskIncrementTick  tasks.o
    0x08005a80   0x08005a80   0x000000c4   Code   RO         2313    i.xTaskResumeAll    tasks.o
    0x08005b44   0x08005b44   0x0000000a   Code   RO         5966    x$fpl$fpinit        fz_wm.l(fpinit.o)
    0x08005b4e   0x08005b4e   0x00000002   PAD
    0x08005b50   0x08005b50   0x00000070   Data   RO          303    .constdata          freertos.o
    0x08005bc0   0x08005bc0   0x00000300   Data   RO         1752    .constdata          crc.o
    0x08005ec0   0x08005ec0   0x00000008   Data   RO         3811    .constdata          stm32f4xx_hal_dma.o
    0x08005ec8   0x08005ec8   0x00000010   Data   RO         5801    .constdata          system_stm32f4xx.o
    0x08005ed8   0x08005ed8   0x00000008   Data   RO         5802    .constdata          system_stm32f4xx.o
    0x08005ee0   0x08005ee0   0x00000035   Data   RO          304    .conststring        freertos.o
    0x08005f15   0x08005f15   0x00000003   PAD
    0x08005f18   0x08005f18   0x00000020   Data   RO         6024    Region$$Table       anon$$obj.o


    Execution Region RW_IRAM1 (Exec base: 0x20000000, Load base: 0x08005f38, Size: 0x00005938, Max: 0x0001c000, ABSOLUTE, COMPRESSED[0x00000064])

    Exec Addr    Load Addr    Size         Type   Attr      Idx    E Section Name        Object

    0x20000000   COMPRESSED   0x00000010   Data   RW          306    .data               freertos.o
    0x20000010   COMPRESSED   0x00000004   Data   RW          373    .data               can.o
    0x20000014   COMPRESSED   0x00000004   PAD
    0x20000018   COMPRESSED   0x00000018   Data   RW          805    .data               system.o
    0x20000030   COMPRESSED   0x00000002   Data   RW          918    .data               drv_usart.o
    0x20000032   COMPRESSED   0x00000004   Data   RW          964    .data               system_task.o
    0x20000036   COMPRESSED   0x00000002   PAD
    0x20000038   COMPRESSED   0x00000254   Data   RW         1014    .data               chassis_task.o
    0x2000028c   COMPRESSED   0x000001a8   Data   RW         1087    .data               gimbal_task.o
    0x20000434   COMPRESSED   0x00000218   Data   RW         1198    .data               shoot_task.o
    0x2000064c   COMPRESSED   0x00000032   Data   RW         1269    .data               can_receive.o
    0x2000067e   COMPRESSED   0x00000003   Data   RW         1372    .data               remote_control.o
    0x20000681   COMPRESSED   0x00000001   PAD
    0x20000682   COMPRESSED   0x00000016   Data   RW         1434    .data               hi229.o
    0x20000698   COMPRESSED   0x00000014   Data   RW         1535    .data               packet.o
    0x200006ac   COMPRESSED   0x00000001   Data   RW         1596    .data               referee.o
    0x200006ad   COMPRESSED   0x0000000c   Data   RW         1651    .data               pid.o
    0x200006b9   COMPRESSED   0x0000000c   Data   RW         1652    .data               pid.o
    0x200006c5   COMPRESSED   0x0000000c   Data   RW         1653    .data               pid.o
    0x200006d1   COMPRESSED   0x000000d8   Data   RW         1654    .data               pid.o
    0x200007a9   COMPRESSED   0x000000d8   Data   RW         1655    .data               pid.o
    0x20000881   COMPRESSED   0x00000001   PAD
    0x20000882   COMPRESSED   0x00000002   Data   RW         1753    .data               crc.o
    0x20000884   COMPRESSED   0x0000003c   Data   RW         2316    .data               tasks.o
    0x200008c0   COMPRESSED   0x00000020   Data   RW         2965    .data               heap_4.o
    0x200008e0   COMPRESSED   0x0000000c   Data   RW         3033    .data               port.o
    0x200008ec   COMPRESSED   0x0000000c   Data   RW         4238    .data               stm32f4xx_hal.o
    0x200008f8   COMPRESSED   0x00000004   Data   RW         5803    .data               system_stm32f4xx.o
    0x200008fc        -       0x00000254   Zero   RW          302    .bss                freertos.o
    0x20000b50        -       0x00000050   Zero   RW          372    .bss                can.o
    0x20000ba0        -       0x00000138   Zero   RW          449    .bss                tim.o
    0x20000cd8        -       0x00000378   Zero   RW          521    .bss                usart.o
    0x20001050        -       0x00000048   Zero   RW          766    .bss                stm32f4xx_hal_timebase_tim.o
    0x20001098        -       0x0000019d   Zero   RW          916    .bss                drv_usart.o
    0x20001235   COMPRESSED   0x00000001   PAD
    0x20001236        -       0x000001c0   Zero   RW          963    .bss                system_task.o
    0x200013f6   COMPRESSED   0x00000002   PAD
    0x200013f8        -       0x0000008c   Zero   RW         1268    .bss                can_receive.o
    0x20001484        -       0x00000016   Zero   RW         1371    .bss                remote_control.o
    0x2000149a   COMPRESSED   0x00000002   PAD
    0x2000149c        -       0x000000bc   Zero   RW         1433    .bss                hi229.o
    0x20001558        -       0x00000090   Zero   RW         1595    .bss                referee.o
    0x200015e8        -       0x000000f0   Zero   RW         2315    .bss                tasks.o
    0x200016d8        -       0x00003c00   Zero   RW         2964    .bss                heap_4.o
    0x200052d8        -       0x00000060   Zero   RW         5896    .bss                c_w.l(libspace.o)
    0x20005338        -       0x00000200   Zero   RW         5835    HEAP                startup_stm32f405xx.o
    0x20005538        -       0x00000400   Zero   RW         5834    STACK               startup_stm32f405xx.o


    Execution Region RW_IRAM2 (Exec base: 0x2001c000, Load base: 0x08005f9c, Size: 0x00000000, Max: 0x00004000, ABSOLUTE)

    **** No section assigned to this execution region ****


==============================================================================

Image component sizes


      Code (inc. data)   RO Data    RW Data    ZI Data      Debug   Object Name

       400         44          0          4         80       2526   can.o
       548         96          0         50        140       9320   can_receive.o
       496         74          0        596          0       4781   chassis_task.o
       120          0          0          0          0      23381   cmsis_os.o
       170         16        768          2          0       3755   crc.o
       140          4          0          0          0        862   dma.o
        18          0          0          0          0        502   driver.o
       140         20          0          0          0       1972   drv_can.o
       596         76          0          2        413       3699   drv_usart.o
         0          0          0          0          0      16968   event_groups.o
       208         12        165         16        596       4495   freertos.o
       854        104          0        424          0      10439   gimbal_task.o
        92          6          0          0          0        919   gpio.o
       472         24          0         32      15360       7475   heap_4.o
       476         52          0         22        188       5020   hi229.o
       138          0          0          0          0       3602   list.o
       262         16          0          0          0     691476   main.o
       306         18          0         20          0       2940   packet.o
       788        112          0        468          0       9731   pid.o
       702         72          0         12          0      11056   port.o
       380         16          0          1        144       8159   referee.o
       398         22          0          3         22       5671   remote_control.o
         0          0          0        536          0        800   shoot_task.o
        64         26        392          0       1536        816   startup_stm32f405xx.o
        80         14          0         12          0       8114   stm32f4xx_hal.o
      1658          6          0          0          0      14383   stm32f4xx_hal_can.o
       158         14          0          0          0      33206   stm32f4xx_hal_cortex.o
      1084         16          8          0          0       7402   stm32f4xx_hal_dma.o
       496         46          0          0          0       1548   stm32f4xx_hal_gpio.o
        56          4          0          0          0        878   stm32f4xx_hal_msp.o
      1412         86          0          0          0       5941   stm32f4xx_hal_rcc.o
      2702        156          0          0          0      20518   stm32f4xx_hal_tim.o
       232         28          0          0          0       3309   stm32f4xx_hal_tim_ex.o
       152         20          0          0         72       1500   stm32f4xx_hal_timebase_tim.o
      1838         30          0          0          0      13945   stm32f4xx_hal_uart.o
       268        100          0          0          0      10729   stm32f4xx_it.o
       140          8          0         24          0       3190   system.o
        16          4         24          4          0       1147   system_stm32f4xx.o
       280         22          0          4        448       2623   system_task.o
      1672        126          0         60        240      21316   tasks.o
       760         72          0          0        312       4674   tim.o
      1196        114          0          0        888       5708   usart.o

    ----------------------------------------------------------------------
     22006       1676       1392       2300      20444     990496   Object Totals
         0          0         32          0          0          0   (incl. Generated)
        38          0          3          8          5          0   (incl. Padding)

    ----------------------------------------------------------------------

      Code (inc. data)   RO Data    RW Data    ZI Data      Debug   Library Member Name

        90          0          0          0          0          0   __dczerorl2.o
         8          0          0          0          0         68   __main.o
         0          0          0          0          0          0   __rtentry.o
        12          0          0          0          0          0   __rtentry2.o
         6          0          0          0          0          0   __rtentry4.o
        52          8          0          0          0          0   __scatter.o
        28          0          0          0          0          0   __scatter_zi.o
        18          0          0          0          0         80   exit.o
         6          0          0          0          0        152   heapauxi.o
         0          0          0          0          0          0   indicate_semi.o
         2          0          0          0          0          0   libinit.o
         6          0          0          0          0          0   libinit2.o
         2          0          0          0          0          0   libshutdown.o
         2          0          0          0          0          0   libshutdown2.o
         8          4          0          0         96         68   libspace.o
       238          0          0          0          0        100   lludivv7m.o
        68          0          0          0          0         68   rt_memclr.o
        78          0          0          0          0         80   rt_memclr_w.o
       138          0          0          0          0         68   rt_memcpy_v6.o
       100          0          0          0          0         80   rt_memcpy_w.o
         2          0          0          0          0          0   rtexit.o
        10          0          0          0          0          0   rtexit2.o
        12          4          0          0          0         68   sys_exit.o
        74          0          0          0          0         80   sys_stackheap_outer.o
         2          0          0          0          0         68   use_no_semi.o
        10          0          0          0          0        116   fpinit.o

    ----------------------------------------------------------------------
       978         16          0          0         96       1096   Library Totals
         6          0          0          0          0          0   (incl. Padding)

    ----------------------------------------------------------------------

      Code (inc. data)   RO Data    RW Data    ZI Data      Debug   Library Name

       962         16          0          0         96        980   c_w.l
        10          0          0          0          0        116   fz_wm.l

    ----------------------------------------------------------------------
       978         16          0          0         96       1096   Library Totals

    ----------------------------------------------------------------------

==============================================================================


      Code (inc. data)   RO Data    RW Data    ZI Data      Debug   

     22984       1692       1392       2300      20540     967676   Grand Totals
     22984       1692       1392        100      20540     967676   ELF Image Totals (compressed)
     22984       1692       1392        100          0          0   ROM Totals

==============================================================================

    Total RO  Size (Code + RO Data)                24376 (  23.80kB)
    Total RW  Size (RW Data + ZI Data)             22840 (  22.30kB)
    Total ROM Size (Code + RO Data + RW Data)      24476 (  23.90kB)

==============================================================================

