Component: ARM Compiler 5.06 update 7 (build 960) Tool: armlink [4d3601]

==============================================================================

Section Cross References

    main.o(i.HAL_TIM_PeriodElapsedCallback) refers to stm32f4xx_hal.o(i.HAL_IncTick) for HAL_IncTick
    main.o(i.SystemClock_Config) refers to rt_memclr_w.o(.text) for __aeabi_memclr4
    main.o(i.SystemClock_Config) refers to stm32f4xx_hal_rcc.o(i.HAL_RCC_OscConfig) for HAL_RCC_OscConfig
    main.o(i.SystemClock_Config) refers to stm32f4xx_hal_rcc.o(i.HAL_RCC_ClockConfig) for HAL_RCC_ClockConfig
    main.o(i.main) refers to stm32f4xx_hal.o(i.HAL_Init) for HAL_Init
    main.o(i.main) refers to main.o(i.SystemClock_Config) for SystemClock_Config
    main.o(i.main) refers to gpio.o(i.MX_GPIO_Init) for MX_GPIO_Init
    main.o(i.main) refers to dma.o(i.MX_DMA_Init) for MX_DMA_Init
    main.o(i.main) refers to can.o(i.MX_CAN1_Init) for MX_CAN1_Init
    main.o(i.main) refers to can.o(i.MX_CAN2_Init) for MX_CAN2_Init
    main.o(i.main) refers to usart.o(i.MX_USART1_UART_Init) for MX_USART1_UART_Init
    main.o(i.main) refers to usart.o(i.MX_USART2_UART_Init) for MX_USART2_UART_Init
    main.o(i.main) refers to usart.o(i.MX_UART4_Init) for MX_UART4_Init
    main.o(i.main) refers to usart.o(i.MX_USART3_UART_Init) for MX_USART3_UART_Init
    main.o(i.main) refers to usart.o(i.MX_UART5_Init) for MX_UART5_Init
    main.o(i.main) refers to usart.o(i.MX_USART6_UART_Init) for MX_USART6_UART_Init
    main.o(i.main) refers to tim.o(i.MX_TIM2_Init) for MX_TIM2_Init
    main.o(i.main) refers to tim.o(i.MX_TIM8_Init) for MX_TIM8_Init
    main.o(i.main) refers to tim.o(i.MX_TIM1_Init) for MX_TIM1_Init
    main.o(i.main) refers to driver.o(i.Driver_Init) for Driver_Init
    main.o(i.main) refers to pid.o(i.Motor_Init) for Motor_Init
    main.o(i.main) refers to system_task.o(i.Time_Init) for Time_Init
    main.o(i.main) refers to chassis_task.o(i.Chassis_InitPID) for Chassis_InitPID
    main.o(i.main) refers to freertos.o(i.MX_FREERTOS_Init) for MX_FREERTOS_Init
    main.o(i.main) refers to cmsis_os.o(i.osKernelStart) for osKernelStart
    freertos.o(i.CHASSIS_TASK) refers to tasks.o(i.xTaskGetTickCount) for xTaskGetTickCount
    freertos.o(i.CHASSIS_TASK) refers to chassis_task.o(i.Chassis_Task) for Chassis_Task
    freertos.o(i.CHASSIS_TASK) refers to tasks.o(i.vTaskDelayUntil) for vTaskDelayUntil
    freertos.o(i.GIMBAL_TASK) refers to tasks.o(i.xTaskGetTickCount) for xTaskGetTickCount
    freertos.o(i.GIMBAL_TASK) refers to hi229.o(i.IMU_get) for IMU_get
    freertos.o(i.GIMBAL_TASK) refers to gimbal_task.o(i.Gimbal_Task) for Gimbal_Task
    freertos.o(i.GIMBAL_TASK) refers to tasks.o(i.vTaskDelayUntil) for vTaskDelayUntil
    freertos.o(i.MX_FREERTOS_Init) refers to rt_memcpy_w.o(.text) for __aeabi_memcpy4
    freertos.o(i.MX_FREERTOS_Init) refers to cmsis_os.o(i.osThreadCreate) for osThreadCreate
    freertos.o(i.MX_FREERTOS_Init) refers to freertos.o(.constdata) for .constdata
    freertos.o(i.MX_FREERTOS_Init) refers to freertos.o(.data) for .data
    freertos.o(i.SYSTEM_STATE_TASK) refers to system_task.o(i.System_State) for System_State
    freertos.o(i.SYSTEM_STATE_TASK) refers to remote_control.o(i.RC_State_Report) for RC_State_Report
    freertos.o(i.SYSTEM_STATE_TASK) refers to hi229.o(i.IMU_State_Report) for IMU_State_Report
    freertos.o(i.SYSTEM_STATE_TASK) refers to system_task.o(i.State_LED) for State_LED
    freertos.o(i.SYSTEM_STATE_TASK) refers to tasks.o(i.vTaskDelay) for vTaskDelay
    freertos.o(i.StartDefaultTask) refers to cmsis_os.o(i.osDelay) for osDelay
    freertos.o(i.vApplicationGetIdleTaskMemory) refers to freertos.o(.bss) for .bss
    freertos.o(.constdata) refers to freertos.o(.conststring) for .conststring
    freertos.o(.constdata) refers to freertos.o(i.StartDefaultTask) for StartDefaultTask
    freertos.o(.constdata) refers to freertos.o(i.SYSTEM_STATE_TASK) for SYSTEM_STATE_TASK
    freertos.o(.constdata) refers to freertos.o(i.CHASSIS_TASK) for CHASSIS_TASK
    freertos.o(.constdata) refers to freertos.o(i.GIMBAL_TASK) for GIMBAL_TASK
    can.o(i.HAL_CAN_MspDeInit) refers to stm32f4xx_hal_gpio.o(i.HAL_GPIO_DeInit) for HAL_GPIO_DeInit
    can.o(i.HAL_CAN_MspDeInit) refers to stm32f4xx_hal_cortex.o(i.HAL_NVIC_DisableIRQ) for HAL_NVIC_DisableIRQ
    can.o(i.HAL_CAN_MspDeInit) refers to can.o(.data) for .data
    can.o(i.HAL_CAN_MspInit) refers to rt_memclr_w.o(.text) for __aeabi_memclr4
    can.o(i.HAL_CAN_MspInit) refers to stm32f4xx_hal_gpio.o(i.HAL_GPIO_Init) for HAL_GPIO_Init
    can.o(i.HAL_CAN_MspInit) refers to stm32f4xx_hal_cortex.o(i.HAL_NVIC_SetPriority) for HAL_NVIC_SetPriority
    can.o(i.HAL_CAN_MspInit) refers to stm32f4xx_hal_cortex.o(i.HAL_NVIC_EnableIRQ) for HAL_NVIC_EnableIRQ
    can.o(i.HAL_CAN_MspInit) refers to can.o(.data) for .data
    can.o(i.MX_CAN1_Init) refers to stm32f4xx_hal_can.o(i.HAL_CAN_Init) for HAL_CAN_Init
[...]
    __scatterload_rt2_thumb_only             0x08000191   Thumb Code     0  __scatter.o(!!!scatter)
    __scatterload_null                       0x0800019f   Thumb Code     0  __scatter.o(!!!scatter)
    __decompress                             0x080001c5   Thumb Code    90  __dczerorl2.o(!!dczerorl2)
    __decompress1                            0x080001c5   Thumb Code     0  __dczerorl2.o(!!dczerorl2)
    __scatterload_zeroinit                   0x08000221   Thumb Code    28  __scatter_zi.o(!!handler_zi)
    __rt_lib_init                            0x0800023d   Thumb Code     0  libinit.o(.ARM.Collect$$libinit$$00000000)
    __rt_lib_init_fp_1                       0x0800023f   Thumb Code     0  libinit2.o(.ARM.Collect$$libinit$$00000001)
    __rt_lib_init_alloca_1                   0x08000243   Thumb Code     0  libinit2.o(.ARM.Collect$$libinit$$0000002E)
    __rt_lib_init_argv_1                     0x08000243   Thumb Code     0  libinit2.o(.ARM.Collect$$libinit$$0000002C)
    __rt_lib_init_atexit_1                   0x08000243   Thumb Code     0  libinit2.o(.ARM.Collect$$libinit$$0000001B)
    __rt_lib_init_clock_1                    0x08000243   Thumb Code     0  libinit2.o(.ARM.Collect$$libinit$$00000021)
    __rt_lib_init_cpp_1                      0x08000243   Thumb Code     0  libinit2.o(.ARM.Collect$$libinit$$00000032)
    __rt_lib_init_exceptions_1               0x08000243   Thumb Code     0  libinit2.o(.ARM.Collect$$libinit$$00000030)
    __rt_lib_init_fp_trap_1                  0x08000243   Thumb Code     0  libinit2.o(.ARM.Collect$$libinit$$0000001F)
    __rt_lib_init_getenv_1                   0x08000243   Thumb Code     0  libinit2.o(.ARM.Collect$$libinit$$00000023)
    __rt_lib_init_heap_1                     0x08000243   Thumb Code     0  libinit2.o(.ARM.Collect$$libinit$$0000000A)
    __rt_lib_init_lc_collate_1               0x08000243   Thumb Code     0  libinit2.o(.ARM.Collect$$libinit$$00000011)
    __rt_lib_init_lc_ctype_1                 0x08000243   Thumb Code     0  libinit2.o(.ARM.Collect$$libinit$$00000013)
    __rt_lib_init_lc_monetary_1              0x08000243   Thumb Code     0  libinit2.o(.ARM.Collect$$libinit$$00000015)
    __rt_lib_init_lc_numeric_1               0x08000243   Thumb Code     0  libinit2.o(.ARM.Collect$$libinit$$00000017)
    __rt_lib_init_lc_time_1                  0x08000243   Thumb Code     0  libinit2.o(.ARM.Collect$$libinit$$00000019)
    __rt_lib_init_preinit_1                  0x08000243   Thumb Code     0  libinit2.o(.ARM.Collect$$libinit$$00000004)
    __rt_lib_init_rand_1                     0x08000243   Thumb Code     0  libinit2.o(.ARM.Collect$$libinit$$0000000E)
    __rt_lib_init_return                     0x08000243   Thumb Code     0  libinit2.o(.ARM.Collect$$libinit$$00000033)
    __rt_lib_init_signal_1                   0x08000243   Thumb Code     0  libinit2.o(.ARM.Collect$$libinit$$0000001D)
    __rt_lib_init_stdio_1                    0x08000243   Thumb Code     0  libinit2.o(.ARM.Collect$$libinit$$00000025)
    __rt_lib_init_user_alloc_1               0x08000243   Thumb Code     0  libinit2.o(.ARM.Collect$$libinit$$0000000C)
    __rt_lib_shutdown                        0x08000245   Thumb Code     0  libshutdown.o(.ARM.Collect$$libshutdown$$00000000)
    __rt_lib_shutdown_cpp_1                  0x08000247   Thumb Code     0  libshutdown2.o(.ARM.Collect$$libshutdown$$00000004)
    __rt_lib_shutdown_fini_1                 0x08000247   Thumb Code     0  libshutdown2.o(.ARM.Collect$$libshutdown$$00000002)
    __rt_lib_shutdown_fp_trap_1              0x08000247   Thumb Code     0  libshutdown2.o(.ARM.Collect$$libshutdown$$00000009)
    __rt_lib_shutdown_heap_1                 0x08000247   Thumb Code     0  libshutdown2.o(.ARM.Collect$$libshutdown$$00000011)
    __rt_lib_shutdown_return                 0x08000247   Thumb Code     0  libshutdown2.o(.ARM.Collect$$libshutdown$$00000012)
    __rt_lib_shutdown_signal_1               0x08000247   Thumb Code     0  libshutdown2.o(.ARM.Collect$$libshutdown$$0000000C)
    __rt_lib_shutdown_stdio_1                0x08000247   Thumb Code     0  libshutdown2.o(.ARM.Collect$$libshutdown$$00000006)
    __rt_lib_shutdown_user_alloc_1           0x08000247   Thumb Code     0  libshutdown2.o(.ARM.Collect$$libshutdown$$0000000E)
    __rt_entry                               0x08000249   Thumb Code     0  __rtentry.o(.ARM.Collect$$rtentry$$00000000)
    __rt_entry_presh_1                       0x08000249   Thumb Code     0  __rtentry2.o(.ARM.Collect$$rtentry$$00000002)
    __rt_entry_sh                            0x08000249   Thumb Code     0  __rtentry4.o(.ARM.Collect$$rtentry$$00000004)
    __rt_entry_li                            0x0800024f   Thumb Code     0  __rtentry2.o(.ARM.Collect$$rtentry$$0000000A)
    __rt_entry_postsh_1                      0x0800024f   Thumb Code     0  __rtentry2.o(.ARM.Collect$$rtentry$$00000009)
    __rt_entry_main                          0x08000253   Thumb Code     0  __rtentry2.o(.ARM.Collect$$rtentry$$0000000D)
    __rt_entry_postli_1                      0x08000253   Thumb Code     0  __rtentry2.o(.ARM.Collect$$rtentry$$0000000C)
    __rt_exit                                0x0800025b   Thumb Code     0  rtexit.o(.ARM.Collect$$rtexit$$00000000)
    __rt_exit_ls                             0x0800025d   Thumb Code     0  rtexit2.o(.ARM.Collect$$rtexit$$00000003)
    __rt_exit_prels_1                        0x0800025d   Thumb Code     0  rtexit2.o(.ARM.Collect$$rtexit$$00000002)
    __rt_exit_exit                           0x08000261   Thumb Code     0  rtexit2.o(.ARM.Collect$$rtexit$$00000004)
    SVC_Handler                              0x08000269   Thumb Code    28  port.o(.emb_text)
    __asm___6_port_c_39a90d8d__prvStartFirstTask 0x08000289   Thumb Code    36  port.o(.emb_text)
    __asm___6_port_c_39a90d8d__prvEnableVFP  0x080002b1   Thumb Code    16  port.o(.emb_text)
    PendSV_Handler                           0x080002c5   Thumb Code    88  port.o(.emb_text)
    vPortGetIPSR                             0x08000321   Thumb Code     6  port.o(.emb_text)
    Reset_Handler                            0x08000329   Thumb Code     8  startup_stm32f405xx.o(.text)
    ADC_IRQHandler                           0x08000343   Thumb Code     0  startup_stm32f405xx.o(.text)
    CAN1_RX1_IRQHandler                      0x08000343   Thumb Code     0  startup_stm32f405xx.o(.text)
    CAN1_SCE_IRQHandler                      0x08000343   Thumb Code     0  startup_stm32f405xx.o(.text)
    CAN1_TX_IRQHandler                       0x08000343   Thumb Code     0  startup_stm32f405xx.o(.text)
    CAN2_RX1_IRQHandler                      0x08000343   Thumb Code     0  startup_stm32f405xx.o(.text)
    CAN2_SCE_IRQHandler                      0x08000343   Thumb Code     0  startup_stm32f405xx.o(.text)
    CAN2_TX_IRQHandler                       0x08000343   Thumb Code     0  startup_stm32f405xx.o(.text)
    DMA1_Stream3_IRQHandler                  0x08000343   Thumb Code     0  startup_stm32f405xx.o(.text)
    DMA1_Stream4_IRQHandler                  0x08000343   Thumb Code     0  startup_stm32f405xx.o(.text)
    DMA1_Stream6_IRQHandler                  0x08000343   Thumb Code     0  startup_stm32f405xx.o(.text)
    DMA1_Stream7_IRQHandler                  0x08000343   Thumb Code     0  startup_stm32f405xx.o(.text)
    DMA2_Stream0_IRQHandler                  0x08000343   Thumb Code     0  startup_stm32f405xx.o(.text)
    DMA2_Stream3_IRQHandler                  0x08000343   Thumb Code     0  startup_stm32f405xx.o(.text)
    DMA2_Stream4_IRQHandler                  0x08000343   Thumb Code     0  startup_stm32f405xx.o(.text)
    DMA2_Stream5_IRQHandler                  0x08000343   Thumb Code     0  startup_stm32f405xx.o(.text)
    DMA2_Stream6_IRQHandler                  0x08000343   Thumb Code     0  startup_stm32f405xx.o(.text)
    DMA2_Stream7_IRQHandler                  0x08000343   Thumb Code     0  startup_stm32f405xx.o(.text)
    EXTI0_IRQHandler                         0x08000343   Thumb Code     0  startup_stm32f405xx.o(.text)
    EXTI15_10_IRQHandler                     0x08000343   Thumb Code     0  startup_stm32f405xx.o(.text)
    EXTI1_IRQHandler                         0x08000343   Thumb Code     0  startup_stm32f405xx.o(.text)
    EXTI2_IRQHandler                         0x08000343   Thumb Code     0  startup_stm32f405xx.o(.text)
    EXTI3_IRQHandler                         0x08000343   Thumb Code     0  startup_stm32f405xx.o(.text)
    EXTI4_IRQHandler                         0x08000343   Thumb Code     0  startup_stm32f405xx.o(.text)
    EXTI9_5_IRQHandler                       0x08000343   Thumb Code     0  startup_stm32f405xx.o(.text)
    FLASH_IRQHandler                         0x08000343   Thumb Code     0  startup_stm32f405xx.o(.text)
    FMC_IRQHandler                           0x08000343   Thumb Code     0  startup_stm32f405xx.o(.text)
    FPU_IRQHandler                           0x08000343   Thumb Code     0  startup_stm32f405xx.o(.text)
    HASH_RNG_IRQHandler                      0x08000343   Thumb Code     0  startup_stm32f405xx.o(.text)
    I2C1_ER_IRQHandler                       0x08000343   Thumb Code     0  startup_stm32f405xx.o(.text)
    I2C1_EV_IRQHandler                       0x08000343   Thumb Code     0  startup_stm32f405xx.o(.text)
    I2C2_ER_IRQHandler                       0x08000343   Thumb Code     0  startup_stm32f405xx.o(.text)
    I2C2_EV_IRQHandler                       0x08000343   Thumb Code     0  startup_stm32f405xx.o(.text)
    I2C3_ER_IRQHandler                       0x08000343   Thumb Code     0  startup_stm32f405xx.o(.text)
    I2C3_EV_IRQHandler                       0x08000343   Thumb Code     0  startup_stm32f405xx.o(.text)
    OTG_FS_IRQHandler                        0x08000343   Thumb Code     0  startup_stm32f405xx.o(.text)
    OTG_FS_WKUP_IRQHandler                   0x08000343   Thumb Code     0  startup_stm32f405xx.o(.text)
    OTG_HS_EP1_IN_IRQHandler                 0x08000343   Thumb Code     0  startup_stm32f405xx.o(.text)
    OTG_HS_EP1_OUT_IRQHandler                0x08000343   Thumb Code     0  startup_stm32f405xx.o(.text)
    OTG_HS_IRQHandler                        0x08000343   Thumb Code     0  startup_stm32f405xx.o(.text)
    OTG_HS_WKUP_IRQHandler                   0x08000343   Thumb Code     0  startup_stm32f405xx.o(.text)
    PVD_IRQHandler                           0x08000343   Thumb Code     0  startup_stm32f405xx.o(.text)
    RCC_IRQHandler                           0x08000343   Thumb Code     0  startup_stm32f405xx.o(.text)
    RTC_Alarm_IRQHandler                     0x08000343   Thumb Code     0  startup_stm32f405xx.o(.text)
    RTC_WKUP_IRQHandler                      0x08000343   Thumb Code     0  startup_stm32f405xx.o(.text)
    SDIO_IRQHandler                          0x08000343   Thumb Code     0  startup_stm32f405xx.o(.text)
    SPI1_IRQHandler                          0x08000343   Thumb Code     0  startup_stm32f405xx.o(.text)
    SPI2_IRQHandler                          0x08000343   Thumb Code     0  startup_stm32f405xx.o(.text)
    SPI3_IRQHandler                          0x08000343   Thumb Code     0  startup_stm32f405xx.o(.text)
    TAMP_STAMP_IRQHandler                    0x08000343   Thumb Code     0  startup_stm32f405xx.o(.text)
    TIM1_BRK_TIM9_IRQHandler                 0x08000343   Thumb Code     0  startup_stm32f405xx.o(.text)
    TIM1_CC_IRQHandler                       0x08000343   Thumb Code     0  startup_stm32f405xx.o(.text)
    TIM1_TRG_COM_TIM11_IRQHandler            0x08000343   Thumb Code     0  startup_stm32f405xx.o(.text)
    TIM1_UP_TIM10_IRQHandler                 0x08000343   Thumb Code     0  startup_stm32f405xx.o(.text)
    TIM3_IRQHandler                          0x08000343   Thumb Code     0  startup_stm32f405xx.o(.text)
    TIM4_IRQHandler                          0x08000343   Thumb Code     0  startup_stm32f405xx.o(.text)
    TIM5_IRQHandler                          0x08000343   Thumb Code     0  startup_stm32f405xx.o(.text)
    TIM6_DAC_IRQHandler                      0x08000343   Thumb Code     0  startup_stm32f405xx.o(.text)
    TIM7_IRQHandler                          0x08000343   Thumb Code     0  startup_stm32f405xx.o(.text)
    TIM8_BRK_TIM12_IRQHandler                0x08000343   Thumb Code     0  startup_stm32f405xx.o(.text)
    TIM8_CC_IRQHandler                       0x08000343   Thumb Code     0  startup_stm32f405xx.o(.text)
    TIM8_UP_TIM13_IRQHandler                 0x08000343   Thumb Code     0  startup_stm32f405xx.o(.text)
    WWDG_IRQHandler                          0x08000343   Thumb Code     0  startup_stm32f405xx.o(.text)
    __user_initial_stackheap                 0x08000345   Thumb Code     0  startup_stm32f405xx.o(.text)
    __aeabi_uldivmod                         0x08000369   Thumb Code     0  lludivv7m.o(.text)
    _ll_udiv                                 0x08000369   Thumb Code   238  lludivv7m.o(.text)
    __aeabi_memcpy                           0x08000457   Thumb Code     0  rt_memcpy_v6.o(.text)
    __rt_memcpy                              0x08000457   Thumb Code   138  rt_memcpy_v6.o(.text)
    _memcpy_lastbytes                        0x080004bd   Thumb Code     0  rt_memcpy_v6.o(.text)
    __aeabi_memcpy4                          0x080004e1   Thumb Code     0  rt_memcpy_w.o(.text)
    __aeabi_memcpy8                          0x080004e1   Thumb Code     0  rt_memcpy_w.o(.text)
    __rt_memcpy_w                            0x080004e1   Thumb Code   100  rt_memcpy_w.o(.text)
    _memcpy_lastbytes_aligned                0x08000529   Thumb Code     0  rt_memcpy_w.o(.text)
    __aeabi_memclr                           0x08000545   Thumb Code     0  rt_memclr.o(.text)
    __rt_memclr                              0x08000545   Thumb Code    68  rt_memclr.o(.text)
    _memset                                  0x08000549   Thumb Code     0  rt_memclr.o(.text)
    __aeabi_memclr4                          0x08000589   Thumb Code     0  rt_memclr_w.o(.text)
    __aeabi_memclr8                          0x08000589   Thumb Code     0  rt_memclr_w.o(.text)
    __rt_memclr_w                            0x08000589   Thumb Code    78  rt_memclr_w.o(.text)
    _memset_w                                0x0800058d   Thumb Code     0  rt_memclr_w.o(.text)
    __use_two_region_memory                  0x080005d7   Thumb Code     2  heapauxi.o(.text)
    __rt_heap_escrow$2region                 0x080005d9   Thumb Code     2  heapauxi.o(.text)
    __rt_heap_expand$2region                 0x080005db   Thumb Code     2  heapauxi.o(.text)
    __user_setup_stackheap                   0x080005dd   Thumb Code    74  sys_stackheap_outer.o(.text)
    exit                                     0x08000627   Thumb Code    18  exit.o(.text)
    __user_libspace                          0x08000639   Thumb Code     8  libspace.o(.text)
    __user_perproc_libspace                  0x08000639   Thumb Code     0  libspace.o(.text)
    __user_perthread_libspace                0x08000639   Thumb Code     0  libspace.o(.text)
    _sys_exit                                0x08000641   Thumb Code     8  sys_exit.o(.text)
    __I$use$semihosting                      0x0800064d   Thumb Code     0  use_no_semi.o(.text)
    __use_no_semihosting_swi                 0x0800064d   Thumb Code     2  use_no_semi.o(.text)
    BusFault_Handler                         0x0800064f   Thumb Code     2  stm32f4xx_it.o(i.BusFault_Handler)
    __semihosting_library_function           0x0800064f   Thumb Code     0  indicate_semi.o(.text)
    CAN1_Init                                0x08000651   Thumb Code    38  drv_can.o(i.CAN1_Init)
    CAN1_RX0_IRQHandler                      0x0800067d   Thumb Code     6  stm32f4xx_it.o(i.CAN1_RX0_IRQHandler)
    CAN2_Init                                0x08000689   Thumb Code    38  drv_can.o(i.CAN2_Init)
    CAN2_RX0_IRQHandler                      0x080006b5   Thumb Code     6  stm32f4xx_it.o(i.CAN2_RX0_IRQHandler)
    CAN_Date_Decode                          0x080006c1   Thumb Code    24  can_receive.o(i.CAN_Date_Decode)
    CAN_MF9025_Decode                        0x0800070d   Thumb Code    22  can_receive.o(i.CAN_MF9025_Decode)
    CAN_cmd_chassis                          0x08000725   Thumb Code    46  can_receive.o(i.CAN_cmd_chassis)
    CAN_cmd_gimbal_pitch                     0x08000761   Thumb Code    46  can_receive.o(i.CAN_cmd_gimbal_pitch)
    CAN_cmd_gimbal_yaw                       0x0800079d   Thumb Code    42  can_receive.o(i.CAN_cmd_gimbal_yaw)
    CHASSIS_TASK                             0x080007d5   Thumb Code    24  freertos.o(i.CHASSIS_TASK)
    Chassis_Balance                          0x080007ed   Thumb Code    94  chassis_task.o(i.Chassis_Balance)
    Chassis_GET_Info                         0x08000855   Thumb Code   188  chassis_task.o(i.Chassis_GET_Info)
    Chassis_InitPID                          0x0800092d   Thumb Code     6  chassis_task.o(i.Chassis_InitPID)
    Chassis_PID_Set                          0x08000939   Thumb Code    44  chassis_task.o(i.Chassis_PID_Set)
    Chassis_Stop                             0x08000975   Thumb Code    14  chassis_task.o(i.Chassis_Stop)
    Chassis_Task                             0x08000989   Thumb Code    64  chassis_task.o(i.Chassis_Task)
    DMA1_Stream0_IRQHandler                  0x080009d1   Thumb Code     6  stm32f4xx_it.o(i.DMA1_Stream0_IRQHandler)
    DMA1_Stream1_IRQHandler                  0x080009dd   Thumb Code     6  stm32f4xx_it.o(i.DMA1_Stream1_IRQHandler)
    DMA1_Stream2_IRQHandler                  0x080009e9   Thumb Code     6  stm32f4xx_it.o(i.DMA1_Stream2_IRQHandler)
    DMA1_Stream5_IRQHandler                  0x080009f5   Thumb Code     6  stm32f4xx_it.o(i.DMA1_Stream5_IRQHandler)
    DMA2_Stream1_IRQHandler                  0x08000a01   Thumb Code     6  stm32f4xx_it.o(i.DMA2_Stream1_IRQHandler)
    DMA2_Stream2_IRQHandler                  0x08000a0d   Thumb Code     6  stm32f4xx_it.o(i.DMA2_Stream2_IRQHandler)
    DebugMon_Handler                         0x08000abd   Thumb Code     2  stm32f4xx_it.o(i.DebugMon_Handler)
    Driver_Init                              0x08000abf   Thumb Code    18  driver.o(i.Driver_Init)
    Error_Handler                            0x08000ad1   Thumb Code     4  main.o(i.Error_Handler)
    GIMBAL_TASK                              0x08000ad5   Thumb Code    28  freertos.o(i.GIMBAL_TASK)
    GIM_PitParamInit                         0x08000af1   Thumb Code    74  pid.o(i.GIM_PitParamInit)
    GIM_YawParamInit                         0x08000b55   Thumb Code    74  pid.o(i.GIM_YawParamInit)
    GM_6020_Init                             0x08000bb9   Thumb Code    32  pid.o(i.GM_6020_Init)
    Get_CRC16_Check_Sum                      0x08000bdd   Thumb Code    38  crc.o(i.Get_CRC16_Check_Sum)
    Get_CRC8_Check_Sum                       0x08000c09   Thumb Code    24  crc.o(i.Get_CRC8_Check_Sum)
    Gimbal_CanOutPut                         0x08000c25   Thumb Code    62  gimbal_task.o(i.Gimbal_CanOutPut)
    Gimbal_GET_Info                          0x08000c69   Thumb Code    26  gimbal_task.o(i.Gimbal_GET_Info)
    Gimbal_GetOutPut                         0x08000c8d   Thumb Code    42  gimbal_task.o(i.Gimbal_GetOutPut)
    Gimbal_InitPID                           0x08000cb9   Thumb Code    20  gimbal_task.o(i.Gimbal_InitPID)
    Gimbal_PID_Switch                        0x08000cd1   Thumb Code   176  gimbal_task.o(i.Gimbal_PID_Switch)
    Gimbal_RC_Ctrl                           0x08000d8d   Thumb Code    24  gimbal_task.o(i.Gimbal_RC_Ctrl)
    Gimbal_Set_PID_type                      0x08000da9   Thumb Code    18  gimbal_task.o(i.Gimbal_Set_PID_type)
    Gimbal_Stop                              0x08000dc1   Thumb Code    28  gimbal_task.o(i.Gimbal_Stop)
    Gimbal_Task                              0x08000de1   Thumb Code    30  gimbal_task.o(i.Gimbal_Task)
    HAL_CAN_ActivateNotification             0x08000e05   Thumb Code    36  stm32f4xx_hal_can.o(i.HAL_CAN_ActivateNotification)
    HAL_CAN_AddTxMessage                     0x08000e29   Thumb Code   220  stm32f4xx_hal_can.o(i.HAL_CAN_AddTxMessage)
    HAL_CAN_ConfigFilter                     0x08000f05   Thumb Code   262  stm32f4xx_hal_can.o(i.HAL_CAN_ConfigFilter)
    HAL_CAN_ErrorCallback                    0x08001011   Thumb Code     2  stm32f4xx_hal_can.o(i.HAL_CAN_ErrorCallback)
    HAL_CAN_GetRxMessage                     0x08001013   Thumb Code   232  stm32f4xx_hal_can.o(i.HAL_CAN_GetRxMessage)
    HAL_CAN_IRQHandler                       0x080010fb   Thumb Code   508  stm32f4xx_hal_can.o(i.HAL_CAN_IRQHandler)
    HAL_CAN_Init                             0x080012f7   Thumb Code   282  stm32f4xx_hal_can.o(i.HAL_CAN_Init)
    HAL_CAN_MspInit                          0x08001411   Thumb Code   232  can.o(i.HAL_CAN_MspInit)
    HAL_CAN_RxFifo0FullCallback              0x08001511   Thumb Code     2  stm32f4xx_hal_can.o(i.HAL_CAN_RxFifo0FullCallback)
    HAL_CAN_RxFifo0MsgPendingCallback        0x08001515   Thumb Code   196  can_receive.o(i.HAL_CAN_RxFifo0MsgPendingCallback)
    HAL_CAN_RxFifo1FullCallback              0x08001601   Thumb Code     2  stm32f4xx_hal_can.o(i.HAL_CAN_RxFifo1FullCallback)
    HAL_CAN_RxFifo1MsgPendingCallback        0x08001603   Thumb Code     2  stm32f4xx_hal_can.o(i.HAL_CAN_RxFifo1MsgPendingCallback)
    HAL_CAN_SleepCallback                    0x08001605   Thumb Code     2  stm32f4xx_hal_can.o(i.HAL_CAN_SleepCallback)
    HAL_CAN_Start                            0x08001609   Thumb Code    88  stm32f4xx_hal_can.o(i.HAL_CAN_Start)
    HAL_CAN_TxMailbox0AbortCallback          0x08001661   Thumb Code     2  stm32f4xx_hal_can.o(i.HAL_CAN_TxMailbox0AbortCallback)
    HAL_CAN_TxMailbox0CompleteCallback       0x08001663   Thumb Code     2  stm32f4xx_hal_can.o(i.HAL_CAN_TxMailbox0CompleteCallback)
    HAL_CAN_TxMailbox1AbortCallback          0x08001665   Thumb Code     2  stm32f4xx_hal_can.o(i.HAL_CAN_TxMailbox1AbortCallback)
    HAL_CAN_TxMailbox1CompleteCallback       0x08001667   Thumb Code     2  stm32f4xx_hal_can.o(i.HAL_CAN_TxMailbox1CompleteCallback)
    HAL_CAN_TxMailbox2AbortCallback          0x08001669   Thumb Code     2  stm32f4xx_hal_can.o(i.HAL_CAN_TxMailbox2AbortCallback)
    HAL_CAN_TxMailbox2CompleteCallback       0x0800166b   Thumb Code     2  stm32f4xx_hal_can.o(i.HAL_CAN_TxMailbox2CompleteCallback)
    HAL_CAN_WakeUpFromRxMsgCallback          0x0800166d   Thumb Code     2  stm32f4xx_hal_can.o(i.HAL_CAN_WakeUpFromRxMsgCallback)
    HAL_DMA_Abort                            0x0800166f   Thumb Code   146  stm32f4xx_hal_dma.o(i.HAL_DMA_Abort)
    HAL_DMA_Abort_IT                         0x08001701   Thumb Code    36  stm32f4xx_hal_dma.o(i.HAL_DMA_Abort_IT)
    HAL_DMA_IRQHandler                       0x08001725   Thumb Code   412  stm32f4xx_hal_dma.o(i.HAL_DMA_IRQHandler)
    HAL_DMA_Init                             0x080018c5   Thumb Code   206  stm32f4xx_hal_dma.o(i.HAL_DMA_Init)
    HAL_DMA_Start_IT                         0x08001999   Thumb Code   110  stm32f4xx_hal_dma.o(i.HAL_DMA_Start_IT)
    HAL_GPIO_Init                            0x08001a09   Thumb Code   450  stm32f4xx_hal_gpio.o(i.HAL_GPIO_Init)
    HAL_GetTick                              0x08001bf9   Thumb Code     6  stm32f4xx_hal.o(i.HAL_GetTick)
    HAL_IncTick                              0x08001c05   Thumb Code    12  stm32f4xx_hal.o(i.HAL_IncTick)
    HAL_Init                                 0x08001c15   Thumb Code    48  stm32f4xx_hal.o(i.HAL_Init)
    HAL_InitTick                             0x08001c49   Thumb Code   132  stm32f4xx_hal_timebase_tim.o(i.HAL_InitTick)
    HAL_MspInit                              0x08001ce1   Thumb Code    52  stm32f4xx_hal_msp.o(i.HAL_MspInit)
    HAL_NVIC_EnableIRQ                       0x08001d19   Thumb Code    26  stm32f4xx_hal_cortex.o(i.HAL_NVIC_EnableIRQ)
    HAL_NVIC_SetPriority                     0x08001d35   Thumb Code    60  stm32f4xx_hal_cortex.o(i.HAL_NVIC_SetPriority)
    HAL_NVIC_SetPriorityGrouping             0x08001d75   Thumb Code    26  stm32f4xx_hal_cortex.o(i.HAL_NVIC_SetPriorityGrouping)
    HAL_RCC_ClockConfig                      0x08001d99   Thumb Code   288  stm32f4xx_hal_rcc.o(i.HAL_RCC_ClockConfig)
    HAL_RCC_GetClockConfig                   0x08001ecd   Thumb Code    54  stm32f4xx_hal_rcc.o(i.HAL_RCC_GetClockConfig)
    HAL_RCC_GetPCLK1Freq                     0x08001f0d   Thumb Code    20  stm32f4xx_hal_rcc.o(i.HAL_RCC_GetPCLK1Freq)
    HAL_RCC_GetPCLK2Freq                     0x08001f2d   Thumb Code    20  stm32f4xx_hal_rcc.o(i.HAL_RCC_GetPCLK2Freq)
    HAL_RCC_GetSysClockFreq                  0x08001f4d   Thumb Code    88  stm32f4xx_hal_rcc.o(i.HAL_RCC_GetSysClockFreq)
    HAL_RCC_OscConfig                        0x08001fb1   Thumb Code   856  stm32f4xx_hal_rcc.o(i.HAL_RCC_OscConfig)
    HAL_TIMEx_BreakCallback                  0x0800231d   Thumb Code     2  stm32f4xx_hal_tim_ex.o(i.HAL_TIMEx_BreakCallback)
    HAL_TIMEx_CommutCallback                 0x0800231f   Thumb Code     2  stm32f4xx_hal_tim_ex.o(i.HAL_TIMEx_CommutCallback)
    HAL_TIMEx_ConfigBreakDeadTime            0x08002321   Thumb Code    84  stm32f4xx_hal_tim_ex.o(i.HAL_TIMEx_ConfigBreakDeadTime)
    HAL_TIMEx_MasterConfigSynchronization    0x08002375   Thumb Code   116  stm32f4xx_hal_tim_ex.o(i.HAL_TIMEx_MasterConfigSynchronization)
    HAL_TIM_Base_Init                        0x08002405   Thumb Code    90  stm32f4xx_hal_tim.o(i.HAL_TIM_Base_Init)
    HAL_TIM_Base_MspInit                     0x08002461   Thumb Code    50  tim.o(i.HAL_TIM_Base_MspInit)
    HAL_TIM_Base_Start_IT                    0x08002499   Thumb Code   100  stm32f4xx_hal_tim.o(i.HAL_TIM_Base_Start_IT)
    HAL_TIM_ConfigClockSource                0x08002519   Thumb Code   220  stm32f4xx_hal_tim.o(i.HAL_TIM_ConfigClockSource)
    HAL_TIM_ErrorCallback                    0x080025f5   Thumb Code     2  stm32f4xx_hal_tim.o(i.HAL_TIM_ErrorCallback)
    HAL_TIM_IC_CaptureCallback               0x080025f7   Thumb Code     2  stm32f4xx_hal_tim.o(i.HAL_TIM_IC_CaptureCallback)
    HAL_TIM_IRQHandler                       0x080025f9   Thumb Code   358  stm32f4xx_hal_tim.o(i.HAL_TIM_IRQHandler)
    HAL_TIM_MspPostInit                      0x08002761   Thumb Code   110  tim.o(i.HAL_TIM_MspPostInit)
    HAL_TIM_OC_DelayElapsedCallback          0x080027e5   Thumb Code     2  stm32f4xx_hal_tim.o(i.HAL_TIM_OC_DelayElapsedCallback)
    HAL_TIM_PWM_ConfigChannel                0x080027e7   Thumb Code   204  stm32f4xx_hal_tim.o(i.HAL_TIM_PWM_ConfigChannel)
    HAL_TIM_PWM_Init                         0x080028b3   Thumb Code    90  stm32f4xx_hal_tim.o(i.HAL_TIM_PWM_Init)
    HAL_TIM_PWM_MspInit                      0x0800290d   Thumb Code   130  tim.o(i.HAL_TIM_PWM_MspInit)
    HAL_TIM_PWM_PulseFinishedCallback        0x080029a5   Thumb Code     8  system_task.o(i.HAL_TIM_PWM_PulseFinishedCallback)
    HAL_TIM_PWM_PulseFinishedHalfCpltCallback 0x080029b1   Thumb Code     2  stm32f4xx_hal_tim.o(i.HAL_TIM_PWM_PulseFinishedHalfCpltCallback)
    HAL_TIM_PWM_Start_DMA                    0x080029b5   Thumb Code   404  stm32f4xx_hal_tim.o(i.HAL_TIM_PWM_Start_DMA)
    HAL_TIM_PWM_Stop_DMA                     0x08002b71   Thumb Code   196  stm32f4xx_hal_tim.o(i.HAL_TIM_PWM_Stop_DMA)
    HAL_TIM_PeriodElapsedCallback            0x08002c3d   Thumb Code    14  main.o(i.HAL_TIM_PeriodElapsedCallback)
    HAL_TIM_TriggerCallback                  0x08002c51   Thumb Code     2  stm32f4xx_hal_tim.o(i.HAL_TIM_TriggerCallback)
    HAL_UARTEx_RxEventCallback               0x08002c53   Thumb Code     2  stm32f4xx_hal_uart.o(i.HAL_UARTEx_RxEventCallback)
    HAL_UART_DMAStop                         0x08002c55   Thumb Code   112  stm32f4xx_hal_uart.o(i.HAL_UART_DMAStop)
    HAL_UART_ErrorCallback                   0x08002cc5   Thumb Code     2  stm32f4xx_hal_uart.o(i.HAL_UART_ErrorCallback)
    HAL_UART_IRQHandler                      0x08002cc9   Thumb Code   610  stm32f4xx_hal_uart.o(i.HAL_UART_IRQHandler)
    HAL_UART_Init                            0x08002f31   Thumb Code    98  stm32f4xx_hal_uart.o(i.HAL_UART_Init)
    HAL_UART_MspInit                         0x08002f95   Thumb Code   788  usart.o(i.HAL_UART_MspInit)
    HAL_UART_Receive_DMA                     0x080032e5   Thumb Code    42  stm32f4xx_hal_uart.o(i.HAL_UART_Receive_DMA)
    HAL_UART_RxCpltCallback                  0x0800330f   Thumb Code     2  stm32f4xx_hal_uart.o(i.HAL_UART_RxCpltCallback)
    HAL_UART_RxHalfCpltCallback              0x08003311   Thumb Code     2  stm32f4xx_hal_uart.o(i.HAL_UART_RxHalfCpltCallback)
    HAL_UART_TxCpltCallback                  0x08003313   Thumb Code     2  stm32f4xx_hal_uart.o(i.HAL_UART_TxCpltCallback)
    HardFault_Handler                        0x08003315   Thumb Code     2  stm32f4xx_it.o(i.HardFault_Handler)
    IMU_Check                                0x08003319   Thumb Code    22  hi229.o(i.IMU_Check)
    IMU_Data_Report                          0x08003335   Thumb Code    20  gimbal_task.o(i.IMU_Data_Report)
    IMU_Init                                 0x0800334d   Thumb Code    14  hi229.o(i.IMU_Init)
    IMU_PitData_Report                       0x08003365   Thumb Code    34  gimbal_task.o(i.IMU_PitData_Report)
    IMU_State_Report                         0x0800338d   Thumb Code    12  hi229.o(i.IMU_State_Report)
    IMU_YawData_Report                       0x0800339d   Thumb Code    34  gimbal_task.o(i.IMU_YawData_Report)
    IMU_get                                  0x080033c5   Thumb Code    20  hi229.o(i.IMU_get)
    Judege_read_data                         0x080033dd   Thumb Code   372  referee.o(i.Judege_read_data)
    Judge_IMU_Lost                           0x08003559   Thumb Code    32  hi229.o(i.Judge_IMU_Lost)
    Judge_RC_DataErr                         0x08003581   Thumb Code    90  remote_control.o(i.Judge_RC_DataErr)
    Judge_RC_Lost                            0x080035e1   Thumb Code    32  remote_control.o(i.Judge_RC_Lost)
    MF_9025_Init                             0x08003609   Thumb Code    34  pid.o(i.MF_9025_Init)
    MF_9028_Balance_Kd                       0x08003635   Thumb Code    18  pid.o(i.MF_9028_Balance_Kd)
    MF_9028_Balance_Kp                       0x08003651   Thumb Code    20  pid.o(i.MF_9028_Balance_Kp)
    MF_9028_Chasssis_OUT                     0x08003671   Thumb Code    22  pid.o(i.MF_9028_Chasssis_OUT)
    MX_CAN1_Init                             0x08003699   Thumb Code    62  can.o(i.MX_CAN1_Init)
    MX_CAN2_Init                             0x080036e1   Thumb Code    62  can.o(i.MX_CAN2_Init)
    MX_DMA_Init                              0x08003729   Thumb Code   136  dma.o(i.MX_DMA_Init)
    MX_FREERTOS_Init                         0x080037b5   Thumb Code    96  freertos.o(i.MX_FREERTOS_Init)
    MX_GPIO_Init                             0x0800381d   Thumb Code    86  gpio.o(i.MX_GPIO_Init)
    MX_TIM1_Init                             0x08003879   Thumb Code   150  tim.o(i.MX_TIM1_Init)
    MX_TIM2_Init                             0x08003919   Thumb Code    96  tim.o(i.MX_TIM2_Init)
    MX_TIM8_Init                             0x0800397d   Thumb Code   152  tim.o(i.MX_TIM8_Init)
    MX_UART4_Init                            0x08003a1d   Thumb Code    48  usart.o(i.MX_UART4_Init)
    MX_UART5_Init                            0x08003a55   Thumb Code    48  usart.o(i.MX_UART5_Init)
    MX_USART1_UART_Init                      0x08003a8d   Thumb Code    48  usart.o(i.MX_USART1_UART_Init)
    MX_USART2_UART_Init                      0x08003ac5   Thumb Code    54  usart.o(i.MX_USART2_UART_Init)
    MX_USART3_UART_Init                      0x08003b09   Thumb Code    48  usart.o(i.MX_USART3_UART_Init)
    MX_USART6_UART_Init                      0x08003b41   Thumb Code    48  usart.o(i.MX_USART6_UART_Init)
    MemManage_Handler                        0x08003b79   Thumb Code     2  stm32f4xx_it.o(i.MemManage_Handler)
    Motor_Init                               0x08003b7b   Thumb Code    14  pid.o(i.Motor_Init)
    NMI_Handler                              0x08003b89   Thumb Code     2  stm32f4xx_it.o(i.NMI_Handler)
    PID_Position                             0x08003cc1   Thumb Code   362  pid.o(i.PID_Position)
    PITCH_Angle_Limit                        0x08003e2d   Thumb Code    40  gimbal_task.o(i.PITCH_Angle_Limit)
    Packet_Decode                            0x08003e5d   Thumb Code   232  packet.o(i.Packet_Decode)
    Packet_DecodeInit                        0x08003f49   Thumb Code    18  packet.o(i.Packet_DecodeInit)
    RC_Check                                 0x08003f61   Thumb Code    32  remote_control.o(i.RC_Check)
    RC_Ctrl_PITCH                            0x08003f85   Thumb Code    64  gimbal_task.o(i.RC_Ctrl_PITCH)
    RC_Ctrl_YAW                              0x08003fc9   Thumb Code    66  gimbal_task.o(i.RC_Ctrl_YAW)
    RC_Init                                  0x08004011   Thumb Code    84  drv_usart.o(i.RC_Init)
    RC_State_Report                          0x08004071   Thumb Code    12  remote_control.o(i.RC_State_Report)
    Remote_Control_Init                      0x08004081   Thumb Code    12  drv_usart.o(i.Remote_Control_Init)
    SYSTEM_STATE_TASK                        0x08004091   Thumb Code    24  freertos.o(i.SYSTEM_STATE_TASK)
    StartDefaultTask                         0x080040a9   Thumb Code     8  freertos.o(i.StartDefaultTask)
    State_LED                                0x080040b1   Thumb Code   170  system_task.o(i.State_LED)
    SysTick_Handler                          0x08004169   Thumb Code    38  port.o(i.SysTick_Handler)
    SystemClock_Config                       0x08004195   Thumb Code   142  main.o(i.SystemClock_Config)
    SystemInit                               0x0800422d   Thumb Code    12  system_stm32f4xx.o(i.SystemInit)
    System_State                             0x0800423d   Thumb Code    40  system_task.o(i.System_State)
    TIM2_IRQHandler                          0x08004269   Thumb Code     6  stm32f4xx_it.o(i.TIM2_IRQHandler)
    TIM8_TRG_COM_TIM14_IRQHandler            0x08004275   Thumb Code    18  stm32f4xx_it.o(i.TIM8_TRG_COM_TIM14_IRQHandler)
    TIM_Base_SetConfig                       0x08004291   Thumb Code   156  stm32f4xx_hal_tim.o(i.TIM_Base_SetConfig)
    TIM_CCxChannelCmd                        0x08004359   Thumb Code    26  stm32f4xx_hal_tim.o(i.TIM_CCxChannelCmd)
    TIM_DMADelayPulseHalfCplt                0x080043d1   Thumb Code    56  stm32f4xx_hal_tim.o(i.TIM_DMADelayPulseHalfCplt)
    TIM_DMAError                             0x08004409   Thumb Code    84  stm32f4xx_hal_tim.o(i.TIM_DMAError)
    TIM_ETR_SetConfig                        0x0800445d   Thumb Code    20  stm32f4xx_hal_tim.o(i.TIM_ETR_SetConfig)
    TIM_OC2_SetConfig                        0x080044e1   Thumb Code    98  stm32f4xx_hal_tim.o(i.TIM_OC2_SetConfig)
    Time_Init                                0x0800464d   Thumb Code    24  system_task.o(i.Time_Init)
    UART4_IRQHandler                         0x08004669   Thumb Code    18  stm32f4xx_it.o(i.UART4_IRQHandler)
    UART5_IRQHandler                         0x08004681   Thumb Code    18  stm32f4xx_it.o(i.UART5_IRQHandler)
    UART_IRQHandler_IT                       0x080047f9   Thumb Code   352  drv_usart.o(i.UART_IRQHandler_IT)
    UART_Start_Receive_DMA                   0x08004b4d   Thumb Code   134  stm32f4xx_hal_uart.o(i.UART_Start_Receive_DMA)
    USART1_IRQHandler                        0x08004be1   Thumb Code    18  stm32f4xx_it.o(i.USART1_IRQHandler)
    USART2_IRQHandler                        0x08004bf9   Thumb Code    18  stm32f4xx_it.o(i.USART2_IRQHandler)
    USART3_IRQHandler                        0x08004c11   Thumb Code     6  stm32f4xx_it.o(i.USART3_IRQHandler)
    USART6_IRQHandler                        0x08004c1d   Thumb Code     6  stm32f4xx_it.o(i.USART6_IRQHandler)
    USART_Init                               0x08004c29   Thumb Code    72  drv_usart.o(i.USART_Init)
    UsageFault_Handler                       0x08004c85   Thumb Code     2  stm32f4xx_it.o(i.UsageFault_Handler)
    Verify_CRC16_Check_Sum                   0x08004c89   Thumb Code    54  crc.o(i.Verify_CRC16_Check_Sum)
    Verify_CRC8_Check_Sum                    0x08004cc5   Thumb Code    38  crc.o(i.Verify_CRC8_Check_Sum)
    YAW_Angle_Over_Zero                      0x08004ced   Thumb Code    66  gimbal_task.o(i.YAW_Angle_Over_Zero)
    anti_constrain                           0x08004d61   Thumb Code    26  pid.o(i.anti_constrain)
    capacitance_date                         0x08004d81   Thumb Code    38  can_receive.o(i.capacitance_date)
    get_eular                                0x08004dd5   Thumb Code    12  hi229.o(i.get_eular)
    get_raw_gyo                              0x08004de5   Thumb Code    16  hi229.o(i.get_raw_gyo)
    main                                     0x08004df9   Thumb Code    86  main.o(i.main)
    micros                                   0x08004e5b   Thumb Code    68  system.o(i.micros)
    osDelay                                  0x08004e9f   Thumb Code    14  cmsis_os.o(i.osDelay)
    osKernelStart                            0x08004ead   Thumb Code    10  cmsis_os.o(i.osKernelStart)
    osThreadCreate                           0x08004eb7   Thumb Code    84  cmsis_os.o(i.osThreadCreate)
    pvPortMalloc                             0x08005259   Thumb Code   216  heap_4.o(i.pvPortMalloc)
    pxPortInitialiseStack                    0x08005335   Thumb Code    40  port.o(i.pxPortInitialiseStack)
    sbus_to_rc                               0x08005361   Thumb Code   210  remote_control.o(i.sbus_to_rc)
    uxListRemove                             0x08005433   Thumb Code    38  list.o(i.uxListRemove)
    vApplicationGetIdleTaskMemory            0x08005459   Thumb Code    16  freertos.o(i.vApplicationGetIdleTaskMemory)
    vListInitialise                          0x0800546d   Thumb Code    22  list.o(i.vListInitialise)
    vListInitialiseItem                      0x08005483   Thumb Code     6  list.o(i.vListInitialiseItem)
    vListInsert                              0x08005489   Thumb Code    48  list.o(i.vListInsert)
    vListInsertEnd                           0x080054b9   Thumb Code    24  list.o(i.vListInsertEnd)
    vPortEnterCritical                       0x080054d1   Thumb Code    54  port.o(i.vPortEnterCritical)
    vPortExitCritical                        0x08005511   Thumb Code    34  port.o(i.vPortExitCritical)
    vPortFree                                0x08005539   Thumb Code    94  heap_4.o(i.vPortFree)
    vPortSetupTimerInterrupt                 0x0800559d   Thumb Code    32  port.o(i.vPortSetupTimerInterrupt)
    vTaskDelay                               0x080055c1   Thumb Code    66  tasks.o(i.vTaskDelay)
    vTaskDelayUntil                          0x0800560d   Thumb Code   132  tasks.o(i.vTaskDelayUntil)
    vTaskStartScheduler                      0x08005699   Thumb Code    90  tasks.o(i.vTaskStartScheduler)
    vTaskSuspendAll                          0x08005705   Thumb Code    10  tasks.o(i.vTaskSuspendAll)
    vTaskSwitchContext                       0x08005715   Thumb Code    82  tasks.o(i.vTaskSwitchContext)
    ws2812_set_RGB                           0x08005771   Thumb Code    80  system_task.o(i.ws2812_set_RGB)
    xPortStartScheduler                      0x080057c5   Thumb Code   222  port.o(i.xPortStartScheduler)
    xTaskCreate                              0x080058b9   Thumb Code    90  tasks.o(i.xTaskCreate)
    xTaskCreateStatic                        0x08005913   Thumb Code    86  tasks.o(i.xTaskCreateStatic)
    xTaskGetTickCount                        0x08005969   Thumb Code     6  tasks.o(i.xTaskGetTickCount)
    xTaskIncrementTick                       0x08005975   Thumb Code   194  tasks.o(i.xTaskIncrementTick)
    xTaskResumeAll                           0x08005a41   Thumb Code   182  tasks.o(i.xTaskResumeAll)
    _fp_init                                 0x08005b05   Thumb Code    10  fpinit.o(x$fpl$fpinit)
    __fplib_config_fpu_vfp                   0x08005b0d   Thumb Code     0  fpinit.o(x$fpl$fpinit)
    __fplib_config_pureend_doubles           0x08005b0d   Thumb Code     0  fpinit.o(x$fpl$fpinit)
    CRC8_TAB                                 0x08005b80   Data         256  crc.o(.constdata)
    wCRC_Table                               0x08005c80   Data         512  crc.o(.constdata)
    AHBPrescTable                            0x08005e88   Data          16  system_stm32f4xx.o(.constdata)
    APBPrescTable                            0x08005e98   Data           8  system_stm32f4xx.o(.constdata)
    Region$$Table$$Base                      0x08005ed8   Number         0  anon$$obj.o(Region$$Table)
    Region$$Table$$Limit                     0x08005ef8   Number         0  anon$$obj.o(Region$$Table)
    defaultTaskHandle                        0x20000000   Data           4  freertos.o(.data)
    system_state_taHandle                    0x20000004   Data           4  freertos.o(.data)
    chassis_taskHandle                       0x20000008   Data           4  freertos.o(.data)
    gimbal_taskHandle                        0x2000000c   Data           4  freertos.o(.data)
    i                                        0x20000018   Data           1  system_task.o(.data)
    x                                        0x20000019   Data           1  system_task.o(.data)
    y                                        0x2000001a   Data           1  system_task.o(.data)
    z                                        0x2000001b   Data           1  system_task.o(.data)
    System                                   0x2000001c   Data           3  system_task.o(.data)
    Remote_time                              0x20000020   Data           8  system_task.o(.data)
    Imu_time                                 0x20000028   Data           8  system_task.o(.data)
    Chassis                                  0x20000038   Data         584  chassis_task.o(.data)
    Gimbal                                   0x20000290   Data         408  gimbal_task.o(.data)
    Shoot                                    0x20000428   Data         536  shoot_task.o(.data)
    s1                                       0x20000640   Data           1  can_receive.o(.data)
    s2                                       0x20000641   Data           1  can_receive.o(.data)
    Judge_Data_TF                            0x200006a0   Data           1  referee.o(.data)
    Balance_Kp_Param                         0x200006a1   Data          12  pid.o(.data)
    Balance_Kd_Param                         0x200006ad   Data          12  pid.o(.data)
    Chasssis_OUT                             0x200006b9   Data          12  pid.o(.data)
    PID_Speed_Param                          0x200006c5   Data         216  pid.o(.data)
    PID_Angle_Param                          0x2000079d   Data         216  pid.o(.data)
    CRC_INIT                                 0x20000876   Data           2  crc.o(.data)
    pxCurrentTCB                             0x20000878   Data           4  tasks.o(.data)
    uwTickFreq                               0x200008e0   Data           1  stm32f4xx_hal.o(.data)
    uwTickPrio                               0x200008e4   Data           4  stm32f4xx_hal.o(.data)
    uwTick                                   0x200008e8   Data           4  stm32f4xx_hal.o(.data)
    SystemCoreClock                          0x200008ec   Data           4  system_stm32f4xx.o(.data)
    hcan1                                    0x20000b44   Data          40  can.o(.bss)
    hcan2                                    0x20000b6c   Data          40  can.o(.bss)
    htim1                                    0x20000b94   Data          72  tim.o(.bss)
    htim2                                    0x20000bdc   Data          72  tim.o(.bss)
    htim8                                    0x20000c24   Data          72  tim.o(.bss)
    hdma_tim1_ch1                            0x20000c6c   Data          96  tim.o(.bss)
    huart4                                   0x20000ccc   Data          68  usart.o(.bss)
    huart5                                   0x20000d10   Data          68  usart.o(.bss)
    huart1                                   0x20000d54   Data          68  usart.o(.bss)
    huart2                                   0x20000d98   Data          68  usart.o(.bss)
    huart3                                   0x20000ddc   Data          68  usart.o(.bss)
    huart6                                   0x20000e20   Data          68  usart.o(.bss)
    hdma_uart4_rx                            0x20000e64   Data          96  usart.o(.bss)
    hdma_uart5_rx                            0x20000ec4   Data          96  usart.o(.bss)
    hdma_usart1_rx                           0x20000f24   Data          96  usart.o(.bss)
    hdma_usart2_rx                           0x20000f84   Data          96  usart.o(.bss)
    hdma_usart3_rx                           0x20000fe4   Data          96  usart.o(.bss)
    htim14                                   0x20001044   Data          72  stm32f4xx_hal_timebase_tim.o(.bss)
    Judge_Buffer                             0x2000108c   Data         200  drv_usart.o(.bss)
    Dbus_Buffer                              0x20001154   Data          72  drv_usart.o(.bss)
    Visual_Buffer                            0x2000119c   Data          13  drv_usart.o(.bss)
    IMU_Buffer                               0x200011a9   Data         128  drv_usart.o(.bss)
    super_capacitor                          0x20001464   Data          20  can_receive.o(.bss)
    RC_Ctrl                                  0x20001478   Data          22  remote_control.o(.bss)
    IMU_Get_Data                             0x20001538   Data          20  hi229.o(.bss)
    REF                                      0x2000154c   Data         144  referee.o(.bss)
    __libspace_start                         0x200052cc   Data          96  libspace.o(.bss)
    __temporary_stack_top$libspace           0x2000532c   Data           0  libspace.o(.bss)



==============================================================================

Memory Map of the image

  Image Entry point : 0x08000189

  Load Region LR_IROM1 (Base: 0x08000000, Size: 0x000067e8, Max: 0x00100000, ABSOLUTE, COMPRESSED[0x00005f5c])

    Execution Region ER_IROM1 (Exec base: 0x08000000, Load base: 0x08000000, Size: 0x00005ef8, Max: 0x00100000, ABSOLUTE)

    Exec Addr    Load Addr    Size         Type   Attr      Idx    E Section Name        Object

    0x08000000   0x08000000   0x00000188   Data   RO         5835    RESET               startup_stm32f405xx.o
    0x08000188   0x08000188   0x00000008   Code   RO         5856  * !!!main             c_w.l(__main.o)
    0x08000190   0x08000190   0x00000034   Code   RO         6027    !!!scatter          c_w.l(__scatter.o)
    0x080001c4   0x080001c4   0x0000005a   Code   RO         6025    !!dczerorl2         c_w.l(__dczerorl2.o)
    0x0800021e   0x0800021e   0x00000002   PAD
    0x08000220   0x08000220   0x0000001c   Code   RO         6029    !!handler_zi        c_w.l(__scatter_zi.o)
    0x0800023c   0x0800023c   0x00000002   Code   RO         5893    .ARM.Collect$$libinit$$00000000  c_w.l(libinit.o)
    0x0800023e   0x0800023e   0x00000004   Code   RO         5905    .ARM.Collect$$libinit$$00000001  c_w.l(libinit2.o)
    0x08000242   0x08000242   0x00000000   Code   RO         5908    .ARM.Collect$$libinit$$00000004  c_w.l(libinit2.o)
    0x08000242   0x08000242   0x00000000   Code   RO         5911    .ARM.Collect$$libinit$$0000000A  c_w.l(libinit2.o)
    0x08000242   0x08000242   0x00000000   Code   RO         5913    .ARM.Collect$$libinit$$0000000C  c_w.l(libinit2.o)
    0x08000242   0x08000242   0x00000000   Code   RO         5915    .ARM.Collect$$libinit$$0000000E  c_w.l(libinit2.o)
    0x08000242   0x08000242   0x00000000   Code   RO         5918    .ARM.Collect$$libinit$$00000011  c_w.l(libinit2.o)
    0x08000242   0x08000242   0x00000000   Code   RO         5920    .ARM.Collect$$libinit$$00000013  c_w.l(libinit2.o)
    0x08000242   0x08000242   0x00000000   Code   RO         5922    .ARM.Collect$$libinit$$00000015  c_w.l(libinit2.o)
    0x08000242   0x08000242   0x00000000   Code   RO         5924    .ARM.Collect$$libinit$$00000017  c_w.l(libinit2.o)
    0x08000242   0x08000242   0x00000000   Code   RO         5926    .ARM.Collect$$libinit$$00000019  c_w.l(libinit2.o)
    0x08000242   0x08000242   0x00000000   Code   RO         5928    .ARM.Collect$$libinit$$0000001B  c_w.l(libinit2.o)
    0x08000242   0x08000242   0x00000000   Code   RO         5930    .ARM.Collect$$libinit$$0000001D  c_w.l(libinit2.o)
    0x08000242   0x08000242   0x00000000   Code   RO         5932    .ARM.Collect$$libinit$$0000001F  c_w.l(libinit2.o)
    0x08000242   0x08000242   0x00000000   Code   RO         5934    .ARM.Collect$$libinit$$00000021  c_w.l(libinit2.o)
    0x08000242   0x08000242   0x00000000   Code   RO         5936    .ARM.Collect$$libinit$$00000023  c_w.l(libinit2.o)
    0x08000242   0x08000242   0x00000000   Code   RO         5938    .ARM.Collect$$libinit$$00000025  c_w.l(libinit2.o)
    0x08000242   0x08000242   0x00000000   Code   RO         5942    .ARM.Collect$$libinit$$0000002C  c_w.l(libinit2.o)
    0x08000242   0x08000242   0x00000000   Code   RO         5944    .ARM.Collect$$libinit$$0000002E  c_w.l(libinit2.o)
    0x08000242   0x08000242   0x00000000   Code   RO         5946    .ARM.Collect$$libinit$$00000030  c_w.l(libinit2.o)
    0x08000242   0x08000242   0x00000000   Code   RO         5948    .ARM.Collect$$libinit$$00000032  c_w.l(libinit2.o)
    0x08000242   0x08000242   0x00000002   Code   RO         5949    .ARM.Collect$$libinit$$00000033  c_w.l(libinit2.o)
    0x08000244   0x08000244   0x00000002   Code   RO         5980    .ARM.Collect$$libshutdown$$00000000  c_w.l(libshutdown.o)
    0x08000246   0x08000246   0x00000000   Code   RO         6006    .ARM.Collect$$libshutdown$$00000002  c_w.l(libshutdown2.o)
    0x08000246   0x08000246   0x00000000   Code   RO         6008    .ARM.Collect$$libshutdown$$00000004  c_w.l(libshutdown2.o)
    0x08000246   0x08000246   0x00000000   Code   RO         6010    .ARM.Collect$$libshutdown$$00000006  c_w.l(libshutdown2.o)
    0x08000246   0x08000246   0x00000000   Code   RO         6013    .ARM.Collect$$libshutdown$$00000009  c_w.l(libshutdown2.o)
    0x08000246   0x08000246   0x00000000   Code   RO         6016    .ARM.Collect$$libshutdown$$0000000C  c_w.l(libshutdown2.o)
    0x08000246   0x08000246   0x00000000   Code   RO         6018    .ARM.Collect$$libshutdown$$0000000E  c_w.l(libshutdown2.o)
    0x08000246   0x08000246   0x00000000   Code   RO         6021    .ARM.Collect$$libshutdown$$00000011  c_w.l(libshutdown2.o)
    0x08000246   0x08000246   0x00000002   Code   RO         6022    .ARM.Collect$$libshutdown$$00000012  c_w.l(libshutdown2.o)
    0x08000248   0x08000248   0x00000000   Code   RO         5858    .ARM.Collect$$rtentry$$00000000  c_w.l(__rtentry.o)
    0x08000248   0x08000248   0x00000000   Code   RO         5864    .ARM.Collect$$rtentry$$00000002  c_w.l(__rtentry2.o)
    0x08000248   0x08000248   0x00000006   Code   RO         5876    .ARM.Collect$$rtentry$$00000004  c_w.l(__rtentry4.o)
    0x0800024e   0x0800024e   0x00000000   Code   RO         5866    .ARM.Collect$$rtentry$$00000009  c_w.l(__rtentry2.o)
    0x0800024e   0x0800024e   0x00000004   Code   RO         5867    .ARM.Collect$$rtentry$$0000000A  c_w.l(__rtentry2.o)
    0x08000252   0x08000252   0x00000000   Code   RO         5869    .ARM.Collect$$rtentry$$0000000C  c_w.l(__rtentry2.o)
    0x08000252   0x08000252   0x00000008   Code   RO         5870    .ARM.Collect$$rtentry$$0000000D  c_w.l(__rtentry2.o)
    0x0800025a   0x0800025a   0x00000002   Code   RO         5897    .ARM.Collect$$rtexit$$00000000  c_w.l(rtexit.o)
    0x0800025c   0x0800025c   0x00000000   Code   RO         5953    .ARM.Collect$$rtexit$$00000002  c_w.l(rtexit2.o)
    0x0800025c   0x0800025c   0x00000004   Code   RO         5954    .ARM.Collect$$rtexit$$00000003  c_w.l(rtexit2.o)
    0x08000260   0x08000260   0x00000006   Code   RO         5955    .ARM.Collect$$rtexit$$00000004  c_w.l(rtexit2.o)
    0x08000266   0x08000266   0x00000002   PAD
    0x08000268   0x08000268   0x000000be   Code   RO         3022    .emb_text           port.o
    0x08000326   0x08000326   0x00000002   PAD
    0x08000328   0x08000328   0x00000040   Code   RO         5836    .text               startup_stm32f405xx.o
    0x08000368   0x08000368   0x000000ee   Code   RO         5842    .text               c_w.l(lludivv7m.o)
    0x08000456   0x08000456   0x0000008a   Code   RO         5844    .text               c_w.l(rt_memcpy_v6.o)
    0x080004e0   0x080004e0   0x00000064   Code   RO         5846    .text               c_w.l(rt_memcpy_w.o)
    0x08000544   0x08000544   0x00000044   Code   RO         5850    .text               c_w.l(rt_memclr.o)
    0x08000588   0x08000588   0x0000004e   Code   RO         5852    .text               c_w.l(rt_memclr_w.o)
    0x080005d6   0x080005d6   0x00000006   Code   RO         5854    .text               c_w.l(heapauxi.o)
    0x080005dc   0x080005dc   0x0000004a   Code   RO         5880    .text               c_w.l(sys_stackheap_outer.o)
    0x08000626   0x08000626   0x00000012   Code   RO         5882    .text               c_w.l(exit.o)
    0x08000638   0x08000638   0x00000008   Code   RO         5894    .text               c_w.l(libspace.o)
    0x08000640   0x08000640   0x0000000c   Code   RO         5950    .text               c_w.l(sys_exit.o)
    0x0800064c   0x0800064c   0x00000002   Code   RO         5969    .text               c_w.l(use_no_semi.o)
    0x0800064e   0x0800064e   0x00000000   Code   RO         5971    .text               c_w.l(indicate_semi.o)
    0x0800064e   0x0800064e   0x00000002   Code   RO          585    i.BusFault_Handler  stm32f4xx_it.o
    0x08000650   0x08000650   0x0000002c   Code   RO          859    i.CAN1_Init         drv_can.o
    0x0800067c   0x0800067c   0x0000000c   Code   RO          586    i.CAN1_RX0_IRQHandler  stm32f4xx_it.o
    0x08000688   0x08000688   0x0000002c   Code   RO          860    i.CAN2_Init         drv_can.o
    0x080006b4   0x080006b4   0x0000000c   Code   RO          587    i.CAN2_RX0_IRQHandler  stm32f4xx_it.o
    0x080006c0   0x080006c0   0x00000018   Code   RO         1256    i.CAN_Date_Decode   can_receive.o
    0x080006d8   0x080006d8   0x00000034   Code   RO          861    i.CAN_Filter_Init   drv_can.o
    0x0800070c   0x0800070c   0x00000016   Code   RO         1257    i.CAN_MF9025_Decode  can_receive.o
    0x08000722   0x08000722   0x00000002   PAD
    0x08000724   0x08000724   0x0000003c   Code   RO         1260    i.CAN_cmd_chassis   can_receive.o
    0x08000760   0x08000760   0x0000003c   Code   RO         1261    i.CAN_cmd_gimbal_pitch  can_receive.o
    0x0800079c   0x0800079c   0x00000038   Code   RO         1262    i.CAN_cmd_gimbal_yaw  can_receive.o
    0x080007d4   0x080007d4   0x00000018   Code   RO          296    i.CHASSIS_TASK      freertos.o
    0x080007ec   0x080007ec   0x00000068   Code   RO         1005    i.Chassis_Balance   chassis_task.o
    0x08000854   0x08000854   0x000000d8   Code   RO         1006    i.Chassis_GET_Info  chassis_task.o
    0x0800092c   0x0800092c   0x0000000c   Code   RO         1007    i.Chassis_InitPID   chassis_task.o
    0x08000938   0x08000938   0x0000003c   Code   RO         1008    i.Chassis_PID_Set   chassis_task.o
    0x08000974   0x08000974   0x00000014   Code   RO         1009    i.Chassis_Stop      chassis_task.o
    0x08000988   0x08000988   0x00000048   Code   RO         1010    i.Chassis_Task      chassis_task.o
    0x080009d0   0x080009d0   0x0000000c   Code   RO          588    i.DMA1_Stream0_IRQHandler  stm32f4xx_it.o
    0x080009dc   0x080009dc   0x0000000c   Code   RO          589    i.DMA1_Stream1_IRQHandler  stm32f4xx_it.o
    0x080009e8   0x080009e8   0x0000000c   Code   RO          590    i.DMA1_Stream2_IRQHandler  stm32f4xx_it.o
    0x080009f4   0x080009f4   0x0000000c   Code   RO          591    i.DMA1_Stream5_IRQHandler  stm32f4xx_it.o
    0x08000a00   0x08000a00   0x0000000c   Code   RO          592    i.DMA2_Stream1_IRQHandler  stm32f4xx_it.o
    0x08000a0c   0x08000a0c   0x0000000c   Code   RO          593    i.DMA2_Stream2_IRQHandler  stm32f4xx_it.o
    0x08000a18   0x08000a18   0x00000028   Code   RO         3795    i.DMA_CalcBaseAndBitshift  stm32f4xx_hal_dma.o
    0x08000a40   0x08000a40   0x00000054   Code   RO         3796    i.DMA_CheckFifoParam  stm32f4xx_hal_dma.o
    0x08000a94   0x08000a94   0x00000028   Code   RO         3797    i.DMA_SetConfig     stm32f4xx_hal_dma.o
    0x08000abc   0x08000abc   0x00000002   Code   RO          594    i.DebugMon_Handler  stm32f4xx_it.o
    0x08000abe   0x08000abe   0x00000012   Code   RO          826    i.Driver_Init       driver.o
    0x08000ad0   0x08000ad0   0x00000004   Code   RO            4    i.Error_Handler     main.o
    0x08000ad4   0x08000ad4   0x0000001c   Code   RO          297    i.GIMBAL_TASK       freertos.o
    0x08000af0   0x08000af0   0x00000064   Code   RO         1638    i.GIM_PitParamInit  pid.o
    0x08000b54   0x08000b54   0x00000064   Code   RO         1639    i.GIM_YawParamInit  pid.o
    0x08000bb8   0x08000bb8   0x00000024   Code   RO         1640    i.GM_6020_Init      pid.o
    0x08000bdc   0x08000bdc   0x0000002c   Code   RO         1746    i.Get_CRC16_Check_Sum  crc.o
    0x08000c08   0x08000c08   0x0000001c   Code   RO         1747    i.Get_CRC8_Check_Sum  crc.o
    0x08000c24   0x08000c24   0x00000044   Code   RO         1067    i.Gimbal_CanOutPut  gimbal_task.o
    0x08000c68   0x08000c68   0x00000024   Code   RO         1070    i.Gimbal_GET_Info   gimbal_task.o
    0x08000c8c   0x08000c8c   0x0000002a   Code   RO         1071    i.Gimbal_GetOutPut  gimbal_task.o
    0x08000cb6   0x08000cb6   0x00000002   PAD
    0x08000cb8   0x08000cb8   0x00000018   Code   RO         1073    i.Gimbal_InitPID    gimbal_task.o
    0x08000cd0   0x08000cd0   0x000000bc   Code   RO         1074    i.Gimbal_PID_Switch  gimbal_task.o
    0x08000d8c   0x08000d8c   0x0000001c   Code   RO         1075    i.Gimbal_RC_Ctrl    gimbal_task.o
    0x08000da8   0x08000da8   0x00000018   Code   RO         1076    i.Gimbal_Set_PID_type  gimbal_task.o
    0x08000dc0   0x08000dc0   0x00000020   Code   RO         1077    i.Gimbal_Stop       gimbal_task.o
    0x08000de0   0x08000de0   0x00000024   Code   RO         1078    i.Gimbal_Task       gimbal_task.o
    0x08000e04   0x08000e04   0x00000024   Code   RO         3103    i.HAL_CAN_ActivateNotification  stm32f4xx_hal_can.o
    0x08000e28   0x08000e28   0x000000dc   Code   RO         3104    i.HAL_CAN_AddTxMessage  stm32f4xx_hal_can.o
    0x08000f04   0x08000f04   0x0000010c   Code   RO         3105    i.HAL_CAN_ConfigFilter  stm32f4xx_hal_can.o
    0x08001010   0x08001010   0x00000002   Code   RO         3108    i.HAL_CAN_ErrorCallback  stm32f4xx_hal_can.o
    0x08001012   0x08001012   0x000000e8   Code   RO         3111    i.HAL_CAN_GetRxMessage  stm32f4xx_hal_can.o
    0x080010fa   0x080010fa   0x000001fc   Code   RO         3115    i.HAL_CAN_IRQHandler  stm32f4xx_hal_can.o
    0x080012f6   0x080012f6   0x0000011a   Code   RO         3116    i.HAL_CAN_Init      stm32f4xx_hal_can.o
    0x08001410   0x08001410   0x00000100   Code   RO          369    i.HAL_CAN_MspInit   can.o
    0x08001510   0x08001510   0x00000002   Code   RO         3123    i.HAL_CAN_RxFifo0FullCallback  stm32f4xx_hal_can.o
    0x08001512   0x08001512   0x00000002   PAD
    0x08001514   0x08001514   0x000000ec   Code   RO         1265    i.HAL_CAN_RxFifo0MsgPendingCallback  can_receive.o
    0x08001600   0x08001600   0x00000002   Code   RO         3125    i.HAL_CAN_RxFifo1FullCallback  stm32f4xx_hal_can.o
    0x08001602   0x08001602   0x00000002   Code   RO         3126    i.HAL_CAN_RxFifo1MsgPendingCallback  stm32f4xx_hal_can.o
    0x08001604   0x08001604   0x00000002   Code   RO         3127    i.HAL_CAN_SleepCallback  stm32f4xx_hal_can.o
    0x08001606   0x08001606   0x00000002   PAD
    0x08001608   0x08001608   0x00000058   Code   RO         3128    i.HAL_CAN_Start     stm32f4xx_hal_can.o
    0x08001660   0x08001660   0x00000002   Code   RO         3130    i.HAL_CAN_TxMailbox0AbortCallback  stm32f4xx_hal_can.o
    0x08001662   0x08001662   0x00000002   Code   RO         3131    i.HAL_CAN_TxMailbox0CompleteCallback  stm32f4xx_hal_can.o
    0x08001664   0x08001664   0x00000002   Code   RO         3132    i.HAL_CAN_TxMailbox1AbortCallback  stm32f4xx_hal_can.o
    0x08001666   0x08001666   0x00000002   Code   RO         3133    i.HAL_CAN_TxMailbox1CompleteCallback  stm32f4xx_hal_can.o
    0x08001668   0x08001668   0x00000002   Code   RO         3134    i.HAL_CAN_TxMailbox2AbortCallback  stm32f4xx_hal_can.o
    0x0800166a   0x0800166a   0x00000002   Code   RO         3135    i.HAL_CAN_TxMailbox2CompleteCallback  stm32f4xx_hal_can.o
    0x0800166c   0x0800166c   0x00000002   Code   RO         3137    i.HAL_CAN_WakeUpFromRxMsgCallback  stm32f4xx_hal_can.o
    0x0800166e   0x0800166e   0x00000092   Code   RO         3798    i.HAL_DMA_Abort     stm32f4xx_hal_dma.o
    0x08001700   0x08001700   0x00000024   Code   RO         3799    i.HAL_DMA_Abort_IT  stm32f4xx_hal_dma.o
    0x08001724   0x08001724   0x000001a0   Code   RO         3803    i.HAL_DMA_IRQHandler  stm32f4xx_hal_dma.o
    0x080018c4   0x080018c4   0x000000d4   Code   RO         3804    i.HAL_DMA_Init      stm32f4xx_hal_dma.o
    0x08001998   0x08001998   0x0000006e   Code   RO         3808    i.HAL_DMA_Start_IT  stm32f4xx_hal_dma.o
    0x08001a06   0x08001a06   0x00000002   PAD
    0x08001a08   0x08001a08   0x000001f0   Code   RO         3691    i.HAL_GPIO_Init     stm32f4xx_hal_gpio.o
    0x08001bf8   0x08001bf8   0x0000000c   Code   RO         4223    i.HAL_GetTick       stm32f4xx_hal.o
    0x08001c04   0x08001c04   0x00000010   Code   RO         4229    i.HAL_IncTick       stm32f4xx_hal.o
    0x08001c14   0x08001c14   0x00000034   Code   RO         4230    i.HAL_Init          stm32f4xx_hal.o
    0x08001c48   0x08001c48   0x00000098   Code   RO          763    i.HAL_InitTick      stm32f4xx_hal_timebase_tim.o
    0x08001ce0   0x08001ce0   0x00000038   Code   RO          739    i.HAL_MspInit       stm32f4xx_hal_msp.o
    0x08001d18   0x08001d18   0x0000001a   Code   RO         4080    i.HAL_NVIC_EnableIRQ  stm32f4xx_hal_cortex.o
    0x08001d32   0x08001d32   0x00000002   PAD
    0x08001d34   0x08001d34   0x00000040   Code   RO         4086    i.HAL_NVIC_SetPriority  stm32f4xx_hal_cortex.o
    0x08001d74   0x08001d74   0x00000024   Code   RO         4087    i.HAL_NVIC_SetPriorityGrouping  stm32f4xx_hal_cortex.o
    0x08001d98   0x08001d98   0x00000134   Code   RO         3337    i.HAL_RCC_ClockConfig  stm32f4xx_hal_rcc.o
    0x08001ecc   0x08001ecc   0x00000040   Code   RO         3341    i.HAL_RCC_GetClockConfig  stm32f4xx_hal_rcc.o
    0x08001f0c   0x08001f0c   0x00000020   Code   RO         3344    i.HAL_RCC_GetPCLK1Freq  stm32f4xx_hal_rcc.o
    0x08001f2c   0x08001f2c   0x00000020   Code   RO         3345    i.HAL_RCC_GetPCLK2Freq  stm32f4xx_hal_rcc.o
    0x08001f4c   0x08001f4c   0x00000064   Code   RO         3346    i.HAL_RCC_GetSysClockFreq  stm32f4xx_hal_rcc.o
    0x08001fb0   0x08001fb0   0x0000036c   Code   RO         3349    i.HAL_RCC_OscConfig  stm32f4xx_hal_rcc.o
    0x0800231c   0x0800231c   0x00000002   Code   RO         5174    i.HAL_TIMEx_BreakCallback  stm32f4xx_hal_tim_ex.o
    0x0800231e   0x0800231e   0x00000002   Code   RO         5175    i.HAL_TIMEx_CommutCallback  stm32f4xx_hal_tim_ex.o
    0x08002320   0x08002320   0x00000054   Code   RO         5177    i.HAL_TIMEx_ConfigBreakDeadTime  stm32f4xx_hal_tim_ex.o
    0x08002374   0x08002374   0x00000090   Code   RO         5193    i.HAL_TIMEx_MasterConfigSynchronization  stm32f4xx_hal_tim_ex.o
    0x08002404   0x08002404   0x0000005a   Code   RO         4470    i.HAL_TIM_Base_Init  stm32f4xx_hal_tim.o
    0x0800245e   0x0800245e   0x00000002   PAD
    0x08002460   0x08002460   0x00000038   Code   RO          442    i.HAL_TIM_Base_MspInit  tim.o
    0x08002498   0x08002498   0x00000080   Code   RO         4475    i.HAL_TIM_Base_Start_IT  stm32f4xx_hal_tim.o
    0x08002518   0x08002518   0x000000dc   Code   RO         4479    i.HAL_TIM_ConfigClockSource  stm32f4xx_hal_tim.o
    0x080025f4   0x080025f4   0x00000002   Code   RO         4500    i.HAL_TIM_ErrorCallback  stm32f4xx_hal_tim.o
    0x080025f6   0x080025f6   0x00000002   Code   RO         4504    i.HAL_TIM_IC_CaptureCallback  stm32f4xx_hal_tim.o
    0x080025f8   0x080025f8   0x00000166   Code   RO         4518    i.HAL_TIM_IRQHandler  stm32f4xx_hal_tim.o
    0x0800275e   0x0800275e   0x00000002   PAD
    0x08002760   0x08002760   0x00000084   Code   RO          443    i.HAL_TIM_MspPostInit  tim.o
    0x080027e4   0x080027e4   0x00000002   Code   RO         4521    i.HAL_TIM_OC_DelayElapsedCallback  stm32f4xx_hal_tim.o
    0x080027e6   0x080027e6   0x000000cc   Code   RO         4542    i.HAL_TIM_PWM_ConfigChannel  stm32f4xx_hal_tim.o
    0x080028b2   0x080028b2   0x0000005a   Code   RO         4545    i.HAL_TIM_PWM_Init  stm32f4xx_hal_tim.o
    0x0800290c   0x0800290c   0x00000098   Code   RO          445    i.HAL_TIM_PWM_MspInit  tim.o
    0x080029a4   0x080029a4   0x0000000c   Code   RO          941    i.HAL_TIM_PWM_PulseFinishedCallback  system_task.o
    0x080029b0   0x080029b0   0x00000002   Code   RO         4549    i.HAL_TIM_PWM_PulseFinishedHalfCpltCallback  stm32f4xx_hal_tim.o
    0x080029b2   0x080029b2   0x00000002   PAD
    0x080029b4   0x080029b4   0x000001bc   Code   RO         4551    i.HAL_TIM_PWM_Start_DMA  stm32f4xx_hal_tim.o
    0x08002b70   0x08002b70   0x000000cc   Code   RO         4554    i.HAL_TIM_PWM_Stop_DMA  stm32f4xx_hal_tim.o
    0x08002c3c   0x08002c3c   0x00000014   Code   RO            5    i.HAL_TIM_PeriodElapsedCallback  main.o
    0x08002c50   0x08002c50   0x00000002   Code   RO         4561    i.HAL_TIM_TriggerCallback  stm32f4xx_hal_tim.o
    0x08002c52   0x08002c52   0x00000002   Code   RO         5452    i.HAL_UARTEx_RxEventCallback  stm32f4xx_hal_uart.o
    0x08002c54   0x08002c54   0x00000070   Code   RO         5464    i.HAL_UART_DMAStop  stm32f4xx_hal_uart.o
    0x08002cc4   0x08002cc4   0x00000002   Code   RO         5466    i.HAL_UART_ErrorCallback  stm32f4xx_hal_uart.o
    0x08002cc6   0x08002cc6   0x00000002   PAD
    0x08002cc8   0x08002cc8   0x00000268   Code   RO         5469    i.HAL_UART_IRQHandler  stm32f4xx_hal_uart.o
    0x08002f30   0x08002f30   0x00000062   Code   RO         5470    i.HAL_UART_Init     stm32f4xx_hal_uart.o
    0x08002f92   0x08002f92   0x00000002   PAD
    0x08002f94   0x08002f94   0x00000350   Code   RO          514    i.HAL_UART_MspInit  usart.o
    0x080032e4   0x080032e4   0x0000002a   Code   RO         5474    i.HAL_UART_Receive_DMA  stm32f4xx_hal_uart.o
    0x0800330e   0x0800330e   0x00000002   Code   RO         5476    i.HAL_UART_RxCpltCallback  stm32f4xx_hal_uart.o
    0x08003310   0x08003310   0x00000002   Code   RO         5477    i.HAL_UART_RxHalfCpltCallback  stm32f4xx_hal_uart.o
    0x08003312   0x08003312   0x00000002   Code   RO         5481    i.HAL_UART_TxCpltCallback  stm32f4xx_hal_uart.o
    0x08003314   0x08003314   0x00000002   Code   RO          595    i.HardFault_Handler  stm32f4xx_it.o
    0x08003316   0x08003316   0x00000002   PAD
    0x08003318   0x08003318   0x0000001c   Code   RO         1420    i.IMU_Check         hi229.o
    0x08003334   0x08003334   0x00000018   Code   RO         1079    i.IMU_Data_Report   gimbal_task.o
    0x0800334c   0x0800334c   0x00000018   Code   RO         1421    i.IMU_Init          hi229.o
    0x08003364   0x08003364   0x00000028   Code   RO         1080    i.IMU_PitData_Report  gimbal_task.o
    0x0800338c   0x0800338c   0x00000010   Code   RO         1422    i.IMU_State_Report  hi229.o
    0x0800339c   0x0800339c   0x00000028   Code   RO         1081    i.IMU_YawData_Report  gimbal_task.o
    0x080033c4   0x080033c4   0x00000018   Code   RO         1423    i.IMU_get           hi229.o
    0x080033dc   0x080033dc   0x0000017c   Code   RO         1593    i.Judege_read_data  referee.o
    0x08003558   0x08003558   0x00000028   Code   RO         1424    i.Judge_IMU_Lost    hi229.o
    0x08003580   0x08003580   0x00000060   Code   RO         1365    i.Judge_RC_DataErr  remote_control.o
    0x080035e0   0x080035e0   0x00000028   Code   RO         1366    i.Judge_RC_Lost     remote_control.o
    0x08003608   0x08003608   0x0000002c   Code   RO         1641    i.MF_9025_Init      pid.o
    0x08003634   0x08003634   0x0000001c   Code   RO         1642    i.MF_9028_Balance_Kd  pid.o
    0x08003650   0x08003650   0x00000020   Code   RO         1643    i.MF_9028_Balance_Kp  pid.o
    0x08003670   0x08003670   0x00000028   Code   RO         1644    i.MF_9028_Chasssis_OUT  pid.o
    0x08003698   0x08003698   0x00000048   Code   RO          370    i.MX_CAN1_Init      can.o
    0x080036e0   0x080036e0   0x00000048   Code   RO          371    i.MX_CAN2_Init      can.o
    0x08003728   0x08003728   0x0000008c   Code   RO          417    i.MX_DMA_Init       dma.o
    0x080037b4   0x080037b4   0x00000068   Code   RO          298    i.MX_FREERTOS_Init  freertos.o
    0x0800381c   0x0800381c   0x0000005c   Code   RO          272    i.MX_GPIO_Init      gpio.o
    0x08003878   0x08003878   0x000000a0   Code   RO          446    i.MX_TIM1_Init      tim.o
    0x08003918   0x08003918   0x00000064   Code   RO          447    i.MX_TIM2_Init      tim.o
    0x0800397c   0x0800397c   0x000000a0   Code   RO          448    i.MX_TIM8_Init      tim.o
    0x08003a1c   0x08003a1c   0x00000038   Code   RO          515    i.MX_UART4_Init     usart.o
    0x08003a54   0x08003a54   0x00000038   Code   RO          516    i.MX_UART5_Init     usart.o
    0x08003a8c   0x08003a8c   0x00000038   Code   RO          517    i.MX_USART1_UART_Init  usart.o
    0x08003ac4   0x08003ac4   0x00000044   Code   RO          518    i.MX_USART2_UART_Init  usart.o
    0x08003b08   0x08003b08   0x00000038   Code   RO          519    i.MX_USART3_UART_Init  usart.o
    0x08003b40   0x08003b40   0x00000038   Code   RO          520    i.MX_USART6_UART_Init  usart.o
    0x08003b78   0x08003b78   0x00000002   Code   RO          596    i.MemManage_Handler  stm32f4xx_it.o
    0x08003b7a   0x08003b7a   0x0000000e   Code   RO         1645    i.Motor_Init        pid.o
    0x08003b88   0x08003b88   0x00000002   Code   RO          597    i.NMI_Handler       stm32f4xx_it.o
    0x08003b8a   0x08003b8a   0x00000002   PAD
    0x08003b8c   0x08003b8c   0x00000134   Code   RO         1425    i.OnDataReceived    hi229.o
    0x08003cc0   0x08003cc0   0x0000016a   Code   RO         1647    i.PID_Position      pid.o
    0x08003e2a   0x08003e2a   0x00000002   PAD
    0x08003e2c   0x08003e2c   0x00000030   Code   RO         1082    i.PITCH_Angle_Limit  gimbal_task.o
    0x08003e5c   0x08003e5c   0x000000ec   Code   RO         1530    i.Packet_Decode     packet.o
    0x08003f48   0x08003f48   0x00000018   Code   RO         1531    i.Packet_DecodeInit  packet.o
    0x08003f60   0x08003f60   0x00000024   Code   RO         1367    i.RC_Check          remote_control.o
    0x08003f84   0x08003f84   0x00000044   Code   RO         1083    i.RC_Ctrl_PITCH     gimbal_task.o
    0x08003fc8   0x08003fc8   0x00000048   Code   RO         1084    i.RC_Ctrl_YAW       gimbal_task.o
    0x08004010   0x08004010   0x00000060   Code   RO          894    i.RC_Init           drv_usart.o
    0x08004070   0x08004070   0x00000010   Code   RO         1368    i.RC_State_Report   remote_control.o
    0x08004080   0x08004080   0x00000010   Code   RO          895    i.Remote_Control_Init  drv_usart.o
    0x08004090   0x08004090   0x00000018   Code   RO          299    i.SYSTEM_STATE_TASK  freertos.o
    0x080040a8   0x080040a8   0x00000008   Code   RO          300    i.StartDefaultTask  freertos.o
    0x080040b0   0x080040b0   0x000000b8   Code   RO          942    i.State_LED         system_task.o
    0x08004168   0x08004168   0x0000002c   Code   RO         3023    i.SysTick_Handler   port.o
    0x08004194   0x08004194   0x00000098   Code   RO            6    i.SystemClock_Config  main.o
    0x0800422c   0x0800422c   0x00000010   Code   RO         5799    i.SystemInit        system_stm32f4xx.o
    0x0800423c   0x0800423c   0x0000002c   Code   RO          943    i.System_State      system_task.o
    0x08004268   0x08004268   0x0000000c   Code   RO          598    i.TIM2_IRQHandler   stm32f4xx_it.o
    0x08004274   0x08004274   0x0000001c   Code   RO          599    i.TIM8_TRG_COM_TIM14_IRQHandler  stm32f4xx_it.o
    0x08004290   0x08004290   0x000000c8   Code   RO         4563    i.TIM_Base_SetConfig  stm32f4xx_hal_tim.o
    0x08004358   0x08004358   0x0000001a   Code   RO         4564    i.TIM_CCxChannelCmd  stm32f4xx_hal_tim.o
    0x08004372   0x08004372   0x0000005e   Code   RO         4567    i.TIM_DMADelayPulseCplt  stm32f4xx_hal_tim.o
    0x080043d0   0x080043d0   0x00000038   Code   RO         4568    i.TIM_DMADelayPulseHalfCplt  stm32f4xx_hal_tim.o
    0x08004408   0x08004408   0x00000054   Code   RO         4569    i.TIM_DMAError      stm32f4xx_hal_tim.o
    0x0800445c   0x0800445c   0x00000014   Code   RO         4574    i.TIM_ETR_SetConfig  stm32f4xx_hal_tim.o
    0x08004470   0x08004470   0x00000010   Code   RO         4575    i.TIM_ITRx_SetConfig  stm32f4xx_hal_tim.o
    0x08004480   0x08004480   0x00000060   Code   RO         4576    i.TIM_OC1_SetConfig  stm32f4xx_hal_tim.o
    0x080044e0   0x080044e0   0x0000006c   Code   RO         4577    i.TIM_OC2_SetConfig  stm32f4xx_hal_tim.o
    0x0800454c   0x0800454c   0x00000068   Code   RO         4578    i.TIM_OC3_SetConfig  stm32f4xx_hal_tim.o
    0x080045b4   0x080045b4   0x00000050   Code   RO         4579    i.TIM_OC4_SetConfig  stm32f4xx_hal_tim.o
    0x08004604   0x08004604   0x00000022   Code   RO         4581    i.TIM_TI1_ConfigInputStage  stm32f4xx_hal_tim.o
    0x08004626   0x08004626   0x00000024   Code   RO         4583    i.TIM_TI2_ConfigInputStage  stm32f4xx_hal_tim.o
    0x0800464a   0x0800464a   0x00000002   PAD
    0x0800464c   0x0800464c   0x0000001c   Code   RO          944    i.Time_Init         system_task.o
    0x08004668   0x08004668   0x00000018   Code   RO          600    i.UART4_IRQHandler  stm32f4xx_it.o
    0x08004680   0x08004680   0x00000018   Code   RO          601    i.UART5_IRQHandler  stm32f4xx_it.o
    0x08004698   0x08004698   0x00000010   Code   RO         5483    i.UART_DMAAbortOnError  stm32f4xx_hal_uart.o
    0x080046a8   0x080046a8   0x0000004a   Code   RO         5484    i.UART_DMAError     stm32f4xx_hal_uart.o
    0x080046f2   0x080046f2   0x00000082   Code   RO         5485    i.UART_DMAReceiveCplt  stm32f4xx_hal_uart.o
    0x08004774   0x08004774   0x0000001a   Code   RO         5487    i.UART_DMARxHalfCplt  stm32f4xx_hal_uart.o
    0x0800478e   0x0800478e   0x0000004e   Code   RO         5493    i.UART_EndRxTransfer  stm32f4xx_hal_uart.o
    0x080047dc   0x080047dc   0x0000001c   Code   RO         5494    i.UART_EndTxTransfer  stm32f4xx_hal_uart.o
    0x080047f8   0x080047f8   0x00000188   Code   RO          896    i.UART_IRQHandler_IT  drv_usart.o
    0x08004980   0x08004980   0x000000c0   Code   RO         5495    i.UART_Receive_IT   stm32f4xx_hal_uart.o
    0x08004a40   0x08004a40   0x0000010c   Code   RO         5496    i.UART_SetConfig    stm32f4xx_hal_uart.o
    0x08004b4c   0x08004b4c   0x00000094   Code   RO         5497    i.UART_Start_Receive_DMA  stm32f4xx_hal_uart.o
    0x08004be0   0x08004be0   0x00000018   Code   RO          602    i.USART1_IRQHandler  stm32f4xx_it.o
    0x08004bf8   0x08004bf8   0x00000018   Code   RO          603    i.USART2_IRQHandler  stm32f4xx_it.o
    0x08004c10   0x08004c10   0x0000000c   Code   RO          604    i.USART3_IRQHandler  stm32f4xx_it.o
    0x08004c1c   0x08004c1c   0x0000000c   Code   RO          605    i.USART6_IRQHandler  stm32f4xx_it.o
    0x08004c28   0x08004c28   0x0000005c   Code   RO          897    i.USART_Init        drv_usart.o
    0x08004c84   0x08004c84   0x00000002   Code   RO          606    i.UsageFault_Handler  stm32f4xx_it.o
    0x08004c86   0x08004c86   0x00000002   PAD
    0x08004c88   0x08004c88   0x0000003c   Code   RO         1748    i.Verify_CRC16_Check_Sum  crc.o
    0x08004cc4   0x08004cc4   0x00000026   Code   RO         1749    i.Verify_CRC8_Check_Sum  crc.o
    0x08004cea   0x08004cea   0x00000002   PAD
    0x08004cec   0x08004cec   0x00000054   Code   RO         1085    i.YAW_Angle_Over_Zero  gimbal_task.o
    0x08004d40   0x08004d40   0x00000020   Code   RO         4093    i.__NVIC_SetPriority  stm32f4xx_hal_cortex.o
    0x08004d60   0x08004d60   0x00000020   Code   RO         1648    i.anti_constrain    pid.o
    0x08004d80   0x08004d80   0x00000026   Code   RO         1266    i.capacitance_date  can_receive.o
    0x08004da6   0x08004da6   0x0000002e   Code   RO         1533    i.crc16_update      packet.o
    0x08004dd4   0x08004dd4   0x00000010   Code   RO         1426    i.get_eular         hi229.o
    0x08004de4   0x08004de4   0x00000014   Code   RO         1430    i.get_raw_gyo       hi229.o
    0x08004df8   0x08004df8   0x00000056   Code   RO            7    i.main              main.o
    0x08004e4e   0x08004e4e   0x0000000c   Code   RO         2588    i.makeFreeRtosPriority  cmsis_os.o
    0x08004e5a   0x08004e5a   0x00000044   Code   RO          802    i.micros            system.o
    0x08004e9e   0x08004e9e   0x0000000e   Code   RO         2590    i.osDelay           cmsis_os.o
    0x08004eac   0x08004eac   0x0000000a   Code   RO         2593    i.osKernelStart     cmsis_os.o
    0x08004eb6   0x08004eb6   0x00000054   Code   RO         2627    i.osThreadCreate    cmsis_os.o
    0x08004f0a   0x08004f0a   0x00000002   PAD
    0x08004f0c   0x08004f0c   0x00000070   Code   RO         2264    i.prvAddCurrentTaskToDelayedList  tasks.o
    0x08004f7c   0x08004f7c   0x000000d0   Code   RO         2265    i.prvAddNewTaskToReadyList  tasks.o
    0x0800504c   0x0800504c   0x00000034   Code   RO         2266    i.prvDeleteTCB      tasks.o
    0x08005080   0x08005080   0x0000004c   Code   RO         2955    i.prvHeapInit       heap_4.o
    0x080050cc   0x080050cc   0x00000060   Code   RO         2267    i.prvIdleTask       tasks.o
    0x0800512c   0x0800512c   0x00000098   Code   RO         2268    i.prvInitialiseNewTask  tasks.o
    0x080051c4   0x080051c4   0x0000004c   Code   RO         2956    i.prvInsertBlockIntoFreeList  heap_4.o
    0x08005210   0x08005210   0x00000020   Code   RO         2269    i.prvResetNextTaskUnblockTime  tasks.o
    0x08005230   0x08005230   0x00000028   Code   RO         3024    i.prvTaskExitError  port.o
    0x08005258   0x08005258   0x000000dc   Code   RO         2957    i.pvPortMalloc      heap_4.o
    0x08005334   0x08005334   0x0000002c   Code   RO         3025    i.pxPortInitialiseStack  port.o
    0x08005360   0x08005360   0x000000d2   Code   RO         1369    i.sbus_to_rc        remote_control.o
    0x08005432   0x08005432   0x00000026   Code   RO         1906    i.uxListRemove      list.o
    0x08005458   0x08005458   0x00000014   Code   RO          301    i.vApplicationGetIdleTaskMemory  freertos.o
    0x0800546c   0x0800546c   0x00000016   Code   RO         1907    i.vListInitialise   list.o
    0x08005482   0x08005482   0x00000006   Code   RO         1908    i.vListInitialiseItem  list.o
    0x08005488   0x08005488   0x00000030   Code   RO         1909    i.vListInsert       list.o
    0x080054b8   0x080054b8   0x00000018   Code   RO         1910    i.vListInsertEnd    list.o
    0x080054d0   0x080054d0   0x00000040   Code   RO         3027    i.vPortEnterCritical  port.o
    0x08005510   0x08005510   0x00000028   Code   RO         3028    i.vPortExitCritical  port.o
    0x08005538   0x08005538   0x00000064   Code   RO         2958    i.vPortFree         heap_4.o
    0x0800559c   0x0800559c   0x00000024   Code   RO         3029    i.vPortSetupTimerInterrupt  port.o
    0x080055c0   0x080055c0   0x0000004c   Code   RO         2278    i.vTaskDelay        tasks.o
    0x0800560c   0x0800560c   0x0000008c   Code   RO         2279    i.vTaskDelayUntil   tasks.o
    0x08005698   0x08005698   0x0000006c   Code   RO         2292    i.vTaskStartScheduler  tasks.o
    0x08005704   0x08005704   0x00000010   Code   RO         2294    i.vTaskSuspendAll   tasks.o
    0x08005714   0x08005714   0x0000005c   Code   RO         2295    i.vTaskSwitchContext  tasks.o
    0x08005770   0x08005770   0x00000054   Code   RO          946    i.ws2812_set_RGB    system_task.o
    0x080057c4   0x080057c4   0x000000f4   Code   RO         3031    i.xPortStartScheduler  port.o
    0x080058b8   0x080058b8   0x0000005a   Code   RO         2298    i.xTaskCreate       tasks.o
    0x08005912   0x08005912   0x00000056   Code   RO         2299    i.xTaskCreateStatic  tasks.o
    0x08005968   0x08005968   0x0000000c   Code   RO         2304    i.xTaskGetTickCount  tasks.o
    0x08005974   0x08005974   0x000000cc   Code   RO         2306    i.xTaskIncrementTick  tasks.o
    0x08005a40   0x08005a40   0x000000c4   Code   RO         2312    i.xTaskResumeAll    tasks.o
    0x08005b04   0x08005b04   0x0000000a   Code   RO         5965    x$fpl$fpinit        fz_wm.l(fpinit.o)
    0x08005b0e   0x08005b0e   0x00000002   PAD
    0x08005b10   0x08005b10   0x00000070   Data   RO          303    .constdata          freertos.o
    0x08005b80   0x08005b80   0x00000300   Data   RO         1751    .constdata          crc.o
    0x08005e80   0x08005e80   0x00000008   Data   RO         3810    .constdata          stm32f4xx_hal_dma.o
    0x08005e88   0x08005e88   0x00000010   Data   RO         5800    .constdata          system_stm32f4xx.o
    0x08005e98   0x08005e98   0x00000008   Data   RO         5801    .constdata          system_stm32f4xx.o
    0x08005ea0   0x08005ea0   0x00000035   Data   RO          304    .conststring        freertos.o
    0x08005ed5   0x08005ed5   0x00000003   PAD
    0x08005ed8   0x08005ed8   0x00000020   Data   RO         6023    Region$$Table       anon$$obj.o


    Execution Region RW_IRAM1 (Exec base: 0x20000000, Load base: 0x08005ef8, Size: 0x00005930, Max: 0x0001c000, ABSOLUTE, COMPRESSED[0x00000064])

    Exec Addr    Load Addr    Size         Type   Attr      Idx    E Section Name        Object

    0x20000000   COMPRESSED   0x00000010   Data   RW          306    .data               freertos.o
    0x20000010   COMPRESSED   0x00000004   Data   RW          373    .data               can.o
    0x20000014   COMPRESSED   0x00000002   Data   RW          900    .data               drv_usart.o
    0x20000016   COMPRESSED   0x00000002   PAD
    0x20000018   COMPRESSED   0x00000018   Data   RW          948    .data               system_task.o
    0x20000030   COMPRESSED   0x00000250   Data   RW         1011    .data               chassis_task.o
    0x20000280   COMPRESSED   0x000001a8   Data   RW         1086    .data               gimbal_task.o
    0x20000428   COMPRESSED   0x00000218   Data   RW         1197    .data               shoot_task.o
    0x20000640   COMPRESSED   0x00000032   Data   RW         1268    .data               can_receive.o
    0x20000672   COMPRESSED   0x00000003   Data   RW         1371    .data               remote_control.o
    0x20000675   COMPRESSED   0x00000001   PAD
    0x20000676   COMPRESSED   0x00000016   Data   RW         1433    .data               hi229.o
    0x2000068c   COMPRESSED   0x00000014   Data   RW         1534    .data               packet.o
    0x200006a0   COMPRESSED   0x00000001   Data   RW         1595    .data               referee.o
    0x200006a1   COMPRESSED   0x0000000c   Data   RW         1650    .data               pid.o
    0x200006ad   COMPRESSED   0x0000000c   Data   RW         1651    .data               pid.o
    0x200006b9   COMPRESSED   0x0000000c   Data   RW         1652    .data               pid.o
    0x200006c5   COMPRESSED   0x000000d8   Data   RW         1653    .data               pid.o
    0x2000079d   COMPRESSED   0x000000d8   Data   RW         1654    .data               pid.o
    0x20000875   COMPRESSED   0x00000001   PAD
    0x20000876   COMPRESSED   0x00000002   Data   RW         1752    .data               crc.o
    0x20000878   COMPRESSED   0x0000003c   Data   RW         2315    .data               tasks.o
    0x200008b4   COMPRESSED   0x00000020   Data   RW         2964    .data               heap_4.o
    0x200008d4   COMPRESSED   0x0000000c   Data   RW         3032    .data               port.o
    0x200008e0   COMPRESSED   0x0000000c   Data   RW         4237    .data               stm32f4xx_hal.o
    0x200008ec   COMPRESSED   0x00000004   Data   RW         5802    .data               system_stm32f4xx.o
    0x200008f0        -       0x00000254   Zero   RW          302    .bss                freertos.o
    0x20000b44        -       0x00000050   Zero   RW          372    .bss                can.o
    0x20000b94        -       0x00000138   Zero   RW          449    .bss                tim.o
    0x20000ccc        -       0x00000378   Zero   RW          521    .bss                usart.o
    0x20001044        -       0x00000048   Zero   RW          766    .bss                stm32f4xx_hal_timebase_tim.o
    0x2000108c        -       0x0000019d   Zero   RW          898    .bss                drv_usart.o
    0x20001229   COMPRESSED   0x00000001   PAD
    0x2000122a        -       0x000001c0   Zero   RW          947    .bss                system_task.o
    0x200013ea   COMPRESSED   0x00000002   PAD
    0x200013ec        -       0x0000008c   Zero   RW         1267    .bss                can_receive.o
    0x20001478        -       0x00000016   Zero   RW         1370    .bss                remote_control.o
    0x2000148e   COMPRESSED   0x00000002   PAD
    0x20001490        -       0x000000bc   Zero   RW         1432    .bss                hi229.o
    0x2000154c        -       0x00000090   Zero   RW         1594    .bss                referee.o
    0x200015dc        -       0x000000f0   Zero   RW         2314    .bss                tasks.o
    0x200016cc        -       0x00003c00   Zero   RW         2963    .bss                heap_4.o
    0x200052cc        -       0x00000060   Zero   RW         5895    .bss                c_w.l(libspace.o)
    0x2000532c   COMPRESSED   0x00000004   PAD
    0x20005330        -       0x00000200   Zero   RW         5834    HEAP                startup_stm32f405xx.o
    0x20005530        -       0x00000400   Zero   RW         5833    STACK               startup_stm32f405xx.o


    Execution Region RW_IRAM2 (Exec base: 0x2001c000, Load base: 0x08005f5c, Size: 0x00000000, Max: 0x00004000, ABSOLUTE)

    **** No section assigned to this execution region ****


==============================================================================

Image component sizes


      Code (inc. data)   RO Data    RW Data    ZI Data      Debug   Object Name

       400         44          0          4         80       2514   can.o
       496         82          0         50        140       8691   can_receive.o
       484         74          0        592          0       4765   chassis_task.o
       120          0          0          0          0      23365   cmsis_os.o
       170         16        768          2          0       3751   crc.o
       140          4          0          0          0        862   dma.o
        18          0          0          0          0        498   driver.o
       140         20          0          0          0       1964   drv_can.o
       596         76          0          2        413       3699   drv_usart.o
         0          0          0          0          0      16948   event_groups.o
       208         12        165         16        596       4487   freertos.o
       854        104          0        424          0      10411   gimbal_task.o
        92          6          0          0          0        919   gpio.o
       472         24          0         32      15360       7463   heap_4.o
       476         52          0         22        188       4992   hi229.o
       138          0          0          0          0       3586   list.o
       262         16          0          0          0     691364   main.o
       306         18          0         20          0       2932   packet.o
       788        112          0        468          0       9695   pid.o
       702         72          0         12          0      11040   port.o
       380         16          0          1        144       8131   referee.o
       398         22          0          3         22       5663   remote_control.o
         0          0          0        536          0        800   shoot_task.o
        64         26        392          0       1536        816   startup_stm32f405xx.o
        80         14          0         12          0       8114   stm32f4xx_hal.o
      1658          6          0          0          0      14367   stm32f4xx_hal_can.o
       158         14          0          0          0      33198   stm32f4xx_hal_cortex.o
      1084         16          8          0          0       7394   stm32f4xx_hal_dma.o
       496         46          0          0          0       1540   stm32f4xx_hal_gpio.o
        56          4          0          0          0        878   stm32f4xx_hal_msp.o
      1412         86          0          0          0       5929   stm32f4xx_hal_rcc.o
      2702        156          0          0          0      20486   stm32f4xx_hal_tim.o
       232         28          0          0          0       3297   stm32f4xx_hal_tim_ex.o
       152         20          0          0         72       1496   stm32f4xx_hal_timebase_tim.o
      1838         30          0          0          0      13933   stm32f4xx_hal_uart.o
       268        100          0          0          0      10721   stm32f4xx_it.o
        68          0          0          0          0       1057   system.o
        16          4         24          4          0       1139   system_stm32f4xx.o
       352         30          0         24        448       4482   system_task.o
      1672        126          0         60        240      21300   tasks.o
       760         72          0          0        312       4670   tim.o
      1196        114          0          0        888       5708   usart.o

    ----------------------------------------------------------------------
     21942       1662       1392       2288      20444     989065   Object Totals
         0          0         32          0          0          0   (incl. Generated)
        38          0          3          4          5          0   (incl. Padding)

    ----------------------------------------------------------------------

      Code (inc. data)   RO Data    RW Data    ZI Data      Debug   Library Member Name

        90          0          0          0          0          0   __dczerorl2.o
         8          0          0          0          0         68   __main.o
         0          0          0          0          0          0   __rtentry.o
        12          0          0          0          0          0   __rtentry2.o
         6          0          0          0          0          0   __rtentry4.o
        52          8          0          0          0          0   __scatter.o
        28          0          0          0          0          0   __scatter_zi.o
        18          0          0          0          0         80   exit.o
         6          0          0          0          0        152   heapauxi.o
         0          0          0          0          0          0   indicate_semi.o
         2          0          0          0          0          0   libinit.o
         6          0          0          0          0          0   libinit2.o
         2          0          0          0          0          0   libshutdown.o
         2          0          0          0          0          0   libshutdown2.o
         8          4          0          0         96         68   libspace.o
       238          0          0          0          0        100   lludivv7m.o
        68          0          0          0          0         68   rt_memclr.o
        78          0          0          0          0         80   rt_memclr_w.o
       138          0          0          0          0         68   rt_memcpy_v6.o
       100          0          0          0          0         80   rt_memcpy_w.o
         2          0          0          0          0          0   rtexit.o
        10          0          0          0          0          0   rtexit2.o
        12          4          0          0          0         68   sys_exit.o
        74          0          0          0          0         80   sys_stackheap_outer.o
         2          0          0          0          0         68   use_no_semi.o
        10          0          0          0          0        116   fpinit.o

    ----------------------------------------------------------------------
       978         16          0          0        100       1096   Library Totals
         6          0          0          0          4          0   (incl. Padding)

    ----------------------------------------------------------------------

      Code (inc. data)   RO Data    RW Data    ZI Data      Debug   Library Name

       962         16          0          0         96        980   c_w.l
        10          0          0          0          0        116   fz_wm.l

    ----------------------------------------------------------------------
       978         16          0          0        100       1096   Library Totals

    ----------------------------------------------------------------------

==============================================================================


      Code (inc. data)   RO Data    RW Data    ZI Data      Debug   

     22920       1678       1392       2288      20544     966345   Grand Totals
     22920       1678       1392        100      20544     966345   ELF Image Totals (compressed)
     22920       1678       1392        100          0          0   ROM Totals

==============================================================================

    Total RO  Size (Code + RO Data)                24312 (  23.74kB)
    Total RW  Size (RW Data + ZI Data)             22832 (  22.30kB)
    Total ROM Size (Code + RO Data + RW Data)      24412 (  23.84kB)

==============================================================================

